#
# There is insufficient memory for the Java Runtime Environment to continue.
# Native memory allocation (mmap) failed to map 261095424 bytes. Error detail: G1 virtual space
# Possible reasons:
#   The system is out of physical RAM or swap space
#   This process is running with CompressedOops enabled, and the Java Heap may be blocking the growth of the native heap
# Possible solutions:
#   Reduce memory load on the system
#   Increase physical memory or swap space
#   Check if swap backing store is full
#   Decrease Java heap size (-Xmx/-Xms)
#   Decrease number of Java threads
#   Decrease Java thread stack sizes (-Xss)
#   Set larger code cache with -XX:ReservedCodeCacheSize=
#   JVM is running with Unscaled Compressed Oops mode in which the Java heap is
#     placed in the first 4GB address space. The Java Heap base address is the
#     maximum limit for the native heap growth. Please use -XX:HeapBaseMinAddress
#     to set the Java Heap base and to place the Java Heap above 4GB virtual address.
# This output file may be truncated or incomplete.
#
#  Out of Memory Error (os_windows.cpp:3713), pid=28012, tid=28608
#
# JRE version: OpenJDK Runtime Environment Temurin-21.0.9+10 (21.0.9+10) (build 21.0.9+10-LTS)
# Java VM: OpenJDK 64-Bit Server VM Temurin-21.0.9+10 (21.0.9+10-LTS, mixed mode, emulated-client, sharing, tiered, compressed oops, compressed class ptrs, g1 gc, windows-amd64)
# No core dump will be written. Minidumps are not enabled by default on client versions of Windows
#

---------------  S U M M A R Y ------------

Command Line: -Dsts.lsp.client=vscode -Dsts.log.file=/dev/null -XX:TieredStopAtLevel=1 -Xlog:jni+resolve=off -Dspring.config.location=file:c:\Users\Glymin Terra Selasi\.trae\extensions\pivotal.vscode-spring-boot-1.43.0-universal\language-server\BOOT-INF\classes\application.properties org.springframework.ide.vscode.boot.app.BootLanguageServerBootApp

Host: 11th Gen Intel(R) Core(TM) i5-1135G7 @ 2.40GHz, 8 cores, 7G,  Windows 11 , 64 bit Build 26100 (10.0.26100.6725)
Time: Sat Feb 14 13:41:39 2026 Greenwich Standard Time elapsed time: 43.258217 seconds (0d 0h 0m 43s)

---------------  T H R E A D  ---------------

Current thread (0x0000028f7b357150):  VMThread "VM Thread"          [id=28608, stack(0x000000f6c6300000,0x000000f6c6400000) (1024K)]

Stack: [0x000000f6c6300000,0x000000f6c6400000]
Native frames: (J=compiled Java code, j=interpreted, Vv=VM code, C=native code)
V  [jvm.dll+0x6d6e29]
V  [jvm.dll+0x8b4b76]
V  [jvm.dll+0x8b712e]
V  [jvm.dll+0x8b7813]
V  [jvm.dll+0x283d86]
V  [jvm.dll+0x6d3745]
V  [jvm.dll+0x6c747a]
V  [jvm.dll+0x35e7e8]
V  [jvm.dll+0x366426]
V  [jvm.dll+0x3b73fe]
V  [jvm.dll+0x3b76a8]
V  [jvm.dll+0x3329ec]
V  [jvm.dll+0x332a77]
V  [jvm.dll+0x37684c]
V  [jvm.dll+0x374fee]
V  [jvm.dll+0x332131]
V  [jvm.dll+0x37465a]
V  [jvm.dll+0x8bd500]
V  [jvm.dll+0x8be8a4]
V  [jvm.dll+0x8bede0]
V  [jvm.dll+0x8bf083]
V  [jvm.dll+0x85e9ad]
V  [jvm.dll+0x6d565d]
C  [ucrtbase.dll+0x37b0]
C  [KERNEL32.DLL+0x2e8d7]
C  [ntdll.dll+0x8c53c]

VM_Operation (0x000000f6c82fd970): G1CollectForAllocation, mode: safepoint, requested by thread 0x0000028f45ac60d0


---------------  P R O C E S S  ---------------

Threads class SMR info:
_java_thread_list=0x0000028f4665a3d0, length=38, elements={
0x0000028f7b375930, 0x0000028f7b376380, 0x0000028f7b37ba90, 0x0000028f7b37e770,
0x0000028f7b3802f0, 0x0000028f7b389a70, 0x0000028f7b3b6100, 0x0000028f45187b30,
0x0000028f4518d380, 0x0000028f45926f40, 0x0000028f457be580, 0x0000028f45a94c30,
0x0000028f6dc19440, 0x0000028f463ba9d0, 0x0000028f45fe2680, 0x0000028f45a244d0,
0x0000028f467ba8d0, 0x0000028f7b343650, 0x0000028f45ac9550, 0x0000028f45ac6760,
0x0000028f450950b0, 0x0000028f45095e50, 0x0000028f45094310, 0x0000028f45ac60d0,
0x0000028f45ac8ec0, 0x0000028f45ac6df0, 0x0000028f45ac7480, 0x0000028f45ac7b10,
0x0000028f45ac81a0, 0x0000028f45ac8830, 0x0000028f45acd140, 0x0000028f45acd7d0,
0x0000028f45ace4f0, 0x0000028f45acbd90, 0x0000028f45acc420, 0x0000028f45accab0,
0x0000028f45acde60, 0x0000028f45aceb80
}

Java Threads: ( => current thread )
  0x0000028f7b375930 JavaThread "Reference Handler"          daemon [_thread_blocked, id=16960, stack(0x000000f6c6400000,0x000000f6c6500000) (1024K)]
  0x0000028f7b376380 JavaThread "Finalizer"                  daemon [_thread_blocked, id=17004, stack(0x000000f6c6500000,0x000000f6c6600000) (1024K)]
  0x0000028f7b37ba90 JavaThread "Signal Dispatcher"          daemon [_thread_blocked, id=9936, stack(0x000000f6c6600000,0x000000f6c6700000) (1024K)]
  0x0000028f7b37e770 JavaThread "Attach Listener"            daemon [_thread_blocked, id=23804, stack(0x000000f6c6700000,0x000000f6c6800000) (1024K)]
  0x0000028f7b3802f0 JavaThread "Service Thread"             daemon [_thread_blocked, id=17740, stack(0x000000f6c6800000,0x000000f6c6900000) (1024K)]
  0x0000028f7b389a70 JavaThread "Monitor Deflation Thread"   daemon [_thread_blocked, id=19704, stack(0x000000f6c6900000,0x000000f6c6a00000) (1024K)]
  0x0000028f7b3b6100 JavaThread "C1 CompilerThread0"         daemon [_thread_blocked, id=19896, stack(0x000000f6c6a00000,0x000000f6c6b00000) (1024K)]
  0x0000028f45187b30 JavaThread "Notification Thread"        daemon [_thread_blocked, id=13248, stack(0x000000f6c6c00000,0x000000f6c6d00000) (1024K)]
  0x0000028f4518d380 JavaThread "Common-Cleaner"             daemon [_thread_blocked, id=24052, stack(0x000000f6c6d00000,0x000000f6c6e00000) (1024K)]
  0x0000028f45926f40 JavaThread "boundedElastic-evictor-1"   daemon [_thread_blocked, id=15100, stack(0x000000f6c7700000,0x000000f6c7800000) (1024K)]
  0x0000028f457be580 JavaThread "pool-11-thread-1"                  [_thread_blocked, id=27252, stack(0x000000f6c6b00000,0x000000f6c6c00000) (1024K)]
  0x0000028f45a94c30 JavaThread "LanguageServerApp-lifecycle"        [_thread_blocked, id=19616, stack(0x000000f6c6e00000,0x000000f6c6f00000) (1024K)]
  0x0000028f6dc19440 JavaThread "DestroyJavaVM"                     [_thread_blocked, id=24452, stack(0x000000f6c5c00000,0x000000f6c5d00000) (1024K)]
  0x0000028f463ba9d0 JavaThread "pool-12-thread-1"                  [_thread_in_native, id=25972, stack(0x000000f6c7300000,0x000000f6c7400000) (1024K)]
  0x0000028f45fe2680 JavaThread "Simple-Language-Server main thread" daemon [_thread_blocked, id=26788, stack(0x000000f6c7900000,0x000000f6c7a00000) (1024K)]
  0x0000028f45a244d0 JavaThread "pool-8-thread-1"                   [_thread_blocked, id=28604, stack(0x000000f6c7a00000,0x000000f6c7b00000) (1024K)]
  0x0000028f467ba8d0 JavaThread "parallel-1"                 daemon [_thread_blocked, id=20476, stack(0x000000f6c7b00000,0x000000f6c7c00000) (1024K)]
  0x0000028f7b343650 JavaThread "ForkJoinPool.commonPool-worker-1" daemon [_thread_blocked, id=17328, stack(0x000000f6c7c00000,0x000000f6c7d00000) (1024K)]
  0x0000028f45ac9550 JavaThread "parallel-2"                 daemon [_thread_blocked, id=20836, stack(0x000000f6c7d00000,0x000000f6c7e00000) (1024K)]
  0x0000028f45ac6760 JavaThread "pool-5-thread-1"                   [_thread_blocked, id=26048, stack(0x000000f6c7e00000,0x000000f6c7f00000) (1024K)]
  0x0000028f450950b0 JavaThread "C1 CompilerThread1"         daemon [_thread_blocked, id=2180, stack(0x000000f6c7f00000,0x000000f6c8000000) (1024K)]
  0x0000028f45095e50 JavaThread "C1 CompilerThread2"         daemon [_thread_blocked, id=11948, stack(0x000000f6c8000000,0x000000f6c8100000) (1024K)]
  0x0000028f45094310 JavaThread "C1 CompilerThread3"         daemon [_thread_blocked, id=28540, stack(0x000000f6c8100000,0x000000f6c8200000) (1024K)]
  0x0000028f45ac60d0 JavaThread "ClassGraph-worker-0"        daemon [_thread_blocked, id=17564, stack(0x000000f6c8200000,0x000000f6c8300000) (1024K)]
  0x0000028f45ac8ec0 JavaThread "ClassGraph-worker-1"        daemon [_thread_blocked, id=28468, stack(0x000000f6c8300000,0x000000f6c8400000) (1024K)]
  0x0000028f45ac6df0 JavaThread "ClassGraph-worker-2"        daemon [_thread_blocked, id=27312, stack(0x000000f6c8400000,0x000000f6c8500000) (1024K)]
  0x0000028f45ac7480 JavaThread "ClassGraph-worker-3"        daemon [_thread_blocked, id=20964, stack(0x000000f6c8500000,0x000000f6c8600000) (1024K)]
  0x0000028f45ac7b10 JavaThread "ClassGraph-worker-4"        daemon [_thread_blocked, id=27304, stack(0x000000f6c8600000,0x000000f6c8700000) (1024K)]
  0x0000028f45ac81a0 JavaThread "ClassGraph-worker-5"        daemon [_thread_blocked, id=26188, stack(0x000000f6c8700000,0x000000f6c8800000) (1024K)]
  0x0000028f45ac8830 JavaThread "ClassGraph-worker-6"        daemon [_thread_blocked, id=17316, stack(0x000000f6c8800000,0x000000f6c8900000) (1024K)]
  0x0000028f45acd140 JavaThread "ClassGraph-worker-7"        daemon [_thread_blocked, id=27816, stack(0x000000f6c8900000,0x000000f6c8a00000) (1024K)]
  0x0000028f45acd7d0 JavaThread "ClassGraph-worker-8"        daemon [_thread_blocked, id=2780, stack(0x000000f6c8a00000,0x000000f6c8b00000) (1024K)]
  0x0000028f45ace4f0 JavaThread "ClassGraph-worker-9"        daemon [_thread_blocked, id=27680, stack(0x000000f6c8b00000,0x000000f6c8c00000) (1024K)]
  0x0000028f45acbd90 JavaThread "ClassGraph-worker-10"       daemon [_thread_blocked, id=23084, stack(0x000000f6c8c00000,0x000000f6c8d00000) (1024K)]
  0x0000028f45acc420 JavaThread "ClassGraph-worker-11"       daemon [_thread_blocked, id=25980, stack(0x000000f6c8d00000,0x000000f6c8e00000) (1024K)]
  0x0000028f45accab0 JavaThread "ClassGraph-worker-12"       daemon [_thread_blocked, id=752, stack(0x000000f6c8e00000,0x000000f6c8f00000) (1024K)]
  0x0000028f45acde60 JavaThread "ClassGraph-worker-13"       daemon [_thread_blocked, id=17452, stack(0x000000f6c8f00000,0x000000f6c9000000) (1024K)]
  0x0000028f45aceb80 JavaThread "Reconciler-1"               daemon [_thread_blocked, id=5216, stack(0x000000f6c9000000,0x000000f6c9100000) (1024K)]
Total: 38

Other Threads:
=>0x0000028f7b357150 VMThread "VM Thread"                           [id=28608, stack(0x000000f6c6300000,0x000000f6c6400000) (1024K)]
  0x0000028f7b3466e0 WatcherThread "VM Periodic Task Thread"        [id=11176, stack(0x000000f6c6200000,0x000000f6c6300000) (1024K)]
  0x0000028f6ff539c0 WorkerThread "GC Thread#0"                     [id=17060, stack(0x000000f6c5d00000,0x000000f6c5e00000) (1024K)]
  0x0000028f45b59e10 WorkerThread "GC Thread#1"                     [id=17280, stack(0x000000f6c6f00000,0x000000f6c7000000) (1024K)]
  0x0000028f45365960 WorkerThread "GC Thread#2"                     [id=22316, stack(0x000000f6c7000000,0x000000f6c7100000) (1024K)]
  0x0000028f45366da0 WorkerThread "GC Thread#3"                     [id=7528, stack(0x000000f6c7100000,0x000000f6c7200000) (1024K)]
  0x0000028f45367140 WorkerThread "GC Thread#4"                     [id=16852, stack(0x000000f6c7200000,0x000000f6c7300000) (1024K)]
  0x0000028f45eb26f0 WorkerThread "GC Thread#5"                     [id=13504, stack(0x000000f6c7400000,0x000000f6c7500000) (1024K)]
  0x0000028f45eb31d0 WorkerThread "GC Thread#6"                     [id=14360, stack(0x000000f6c7500000,0x000000f6c7600000) (1024K)]
  0x0000028f45eb4050 WorkerThread "GC Thread#7"                     [id=7004, stack(0x000000f6c7600000,0x000000f6c7700000) (1024K)]
  0x0000028f6ff64f20 ConcurrentGCThread "G1 Main Marker"            [id=23988, stack(0x000000f6c5e00000,0x000000f6c5f00000) (1024K)]
  0x0000028f6ff65920 WorkerThread "G1 Conc#0"                       [id=28420, stack(0x000000f6c5f00000,0x000000f6c6000000) (1024K)]
  0x0000028f45eb2a90 WorkerThread "G1 Conc#1"                       [id=26896, stack(0x000000f6c7800000,0x000000f6c7900000) (1024K)]
  0x0000028f6ffae570 ConcurrentGCThread "G1 Refine#0"               [id=23996, stack(0x000000f6c6000000,0x000000f6c6100000) (1024K)]
  0x0000028f7b219320 ConcurrentGCThread "G1 Service"                [id=23860, stack(0x000000f6c6100000,0x000000f6c6200000) (1024K)]
Total: 15

Threads with active compile tasks:
Total: 0

VM state: at safepoint (normal execution)

VM Mutex/Monitor currently owned by a thread:  ([mutex/lock_event])
[0x00007ffcf6f1d570] Threads_lock - owner thread: 0x0000028f7b357150
[0x00007ffcf6f1d670] Heap_lock - owner thread: 0x0000028f45ac60d0

Heap address: 0x0000000084000000, size: 1984 MB, Compressed Oops mode: 32-bit

CDS archive(s) mapped at: [0x0000028f00000000-0x0000028f00ba0000-0x0000028f00ba0000), size 12189696, SharedBaseAddress: 0x0000028f00000000, ArchiveRelocationMode: 1.
Compressed class space mapped at: 0x0000028f01000000-0x0000028f41000000, reserved size: 1073741824
Narrow klass base: 0x0000028f00000000, Narrow klass shift: 0, Narrow klass range: 0x100000000

GC Precious Log:
 CardTable entry size: 512
 Card Set container configuration: InlinePtr #cards 5 size 8 Array Of Cards #cards 12 size 40 Howl #buckets 4 coarsen threshold 1843 Howl Bitmap #cards 512 size 80 coarsen threshold 460 Card regions per heap region 1 cards per card region 2048
 CPUs: 8 total, 8 available
 Memory: 7934M
 Large Page Support: Disabled
 NUMA Support: Disabled
 Compressed Oops: Enabled (32-bit)
 Heap Region Size: 1M
 Heap Min Capacity: 8M
 Heap Initial Capacity: 124M
 Heap Max Capacity: 1984M
 Pre-touch: Disabled
 Parallel Workers: 8
 Concurrent Workers: 2
 Concurrent Refinement Workers: 8
 Periodic GC: Disabled

Heap:
 garbage-first heap   total 138240K, used 77045K [0x0000000084000000, 0x0000000100000000)
  region size 1024K, 4 young (4096K), 4 survivors (4096K)
 Metaspace       used 31686K, committed 32320K, reserved 1114112K
  class space    used 4262K, committed 4544K, reserved 1048576K

Heap Regions: E=young(eden), S=young(survivor), O=old, HS=humongous(starts), HC=humongous(continues), CS=collection set, F=free, TAMS=top-at-mark-start, PB=parsable bottom
|   0|0x0000000084000000, 0x0000000084100000, 0x0000000084100000|100%| O|  |TAMS 0x0000000084100000| PB 0x0000000084000000| Untracked 
|   1|0x0000000084100000, 0x0000000084200000, 0x0000000084200000|100%| O|  |TAMS 0x0000000084200000| PB 0x0000000084100000| Untracked 
|   2|0x0000000084200000, 0x0000000084300000, 0x0000000084300000|100%| O|  |TAMS 0x0000000084300000| PB 0x0000000084200000| Untracked 
|   3|0x0000000084300000, 0x0000000084400000, 0x0000000084400000|100%| O|  |TAMS 0x0000000084400000| PB 0x0000000084300000| Untracked 
|   4|0x0000000084400000, 0x0000000084500000, 0x0000000084500000|100%| O|  |TAMS 0x0000000084500000| PB 0x0000000084400000| Untracked 
|   5|0x0000000084500000, 0x0000000084600000, 0x0000000084600000|100%| O|  |TAMS 0x0000000084600000| PB 0x0000000084500000| Untracked 
|   6|0x0000000084600000, 0x0000000084700000, 0x0000000084700000|100%| O|  |TAMS 0x0000000084700000| PB 0x0000000084600000| Untracked 
|   7|0x0000000084700000, 0x0000000084800000, 0x0000000084800000|100%| O|  |TAMS 0x0000000084800000| PB 0x0000000084700000| Untracked 
|   8|0x0000000084800000, 0x0000000084900000, 0x0000000084900000|100%| O|  |TAMS 0x0000000084900000| PB 0x0000000084800000| Untracked 
|   9|0x0000000084900000, 0x0000000084a00000, 0x0000000084a00000|100%| O|  |TAMS 0x0000000084a00000| PB 0x0000000084900000| Untracked 
|  10|0x0000000084a00000, 0x0000000084b00000, 0x0000000084b00000|100%| O|  |TAMS 0x0000000084b00000| PB 0x0000000084a00000| Untracked 
|  11|0x0000000084b00000, 0x0000000084c00000, 0x0000000084c00000|100%| O|  |TAMS 0x0000000084c00000| PB 0x0000000084b00000| Untracked 
|  12|0x0000000084c00000, 0x0000000084d00000, 0x0000000084d00000|100%| O|  |TAMS 0x0000000084d00000| PB 0x0000000084c00000| Untracked 
|  13|0x0000000084d00000, 0x0000000084e00000, 0x0000000084e00000|100%| O|  |TAMS 0x0000000084e00000| PB 0x0000000084d00000| Untracked 
|  14|0x0000000084e00000, 0x0000000084f00000, 0x0000000084f00000|100%| O|  |TAMS 0x0000000084f00000| PB 0x0000000084e00000| Untracked 
|  15|0x0000000084f00000, 0x0000000085000000, 0x0000000085000000|100%| O|  |TAMS 0x0000000085000000| PB 0x0000000084f00000| Untracked 
|  16|0x0000000085000000, 0x0000000085100000, 0x0000000085100000|100%| O|  |TAMS 0x0000000085100000| PB 0x0000000085000000| Untracked 
|  17|0x0000000085100000, 0x0000000085200000, 0x0000000085200000|100%| O|  |TAMS 0x0000000085200000| PB 0x0000000085100000| Untracked 
|  18|0x0000000085200000, 0x0000000085300000, 0x0000000085300000|100%| O|  |TAMS 0x0000000085300000| PB 0x0000000085200000| Untracked 
|  19|0x0000000085300000, 0x0000000085400000, 0x0000000085400000|100%| O|  |TAMS 0x0000000085400000| PB 0x0000000085300000| Untracked 
|  20|0x0000000085400000, 0x0000000085500000, 0x0000000085500000|100%| O|  |TAMS 0x0000000085500000| PB 0x0000000085400000| Untracked 
|  21|0x0000000085500000, 0x0000000085600000, 0x0000000085600000|100%| O|  |TAMS 0x0000000085600000| PB 0x0000000085500000| Untracked 
|  22|0x0000000085600000, 0x0000000085700000, 0x0000000085700000|100%| O|  |TAMS 0x0000000085700000| PB 0x0000000085600000| Untracked 
|  23|0x0000000085700000, 0x0000000085800000, 0x0000000085800000|100%| O|  |TAMS 0x0000000085800000| PB 0x0000000085700000| Untracked 
|  24|0x0000000085800000, 0x0000000085900000, 0x0000000085900000|100%| O|  |TAMS 0x0000000085900000| PB 0x0000000085800000| Untracked 
|  25|0x0000000085900000, 0x0000000085a00000, 0x0000000085a00000|100%| O|  |TAMS 0x0000000085a00000| PB 0x0000000085900000| Untracked 
|  26|0x0000000085a00000, 0x0000000085b00000, 0x0000000085b00000|100%| O|  |TAMS 0x0000000085b00000| PB 0x0000000085a00000| Untracked 
|  27|0x0000000085b00000, 0x0000000085c00000, 0x0000000085c00000|100%| O|  |TAMS 0x0000000085c00000| PB 0x0000000085b00000| Untracked 
|  28|0x0000000085c00000, 0x0000000085d00000, 0x0000000085d00000|100%| O|  |TAMS 0x0000000085d00000| PB 0x0000000085c00000| Untracked 
|  29|0x0000000085d00000, 0x0000000085e00000, 0x0000000085e00000|100%| O|  |TAMS 0x0000000085e00000| PB 0x0000000085d00000| Untracked 
|  30|0x0000000085e00000, 0x0000000085f00000, 0x0000000085f00000|100%| O|  |TAMS 0x0000000085f00000| PB 0x0000000085e00000| Untracked 
|  31|0x0000000085f00000, 0x0000000086000000, 0x0000000086000000|100%| O|  |TAMS 0x0000000086000000| PB 0x0000000085f00000| Untracked 
|  32|0x0000000086000000, 0x0000000086100000, 0x0000000086100000|100%| O|  |TAMS 0x0000000086100000| PB 0x0000000086000000| Untracked 
|  33|0x0000000086100000, 0x0000000086200000, 0x0000000086200000|100%| O|  |TAMS 0x0000000086200000| PB 0x0000000086100000| Untracked 
|  34|0x0000000086200000, 0x0000000086300000, 0x0000000086300000|100%| O|  |TAMS 0x0000000086300000| PB 0x0000000086200000| Untracked 
|  35|0x0000000086300000, 0x0000000086400000, 0x0000000086400000|100%| O|  |TAMS 0x0000000086400000| PB 0x0000000086300000| Untracked 
|  36|0x0000000086400000, 0x0000000086500000, 0x0000000086500000|100%| O|  |TAMS 0x0000000086500000| PB 0x0000000086400000| Untracked 
|  37|0x0000000086500000, 0x0000000086600000, 0x0000000086600000|100%| O|  |TAMS 0x0000000086600000| PB 0x0000000086500000| Untracked 
|  38|0x0000000086600000, 0x0000000086700000, 0x0000000086700000|100%| O|  |TAMS 0x0000000086700000| PB 0x0000000086600000| Untracked 
|  39|0x0000000086700000, 0x0000000086800000, 0x0000000086800000|100%| O|  |TAMS 0x0000000086800000| PB 0x0000000086700000| Untracked 
|  40|0x0000000086800000, 0x0000000086900000, 0x0000000086900000|100%| O|  |TAMS 0x0000000086900000| PB 0x0000000086800000| Untracked 
|  41|0x0000000086900000, 0x0000000086a00000, 0x0000000086a00000|100%| O|  |TAMS 0x0000000086a00000| PB 0x0000000086900000| Untracked 
|  42|0x0000000086a00000, 0x0000000086b00000, 0x0000000086b00000|100%| O|  |TAMS 0x0000000086b00000| PB 0x0000000086a00000| Untracked 
|  43|0x0000000086b00000, 0x0000000086c00000, 0x0000000086c00000|100%| O|  |TAMS 0x0000000086c00000| PB 0x0000000086b00000| Untracked 
|  44|0x0000000086c00000, 0x0000000086d00000, 0x0000000086d00000|100%| O|  |TAMS 0x0000000086d00000| PB 0x0000000086c00000| Untracked 
|  45|0x0000000086d00000, 0x0000000086e00000, 0x0000000086e00000|100%| O|  |TAMS 0x0000000086e00000| PB 0x0000000086d00000| Untracked 
|  46|0x0000000086e00000, 0x0000000086f00000, 0x0000000086f00000|100%| O|  |TAMS 0x0000000086f00000| PB 0x0000000086e00000| Untracked 
|  47|0x0000000086f00000, 0x0000000087000000, 0x0000000087000000|100%| O|  |TAMS 0x0000000087000000| PB 0x0000000086f00000| Untracked 
|  48|0x0000000087000000, 0x0000000087100000, 0x0000000087100000|100%| O|  |TAMS 0x0000000087100000| PB 0x0000000087000000| Untracked 
|  49|0x0000000087100000, 0x0000000087200000, 0x0000000087200000|100%| O|  |TAMS 0x0000000087200000| PB 0x0000000087100000| Untracked 
|  50|0x0000000087200000, 0x0000000087300000, 0x0000000087300000|100%|HS|  |TAMS 0x0000000087300000| PB 0x0000000087200000| Complete 
|  51|0x0000000087300000, 0x0000000087400000, 0x0000000087400000|100%| O|  |TAMS 0x0000000087300000| PB 0x0000000087300000| Untracked 
|  52|0x0000000087400000, 0x0000000087500000, 0x0000000087500000|100%| O|  |TAMS 0x0000000087500000| PB 0x0000000087400000| Untracked 
|  53|0x0000000087500000, 0x0000000087600000, 0x0000000087600000|100%| O|  |TAMS 0x0000000087500000| PB 0x0000000087500000| Untracked 
|  54|0x0000000087600000, 0x0000000087700000, 0x0000000087700000|100%| O|  |TAMS 0x0000000087700000| PB 0x0000000087600000| Untracked 
|  55|0x0000000087700000, 0x0000000087800000, 0x0000000087800000|100%| O|  |TAMS 0x0000000087800000| PB 0x0000000087700000| Untracked 
|  56|0x0000000087800000, 0x0000000087900000, 0x0000000087900000|100%| O|  |TAMS 0x0000000087900000| PB 0x0000000087800000| Untracked 
|  57|0x0000000087900000, 0x0000000087a00000, 0x0000000087a00000|100%| O|  |TAMS 0x0000000087a00000| PB 0x0000000087900000| Untracked 
|  58|0x0000000087a00000, 0x0000000087b00000, 0x0000000087b00000|100%| O|  |TAMS 0x0000000087b00000| PB 0x0000000087a00000| Untracked 
|  59|0x0000000087b00000, 0x0000000087c00000, 0x0000000087c00000|100%| O|  |TAMS 0x0000000087bb4e20| PB 0x0000000087b00000| Untracked 
|  60|0x0000000087c00000, 0x0000000087d00000, 0x0000000087d00000|100%| O|  |TAMS 0x0000000087d00000| PB 0x0000000087c00000| Untracked 
|  61|0x0000000087d00000, 0x0000000087e00000, 0x0000000087e00000|100%| O|  |TAMS 0x0000000087e00000| PB 0x0000000087d00000| Untracked 
|  62|0x0000000087e00000, 0x0000000087f00000, 0x0000000087f00000|100%| O|  |TAMS 0x0000000087f00000| PB 0x0000000087e00000| Untracked 
|  63|0x0000000087f00000, 0x0000000088000000, 0x0000000088000000|100%| O|  |TAMS 0x0000000088000000| PB 0x0000000087f00000| Untracked 
|  64|0x0000000088000000, 0x0000000088100000, 0x0000000088100000|100%| O|  |TAMS 0x0000000088100000| PB 0x0000000088000000| Untracked 
|  65|0x0000000088100000, 0x0000000088200000, 0x0000000088200000|100%| O|  |TAMS 0x0000000088200000| PB 0x0000000088100000| Untracked 
|  66|0x0000000088200000, 0x0000000088300000, 0x0000000088300000|100%| O|  |TAMS 0x0000000088300000| PB 0x0000000088200000| Untracked 
|  67|0x0000000088300000, 0x0000000088400000, 0x0000000088400000|100%| O|  |TAMS 0x0000000088300000| PB 0x0000000088300000| Untracked 
|  68|0x0000000088400000, 0x000000008843d558, 0x0000000088500000| 23%| O|  |TAMS 0x0000000088400000| PB 0x0000000088400000| Untracked 
|  69|0x0000000088500000, 0x0000000088500000, 0x0000000088600000|  0%| F|  |TAMS 0x0000000088500000| PB 0x0000000088500000| Untracked 
|  70|0x0000000088600000, 0x0000000088600000, 0x0000000088700000|  0%| F|  |TAMS 0x0000000088600000| PB 0x0000000088600000| Untracked 
|  71|0x0000000088700000, 0x0000000088700000, 0x0000000088800000|  0%| F|  |TAMS 0x0000000088700000| PB 0x0000000088700000| Untracked 
|  72|0x0000000088800000, 0x0000000088800000, 0x0000000088900000|  0%| F|  |TAMS 0x0000000088800000| PB 0x0000000088800000| Untracked 
|  73|0x0000000088900000, 0x0000000088900000, 0x0000000088a00000|  0%| F|  |TAMS 0x0000000088900000| PB 0x0000000088900000| Untracked 
|  74|0x0000000088a00000, 0x0000000088a00000, 0x0000000088b00000|  0%| F|  |TAMS 0x0000000088a00000| PB 0x0000000088a00000| Untracked 
|  75|0x0000000088b00000, 0x0000000088b00000, 0x0000000088c00000|  0%| F|  |TAMS 0x0000000088b00000| PB 0x0000000088b00000| Untracked 
|  76|0x0000000088c00000, 0x0000000088c00000, 0x0000000088d00000|  0%| F|  |TAMS 0x0000000088c00000| PB 0x0000000088c00000| Untracked 
|  77|0x0000000088d00000, 0x0000000088d00000, 0x0000000088e00000|  0%| F|  |TAMS 0x0000000088d00000| PB 0x0000000088d00000| Untracked 
|  78|0x0000000088e00000, 0x0000000088e00000, 0x0000000088f00000|  0%| F|  |TAMS 0x0000000088e00000| PB 0x0000000088e00000| Untracked 
|  79|0x0000000088f00000, 0x0000000088f00000, 0x0000000089000000|  0%| F|  |TAMS 0x0000000088f00000| PB 0x0000000088f00000| Untracked 
|  80|0x0000000089000000, 0x0000000089000000, 0x0000000089100000|  0%| F|  |TAMS 0x0000000089000000| PB 0x0000000089000000| Untracked 
|  81|0x0000000089100000, 0x0000000089200000, 0x0000000089200000|100%| S|CS|TAMS 0x0000000089100000| PB 0x0000000089100000| Complete 
|  82|0x0000000089200000, 0x0000000089200000, 0x0000000089300000|  0%| F|  |TAMS 0x0000000089200000| PB 0x0000000089200000| Untracked 
|  83|0x0000000089300000, 0x0000000089300000, 0x0000000089400000|  0%| F|  |TAMS 0x0000000089300000| PB 0x0000000089300000| Untracked 
|  84|0x0000000089400000, 0x0000000089400000, 0x0000000089500000|  0%| F|  |TAMS 0x0000000089400000| PB 0x0000000089400000| Untracked 
|  85|0x0000000089500000, 0x0000000089500000, 0x0000000089600000|  0%| F|  |TAMS 0x0000000089500000| PB 0x0000000089500000| Untracked 
|  86|0x0000000089600000, 0x0000000089700000, 0x0000000089700000|100%| S|CS|TAMS 0x0000000089600000| PB 0x0000000089600000| Complete 
|  87|0x0000000089700000, 0x0000000089800000, 0x0000000089800000|100%| S|CS|TAMS 0x0000000089700000| PB 0x0000000089700000| Complete 
|  88|0x0000000089800000, 0x0000000089900000, 0x0000000089900000|100%| S|CS|TAMS 0x0000000089800000| PB 0x0000000089800000| Complete 
|  89|0x0000000089900000, 0x0000000089900000, 0x0000000089a00000|  0%| F|  |TAMS 0x0000000089900000| PB 0x0000000089900000| Untracked 
|  90|0x0000000089a00000, 0x0000000089a00000, 0x0000000089b00000|  0%| F|  |TAMS 0x0000000089a00000| PB 0x0000000089a00000| Untracked 
|  91|0x0000000089b00000, 0x0000000089b00000, 0x0000000089c00000|  0%| F|  |TAMS 0x0000000089b00000| PB 0x0000000089b00000| Untracked 
|  92|0x0000000089c00000, 0x0000000089c00000, 0x0000000089d00000|  0%| F|  |TAMS 0x0000000089c00000| PB 0x0000000089c00000| Untracked 
|  93|0x0000000089d00000, 0x0000000089d00000, 0x0000000089e00000|  0%| F|  |TAMS 0x0000000089d00000| PB 0x0000000089d00000| Untracked 
|  94|0x0000000089e00000, 0x0000000089e00000, 0x0000000089f00000|  0%| F|  |TAMS 0x0000000089e00000| PB 0x0000000089e00000| Untracked 
|  95|0x0000000089f00000, 0x0000000089f00000, 0x000000008a000000|  0%| F|  |TAMS 0x0000000089f00000| PB 0x0000000089f00000| Untracked 
|  96|0x000000008a000000, 0x000000008a000000, 0x000000008a100000|  0%| F|  |TAMS 0x000000008a000000| PB 0x000000008a000000| Untracked 
|  97|0x000000008a100000, 0x000000008a100000, 0x000000008a200000|  0%| F|  |TAMS 0x000000008a100000| PB 0x000000008a100000| Untracked 
|  98|0x000000008a200000, 0x000000008a200000, 0x000000008a300000|  0%| F|  |TAMS 0x000000008a200000| PB 0x000000008a200000| Untracked 
|  99|0x000000008a300000, 0x000000008a300000, 0x000000008a400000|  0%| F|  |TAMS 0x000000008a300000| PB 0x000000008a300000| Untracked 
| 100|0x000000008a400000, 0x000000008a400000, 0x000000008a500000|  0%| F|  |TAMS 0x000000008a400000| PB 0x000000008a400000| Untracked 
| 101|0x000000008a500000, 0x000000008a500000, 0x000000008a600000|  0%| F|  |TAMS 0x000000008a500000| PB 0x000000008a500000| Untracked 
| 102|0x000000008a600000, 0x000000008a600000, 0x000000008a700000|  0%| F|  |TAMS 0x000000008a600000| PB 0x000000008a600000| Untracked 
| 103|0x000000008a700000, 0x000000008a700000, 0x000000008a800000|  0%| F|  |TAMS 0x000000008a700000| PB 0x000000008a700000| Untracked 
| 104|0x000000008a800000, 0x000000008a800000, 0x000000008a900000|  0%| F|  |TAMS 0x000000008a800000| PB 0x000000008a800000| Untracked 
| 105|0x000000008a900000, 0x000000008a900000, 0x000000008aa00000|  0%| F|  |TAMS 0x000000008a900000| PB 0x000000008a900000| Untracked 
| 106|0x000000008aa00000, 0x000000008aa00000, 0x000000008ab00000|  0%| F|  |TAMS 0x000000008aa00000| PB 0x000000008aa00000| Untracked 
| 107|0x000000008ab00000, 0x000000008ab00000, 0x000000008ac00000|  0%| F|  |TAMS 0x000000008ab00000| PB 0x000000008ab00000| Untracked 
| 108|0x000000008ac00000, 0x000000008ac00000, 0x000000008ad00000|  0%| F|  |TAMS 0x000000008ac00000| PB 0x000000008ac00000| Untracked 
| 109|0x000000008ad00000, 0x000000008ad00000, 0x000000008ae00000|  0%| F|  |TAMS 0x000000008ad00000| PB 0x000000008ad00000| Untracked 
| 110|0x000000008ae00000, 0x000000008ae00000, 0x000000008af00000|  0%| F|  |TAMS 0x000000008ae00000| PB 0x000000008ae00000| Untracked 
| 111|0x000000008af00000, 0x000000008af00000, 0x000000008b000000|  0%| F|  |TAMS 0x000000008af00000| PB 0x000000008af00000| Untracked 
| 112|0x000000008b000000, 0x000000008b000000, 0x000000008b100000|  0%| F|  |TAMS 0x000000008b000000| PB 0x000000008b000000| Untracked 
| 113|0x000000008b100000, 0x000000008b100000, 0x000000008b200000|  0%| F|  |TAMS 0x000000008b100000| PB 0x000000008b100000| Untracked 
| 114|0x000000008b200000, 0x000000008b200000, 0x000000008b300000|  0%| F|  |TAMS 0x000000008b200000| PB 0x000000008b200000| Untracked 
| 115|0x000000008b300000, 0x000000008b300000, 0x000000008b400000|  0%| F|  |TAMS 0x000000008b300000| PB 0x000000008b300000| Untracked 
| 116|0x000000008b400000, 0x000000008b400000, 0x000000008b500000|  0%| F|  |TAMS 0x000000008b400000| PB 0x000000008b400000| Untracked 
| 117|0x000000008b500000, 0x000000008b500000, 0x000000008b600000|  0%| F|  |TAMS 0x000000008b500000| PB 0x000000008b500000| Untracked 
| 118|0x000000008b600000, 0x000000008b600000, 0x000000008b700000|  0%| F|  |TAMS 0x000000008b600000| PB 0x000000008b600000| Untracked 
| 119|0x000000008b700000, 0x000000008b700000, 0x000000008b800000|  0%| F|  |TAMS 0x000000008b700000| PB 0x000000008b700000| Untracked 
| 120|0x000000008b800000, 0x000000008b800000, 0x000000008b900000|  0%| F|  |TAMS 0x000000008b800000| PB 0x000000008b800000| Untracked 
| 121|0x000000008b900000, 0x000000008b900000, 0x000000008ba00000|  0%| F|  |TAMS 0x000000008b900000| PB 0x000000008b900000| Untracked 
| 122|0x000000008ba00000, 0x000000008ba00000, 0x000000008bb00000|  0%| F|  |TAMS 0x000000008ba00000| PB 0x000000008ba00000| Untracked 
| 123|0x000000008bb00000, 0x000000008bb00000, 0x000000008bc00000|  0%| F|  |TAMS 0x000000008bb00000| PB 0x000000008bb00000| Untracked 
| 124|0x000000008bc00000, 0x000000008bc00000, 0x000000008bd00000|  0%| F|  |TAMS 0x000000008bc00000| PB 0x000000008bc00000| Untracked 
| 125|0x000000008bd00000, 0x000000008bd00000, 0x000000008be00000|  0%| F|  |TAMS 0x000000008bd00000| PB 0x000000008bd00000| Untracked 
| 126|0x000000008be00000, 0x000000008be00000, 0x000000008bf00000|  0%| F|  |TAMS 0x000000008be00000| PB 0x000000008be00000| Untracked 
| 127|0x000000008bf00000, 0x000000008bf00000, 0x000000008c000000|  0%| F|  |TAMS 0x000000008bf00000| PB 0x000000008bf00000| Untracked 
| 128|0x000000008c000000, 0x000000008c000000, 0x000000008c100000|  0%| F|  |TAMS 0x000000008c000000| PB 0x000000008c000000| Untracked 
| 129|0x000000008c100000, 0x000000008c100000, 0x000000008c200000|  0%| F|  |TAMS 0x000000008c100000| PB 0x000000008c100000| Untracked 
| 130|0x000000008c200000, 0x000000008c200000, 0x000000008c300000|  0%| F|  |TAMS 0x000000008c200000| PB 0x000000008c200000| Untracked 
|1980|0x00000000ffc00000, 0x00000000ffc00000, 0x00000000ffd00000|  0%| F|  |TAMS 0x00000000ffc00000| PB 0x00000000ffc00000| Untracked 
|1981|0x00000000ffd00000, 0x00000000ffe00000, 0x00000000ffe00000|100%| O|  |TAMS 0x00000000ffe00000| PB 0x00000000ffd00000| Untracked 
|1982|0x00000000ffe00000, 0x00000000fff00000, 0x00000000fff00000|100%| O|  |TAMS 0x00000000fff00000| PB 0x00000000ffe00000| Untracked 
|1983|0x00000000fff00000, 0x0000000100000000, 0x0000000100000000|100%| O|  |TAMS 0x0000000100000000| PB 0x00000000fff00000| Untracked 

Card table byte_map: [0x0000028f765e0000,0x0000028f769c0000] _byte_map_base: 0x0000028f761c0000

Marking Bits: (CMBitMap*) 0x0000028f6ff53fc0
 Bits: [0x0000028f769c0000, 0x0000028f788c0000)

Polling page: 0x0000028f6dbc0000

Metaspace:

Usage:
  Non-class:     26.78 MB used.
      Class:      4.16 MB used.
       Both:     30.94 MB used.

Virtual space:
  Non-class space:       64.00 MB reserved,      27.12 MB ( 42%) committed,  1 nodes.
      Class space:        1.00 GB reserved,       4.44 MB ( <1%) committed,  1 nodes.
             Both:        1.06 GB reserved,      31.56 MB (  3%) committed. 

Chunk freelists:
   Non-Class:  4.81 MB
       Class:  11.60 MB
        Both:  16.42 MB

MaxMetaspaceSize: unlimited
CompressedClassSpaceSize: 1.00 GB
Initial GC threshold: 21.00 MB
Current GC threshold: 52.31 MB
CDS: on
 - commit_granule_bytes: 65536.
 - commit_granule_words: 8192.
 - virtual_space_node_default_size: 8388608.
 - enlarge_chunks_in_place: 1.
 - use_allocation_guard: 0.


Internal statistics:

num_allocs_failed_limit: 0.
num_arena_births: 726.
num_arena_deaths: 190.
num_vsnodes_births: 2.
num_vsnodes_deaths: 0.
num_space_committed: 505.
num_space_uncommitted: 0.
num_chunks_returned_to_freelist: 207.
num_chunks_taken_from_freelist: 1957.
num_chunk_merges: 58.
num_chunk_splits: 1319.
num_chunks_enlarged: 956.
num_inconsistent_stats: 0.

CodeCache: size=49152Kb used=9858Kb max_used=9858Kb free=39293Kb
 bounds [0x0000028f730f0000, 0x0000028f73aa0000, 0x0000028f760f0000]
 total_blobs=4692, nmethods=4124, adapters=489, full_count=0
Compilation: enabled, stopped_count=0, restarted_count=0

Compilation events (20 events):
Event: 43.029 Thread 0x0000028f45095e50 nmethod 4177 0x0000028f73a8e490 code [0x0000028f73a8e640, 0x0000028f73a8e8c0]
Event: 43.030 Thread 0x0000028f450950b0 nmethod 4176 0x0000028f73a8e990 code [0x0000028f73a8ed00, 0x0000028f73a8fa58]
Event: 43.033 Thread 0x0000028f45095e50 4178       1       java.lang.invoke.LambdaForm$MH/0x0000028f01474400::invoke (63 bytes)
Event: 43.033 Thread 0x0000028f45095e50 nmethod 4178 0x0000028f73a90290 code [0x0000028f73a90480, 0x0000028f73a907e0]
Event: 43.061 Thread 0x0000028f45094310 4179       1       sun.security.util.SignatureFileVerifier::updateSigners (132 bytes)
Event: 43.072 Thread 0x0000028f450950b0 4180       1       java.util.concurrent.locks.AbstractQueuedSynchronizer$ConditionObject::signalAll (34 bytes)
Event: 43.072 Thread 0x0000028f45095e50 4181   !   1       java.lang.ref.ReferenceQueue::enqueue (32 bytes)
Event: 43.072 Thread 0x0000028f7b3b6100 4182       1       java.lang.ref.ReferenceQueue::signal (10 bytes)
Event: 43.073 Thread 0x0000028f450950b0 nmethod 4180 0x0000028f739dfa10 code [0x0000028f739dfbe0, 0x0000028f739dfdc0]
Event: 43.073 Thread 0x0000028f45094310 nmethod 4179 0x0000028f739e5f10 code [0x0000028f739e6140, 0x0000028f739e66c0]
Event: 43.073 Thread 0x0000028f45095e50 nmethod 4181 0x0000028f739e5710 code [0x0000028f739e5920, 0x0000028f739e5c68]
Event: 43.073 Thread 0x0000028f7b3b6100 nmethod 4182 0x0000028f739e5210 code [0x0000028f739e53e0, 0x0000028f739e55f8]
Event: 43.085 Thread 0x0000028f45095e50 4183  s!   1       jdk.internal.loader.URLClassPath::getLoader (194 bytes)
Event: 43.086 Thread 0x0000028f45095e50 nmethod 4183 0x0000028f7324bd90 code [0x0000028f7324c060, 0x0000028f7324cb28]
Event: 43.131 Thread 0x0000028f450950b0 4184       1       java.lang.invoke.DirectMethodHandle$Holder::invokeStatic (24 bytes)
Event: 43.132 Thread 0x0000028f450950b0 nmethod 4184 0x0000028f7324b410 code [0x0000028f7324b5c0, 0x0000028f7324b6f8]
Event: 43.132 Thread 0x0000028f450950b0 4185       1       java.util.concurrent.ConcurrentHashMap::resizeStamp (9 bytes)
Event: 43.132 Thread 0x0000028f450950b0 nmethod 4185 0x0000028f7324b110 code [0x0000028f7324b2c0, 0x0000028f7324b388]
Event: 43.234 Thread 0x0000028f45094310 4186       1       java.util.concurrent.ConcurrentHashMap::helpTransfer (124 bytes)
Event: 43.234 Thread 0x0000028f45094310 nmethod 4186 0x0000028f7324ab10 code [0x0000028f7324ace0, 0x0000028f7324af70]

GC Heap History (20 events):
Event: 41.991 GC heap after
{Heap after GC invocations=12 (full 0):
 garbage-first heap   total 77824K, used 37331K [0x0000000084000000, 0x0000000100000000)
  region size 1024K, 4 young (4096K), 4 survivors (4096K)
 Metaspace       used 29015K, committed 29504K, reserved 1114112K
  class space    used 4070K, committed 4288K, reserved 1048576K
}
Event: 42.119 GC heap before
{Heap before GC invocations=12 (full 0):
 garbage-first heap   total 77824K, used 64979K [0x0000000084000000, 0x0000000100000000)
  region size 1024K, 31 young (31744K), 4 survivors (4096K)
 Metaspace       used 29015K, committed 29504K, reserved 1114112K
  class space    used 4070K, committed 4288K, reserved 1048576K
}
Event: 42.128 GC heap after
{Heap after GC invocations=13 (full 0):
 garbage-first heap   total 77824K, used 44792K [0x0000000084000000, 0x0000000100000000)
  region size 1024K, 4 young (4096K), 4 survivors (4096K)
 Metaspace       used 29015K, committed 29504K, reserved 1114112K
  class space    used 4070K, committed 4288K, reserved 1048576K
}
Event: 42.369 GC heap before
{Heap before GC invocations=13 (full 0):
 garbage-first heap   total 77824K, used 65272K [0x0000000084000000, 0x0000000100000000)
  region size 1024K, 25 young (25600K), 4 survivors (4096K)
 Metaspace       used 29520K, committed 30016K, reserved 1114112K
  class space    used 4120K, committed 4352K, reserved 1048576K
}
Event: 42.376 GC heap after
{Heap after GC invocations=14 (full 0):
 garbage-first heap   total 77824K, used 49470K [0x0000000084000000, 0x0000000100000000)
  region size 1024K, 4 young (4096K), 4 survivors (4096K)
 Metaspace       used 29520K, committed 30016K, reserved 1114112K
  class space    used 4120K, committed 4352K, reserved 1048576K
}
Event: 42.740 GC heap before
{Heap before GC invocations=15 (full 0):
 garbage-first heap   total 83968K, used 66878K [0x0000000084000000, 0x0000000100000000)
  region size 1024K, 21 young (21504K), 4 survivors (4096K)
 Metaspace       used 31149K, committed 31680K, reserved 1114112K
  class space    used 4232K, committed 4480K, reserved 1048576K
}
Event: 42.747 GC heap after
{Heap after GC invocations=16 (full 0):
 garbage-first heap   total 83968K, used 53726K [0x0000000084000000, 0x0000000100000000)
  region size 1024K, 3 young (3072K), 3 survivors (3072K)
 Metaspace       used 31149K, committed 31680K, reserved 1114112K
  class space    used 4232K, committed 4480K, reserved 1048576K
}
Event: 42.909 GC heap before
{Heap before GC invocations=16 (full 0):
 garbage-first heap   total 83968K, used 73182K [0x0000000084000000, 0x0000000100000000)
  region size 1024K, 22 young (22528K), 3 survivors (3072K)
 Metaspace       used 31441K, committed 32064K, reserved 1114112K
  class space    used 4261K, committed 4544K, reserved 1048576K
}
Event: 42.920 GC heap after
{Heap after GC invocations=17 (full 0):
 garbage-first heap   total 88064K, used 63961K [0x0000000084000000, 0x0000000100000000)
  region size 1024K, 3 young (3072K), 3 survivors (3072K)
 Metaspace       used 31441K, committed 32064K, reserved 1114112K
  class space    used 4261K, committed 4544K, reserved 1048576K
}
Event: 42.959 GC heap before
{Heap before GC invocations=17 (full 0):
 garbage-first heap   total 88064K, used 75225K [0x0000000084000000, 0x0000000100000000)
  region size 1024K, 15 young (15360K), 3 survivors (3072K)
 Metaspace       used 31530K, committed 32128K, reserved 1114112K
  class space    used 4270K, committed 4544K, reserved 1048576K
}
Event: 42.981 GC heap after
{Heap after GC invocations=18 (full 0):
 garbage-first heap   total 138240K, used 71402K [0x0000000084000000, 0x0000000100000000)
  region size 1024K, 2 young (2048K), 2 survivors (2048K)
 Metaspace       used 31530K, committed 32128K, reserved 1114112K
  class space    used 4270K, committed 4544K, reserved 1048576K
}
Event: 43.056 GC heap before
{Heap before GC invocations=18 (full 0):
 garbage-first heap   total 138240K, used 103146K [0x0000000084000000, 0x0000000100000000)
  region size 1024K, 34 young (34816K), 2 survivors (2048K)
 Metaspace       used 31557K, committed 32128K, reserved 1114112K
  class space    used 4278K, committed 4544K, reserved 1048576K
}
Event: 43.060 GC heap after
{Heap after GC invocations=19 (full 0):
 garbage-first heap   total 138240K, used 73358K [0x0000000084000000, 0x0000000100000000)
  region size 1024K, 4 young (4096K), 4 survivors (4096K)
 Metaspace       used 31557K, committed 32128K, reserved 1114112K
  class space    used 4278K, committed 4544K, reserved 1048576K
}
Event: 43.112 GC heap before
{Heap before GC invocations=20 (full 0):
 garbage-first heap   total 138240K, used 105102K [0x0000000084000000, 0x0000000100000000)
  region size 1024K, 38 young (38912K), 4 survivors (4096K)
 Metaspace       used 31560K, committed 32256K, reserved 1114112K
  class space    used 4246K, committed 4544K, reserved 1048576K
}
Event: 43.116 GC heap after
{Heap after GC invocations=21 (full 0):
 garbage-first heap   total 138240K, used 72741K [0x0000000084000000, 0x0000000100000000)
  region size 1024K, 4 young (4096K), 4 survivors (4096K)
 Metaspace       used 31560K, committed 32256K, reserved 1114112K
  class space    used 4246K, committed 4544K, reserved 1048576K
}
Event: 43.150 GC heap before
{Heap before GC invocations=21 (full 0):
 garbage-first heap   total 138240K, used 109605K [0x0000000084000000, 0x0000000100000000)
  region size 1024K, 41 young (41984K), 4 survivors (4096K)
 Metaspace       used 31651K, committed 32256K, reserved 1114112K
  class space    used 4257K, committed 4544K, reserved 1048576K
}
Event: 43.154 GC heap after
{Heap after GC invocations=22 (full 0):
 garbage-first heap   total 138240K, used 72774K [0x0000000084000000, 0x0000000100000000)
  region size 1024K, 4 young (4096K), 4 survivors (4096K)
 Metaspace       used 31651K, committed 32256K, reserved 1114112K
  class space    used 4257K, committed 4544K, reserved 1048576K
}
Event: 43.214 GC heap before
{Heap before GC invocations=22 (full 0):
 garbage-first heap   total 138240K, used 114758K [0x0000000084000000, 0x0000000100000000)
  region size 1024K, 46 young (47104K), 4 survivors (4096K)
 Metaspace       used 31686K, committed 32320K, reserved 1114112K
  class space    used 4262K, committed 4544K, reserved 1048576K
}
Event: 43.218 GC heap after
{Heap after GC invocations=23 (full 0):
 garbage-first heap   total 138240K, used 75095K [0x0000000084000000, 0x0000000100000000)
  region size 1024K, 4 young (4096K), 4 survivors (4096K)
 Metaspace       used 31686K, committed 32320K, reserved 1114112K
  class space    used 4262K, committed 4544K, reserved 1048576K
}
Event: 43.246 GC heap before
{Heap before GC invocations=23 (full 0):
 garbage-first heap   total 138240K, used 118103K [0x0000000084000000, 0x0000000100000000)
  region size 1024K, 47 young (48128K), 4 survivors (4096K)
 Metaspace       used 31686K, committed 32320K, reserved 1114112K
  class space    used 4262K, committed 4544K, reserved 1048576K
}

Dll operation events (9 events):
Event: 0.148 Loaded shared library c:\Users\Glymin Terra Selasi\.trae\extensions\redhat.java-1.52.0-win32-x64\jre\21.0.9-win32-x86_64\bin\java.dll
Event: 0.359 Loaded shared library c:\Users\Glymin Terra Selasi\.trae\extensions\redhat.java-1.52.0-win32-x64\jre\21.0.9-win32-x86_64\bin\zip.dll
Event: 0.471 Loaded shared library C:\Users\Glymin Terra Selasi\.trae\extensions\redhat.java-1.52.0-win32-x64\jre\21.0.9-win32-x86_64\bin\net.dll
Event: 0.528 Loaded shared library C:\Users\Glymin Terra Selasi\.trae\extensions\redhat.java-1.52.0-win32-x64\jre\21.0.9-win32-x86_64\bin\nio.dll
Event: 1.418 Loaded shared library C:\Users\Glymin Terra Selasi\.trae\extensions\redhat.java-1.52.0-win32-x64\jre\21.0.9-win32-x86_64\bin\zip.dll
Event: 20.142 Loaded shared library C:\Users\Glymin Terra Selasi\.trae\extensions\redhat.java-1.52.0-win32-x64\jre\21.0.9-win32-x86_64\bin\jimage.dll
Event: 22.746 Loaded shared library c:\Users\Glymin Terra Selasi\.trae\extensions\redhat.java-1.52.0-win32-x64\jre\21.0.9-win32-x86_64\bin\verify.dll
Event: 38.091 Loaded shared library C:\Users\Glymin Terra Selasi\.trae\extensions\redhat.java-1.52.0-win32-x64\jre\21.0.9-win32-x86_64\bin\management.dll
Event: 38.175 Loaded shared library C:\Users\Glymin Terra Selasi\.trae\extensions\redhat.java-1.52.0-win32-x64\jre\21.0.9-win32-x86_64\bin\management_ext.dll

Deoptimization events (4 events):
Event: 43.054 Thread 0x0000028f45fe2680 DEOPT PACKING pc=0x0000028f735917b4 sp=0x000000f6c79fc8d0
Event: 43.055 Thread 0x0000028f45fe2680 DEOPT UNPACKING pc=0x0000028f731486e2 sp=0x000000f6c79fbe30 mode 0
Event: 43.078 Thread 0x0000028f45fe2680 DEOPT PACKING pc=0x0000028f73601e24 sp=0x000000f6c79fcac0
Event: 43.078 Thread 0x0000028f45fe2680 DEOPT UNPACKING pc=0x0000028f731486e2 sp=0x000000f6c79fbff0 mode 0

Classes loaded (20 events):
Event: 43.078 Loading class java/util/PropertyResourceBundle
Event: 43.078 Loading class java/util/PropertyResourceBundle done
Event: 43.078 Loading class sun/util/PropertyResourceBundleCharset
Event: 43.081 Loading class sun/util/PropertyResourceBundleCharset done
Event: 43.081 Loading class sun/util/PropertyResourceBundleCharset$PropertiesFileDecoder
Event: 43.081 Loading class sun/util/PropertyResourceBundleCharset$PropertiesFileDecoder done
Event: 43.084 Loading class java/util/ResourceBundle$BundleReference
Event: 43.084 Loading class java/util/ResourceBundle$BundleReference done
Event: 43.149 Loading class java/nio/file/FileVisitor
Event: 43.150 Loading class java/nio/file/FileVisitor done
Event: 43.169 Loading class java/nio/file/FileSystemAlreadyExistsException
Event: 43.169 Loading class java/nio/file/FileSystemAlreadyExistsException done
Event: 43.169 Loading class java/nio/file/ProviderNotFoundException
Event: 43.169 Loading class java/nio/file/ProviderNotFoundException done
Event: 43.169 Loading class java/nio/channels/ClosedByInterruptException
Event: 43.169 Loading class java/nio/channels/AsynchronousCloseException
Event: 43.169 Loading class java/nio/channels/ClosedChannelException
Event: 43.169 Loading class java/nio/channels/ClosedChannelException done
Event: 43.169 Loading class java/nio/channels/AsynchronousCloseException done
Event: 43.169 Loading class java/nio/channels/ClosedByInterruptException done

Classes unloaded (20 events):
Event: 43.063 Thread 0x0000028f7b357150 Unloading class 0x0000028f0127c000 'java/lang/invoke/LambdaForm$DMH+0x0000028f0127c000'
Event: 43.063 Thread 0x0000028f7b357150 Unloading class 0x0000028f01196400 'java/lang/invoke/LambdaForm$MH+0x0000028f01196400'
Event: 43.063 Thread 0x0000028f7b357150 Unloading class 0x0000028f01195800 'java/lang/invoke/LambdaForm$MH+0x0000028f01195800'
Event: 43.063 Thread 0x0000028f7b357150 Unloading class 0x0000028f01181400 'java/lang/invoke/LambdaForm$DMH+0x0000028f01181400'
Event: 43.063 Thread 0x0000028f7b357150 Unloading class 0x0000028f01136400 'java/lang/invoke/LambdaForm$MH+0x0000028f01136400'
Event: 43.063 Thread 0x0000028f7b357150 Unloading class 0x0000028f01135c00 'java/lang/invoke/LambdaForm$MH+0x0000028f01135c00'
Event: 43.063 Thread 0x0000028f7b357150 Unloading class 0x0000028f01135800 'java/lang/invoke/LambdaForm$MH+0x0000028f01135800'
Event: 43.063 Thread 0x0000028f7b357150 Unloading class 0x0000028f01135400 'java/lang/invoke/LambdaForm$MH+0x0000028f01135400'
Event: 43.063 Thread 0x0000028f7b357150 Unloading class 0x0000028f01135000 'java/lang/invoke/LambdaForm$MH+0x0000028f01135000'
Event: 43.063 Thread 0x0000028f7b357150 Unloading class 0x0000028f01134800 'java/lang/invoke/LambdaForm$MH+0x0000028f01134800'
Event: 43.063 Thread 0x0000028f7b357150 Unloading class 0x0000028f01134400 'java/lang/invoke/LambdaForm$MH+0x0000028f01134400'
Event: 43.063 Thread 0x0000028f7b357150 Unloading class 0x0000028f01134000 'java/lang/invoke/LambdaForm$MH+0x0000028f01134000'
Event: 43.063 Thread 0x0000028f7b357150 Unloading class 0x0000028f01120000 'java/lang/invoke/LambdaForm$MH+0x0000028f01120000'
Event: 43.063 Thread 0x0000028f7b357150 Unloading class 0x0000028f0111cc00 'java/lang/invoke/LambdaForm$MH+0x0000028f0111cc00'
Event: 43.063 Thread 0x0000028f7b357150 Unloading class 0x0000028f01015000 'java/lang/invoke/LambdaForm$MH+0x0000028f01015000'
Event: 43.063 Thread 0x0000028f7b357150 Unloading class 0x0000028f01014400 'java/lang/invoke/LambdaForm$MH+0x0000028f01014400'
Event: 43.063 Thread 0x0000028f7b357150 Unloading class 0x0000028f01014000 'java/lang/invoke/LambdaForm$MH+0x0000028f01014000'
Event: 43.063 Thread 0x0000028f7b357150 Unloading class 0x0000028f01013c00 'java/lang/invoke/LambdaForm$MH+0x0000028f01013c00'
Event: 43.063 Thread 0x0000028f7b357150 Unloading class 0x0000028f01013400 'java/lang/invoke/LambdaForm$MH+0x0000028f01013400'
Event: 43.063 Thread 0x0000028f7b357150 Unloading class 0x0000028f01012800 'java/lang/invoke/LambdaForm$MH+0x0000028f01012800'

Classes redefined (0 events):
No events

Internal exceptions (20 events):
Event: 41.345 Thread 0x0000028f45ac60d0 Exception <a 'sun/nio/fs/WindowsException'{0x000000008656c740}> (0x000000008656c740) 
thrown [s\src\hotspot\share\prims\jni.cpp, line 520]
Event: 41.345 Thread 0x0000028f45ac60d0 Exception <a 'sun/nio/fs/WindowsException'{0x000000008656cb60}> (0x000000008656cb60) 
thrown [s\src\hotspot\share\prims\jni.cpp, line 520]
Event: 41.345 Thread 0x0000028f45ac60d0 Exception <a 'sun/nio/fs/WindowsException'{0x000000008656d5f8}> (0x000000008656d5f8) 
thrown [s\src\hotspot\share\prims\jni.cpp, line 520]
Event: 41.345 Thread 0x0000028f45ac60d0 Exception <a 'sun/nio/fs/WindowsException'{0x000000008656da38}> (0x000000008656da38) 
thrown [s\src\hotspot\share\prims\jni.cpp, line 520]
Event: 41.345 Thread 0x0000028f45ac60d0 Exception <a 'sun/nio/fs/WindowsException'{0x000000008656e4c0}> (0x000000008656e4c0) 
thrown [s\src\hotspot\share\prims\jni.cpp, line 520]
Event: 41.345 Thread 0x0000028f45ac60d0 Exception <a 'sun/nio/fs/WindowsException'{0x000000008656e8f0}> (0x000000008656e8f0) 
thrown [s\src\hotspot\share\prims\jni.cpp, line 520]
Event: 41.345 Thread 0x0000028f45ac60d0 Exception <a 'sun/nio/fs/WindowsException'{0x000000008656f388}> (0x000000008656f388) 
thrown [s\src\hotspot\share\prims\jni.cpp, line 520]
Event: 41.345 Thread 0x0000028f45ac60d0 Exception <a 'sun/nio/fs/WindowsException'{0x000000008656f7c8}> (0x000000008656f7c8) 
thrown [s\src\hotspot\share\prims\jni.cpp, line 520]
Event: 41.345 Thread 0x0000028f45ac60d0 Exception <a 'sun/nio/fs/WindowsException'{0x0000000086570278}> (0x0000000086570278) 
thrown [s\src\hotspot\share\prims\jni.cpp, line 520]
Event: 41.346 Thread 0x0000028f45ac60d0 Exception <a 'sun/nio/fs/WindowsException'{0x00000000865706d8}> (0x00000000865706d8) 
thrown [s\src\hotspot\share\prims\jni.cpp, line 520]
Event: 41.346 Thread 0x0000028f45ac60d0 Exception <a 'sun/nio/fs/WindowsException'{0x00000000865711a0}> (0x00000000865711a0) 
thrown [s\src\hotspot\share\prims\jni.cpp, line 520]
Event: 41.346 Thread 0x0000028f45ac60d0 Exception <a 'sun/nio/fs/WindowsException'{0x0000000086571618}> (0x0000000086571618) 
thrown [s\src\hotspot\share\prims\jni.cpp, line 520]
Event: 41.346 Thread 0x0000028f45ac60d0 Exception <a 'sun/nio/fs/WindowsException'{0x00000000865720d8}> (0x00000000865720d8) 
thrown [s\src\hotspot\share\prims\jni.cpp, line 520]
Event: 41.346 Thread 0x0000028f45ac60d0 Exception <a 'sun/nio/fs/WindowsException'{0x0000000086572548}> (0x0000000086572548) 
thrown [s\src\hotspot\share\prims\jni.cpp, line 520]
Event: 42.134 Thread 0x0000028f463ba9d0 Exception <a 'java/lang/IncompatibleClassChangeError'{0x000000008bb9f5e8}: Found class java.lang.Object, but interface was expected> (0x000000008bb9f5e8) 
thrown [s\src\hotspot\share\interpreter\linkResolver.cpp, line 840]
Event: 42.953 Thread 0x0000028f45ac7b10 Exception <a 'java/lang/IncompatibleClassChangeError'{0x0000000088884248}: Found class java.lang.Object, but interface was expected> (0x0000000088884248) 
thrown [s\src\hotspot\share\interpreter\linkResolver.cpp, line 840]
Event: 42.953 Thread 0x0000028f45accab0 Exception <a 'java/lang/IncompatibleClassChangeError'{0x0000000088891880}: Found class java.lang.Object, but interface was expected> (0x0000000088891880) 
thrown [s\src\hotspot\share\interpreter\linkResolver.cpp, line 840]
Event: 42.953 Thread 0x0000028f45acd140 Exception <a 'java/lang/IncompatibleClassChangeError'{0x0000000088867b70}: Found class java.lang.Object, but interface was expected> (0x0000000088867b70) 
thrown [s\src\hotspot\share\interpreter\linkResolver.cpp, line 840]
Event: 42.953 Thread 0x0000028f45acbd90 Exception <a 'java/lang/IncompatibleClassChangeError'{0x0000000088898ed0}: Found class java.lang.Object, but interface was expected> (0x0000000088898ed0) 
thrown [s\src\hotspot\share\interpreter\linkResolver.cpp, line 840]
Event: 42.953 Thread 0x0000028f45acde60 Exception <a 'java/lang/IncompatibleClassChangeError'{0x000000008888e018}: Found class java.lang.Object, but interface was expected> (0x000000008888e018) 
thrown [s\src\hotspot\share\interpreter\linkResolver.cpp, line 840]

ZGC Phase Switch (0 events):
No events

VM Operations (20 events):
Event: 43.060 Executing VM operation: G1CollectForAllocation (G1 Evacuation Pause) done
Event: 43.061 Executing VM operation: G1PauseRemark
Event: 43.072 Executing VM operation: G1PauseRemark done
Event: 43.108 Executing VM operation: G1PauseCleanup
Event: 43.108 Executing VM operation: G1PauseCleanup done
Event: 43.111 Executing VM operation: G1CollectForAllocation (G1 Evacuation Pause)
Event: 43.112 Executing VM operation: G1CollectForAllocation (G1 Evacuation Pause) done
Event: 43.112 Executing VM operation: G1CollectForAllocation (GCLocker Initiated GC)
Event: 43.116 Executing VM operation: G1CollectForAllocation (GCLocker Initiated GC) done
Event: 43.142 Executing VM operation: G1CollectForAllocation (G1 Evacuation Pause)
Event: 43.149 Executing VM operation: G1CollectForAllocation (G1 Evacuation Pause) done
Event: 43.150 Executing VM operation: G1CollectForAllocation (GCLocker Initiated GC)
Event: 43.154 Executing VM operation: G1CollectForAllocation (GCLocker Initiated GC) done
Event: 43.174 Executing VM operation: G1CollectForAllocation (G1 Evacuation Pause)
Event: 43.213 Executing VM operation: G1CollectForAllocation (G1 Evacuation Pause) done
Event: 43.214 Executing VM operation: G1CollectForAllocation (GCLocker Initiated GC)
Event: 43.218 Executing VM operation: G1CollectForAllocation (GCLocker Initiated GC) done
Event: 43.245 Executing VM operation: G1CollectForAllocation (G1 Evacuation Pause)
Event: 43.246 Executing VM operation: G1CollectForAllocation (G1 Evacuation Pause) done
Event: 43.246 Executing VM operation: G1CollectForAllocation (GCLocker Initiated GC)

Memory protections (0 events):
No events

Nmethod flushes (20 events):
Event: 41.843 Thread 0x0000028f7b357150 flushing  nmethod 0x0000028f73497c90
Event: 41.843 Thread 0x0000028f7b357150 flushing  nmethod 0x0000028f73502890
Event: 41.843 Thread 0x0000028f7b357150 flushing  nmethod 0x0000028f73524990
Event: 41.843 Thread 0x0000028f7b357150 flushing  nmethod 0x0000028f7320f490
Event: 41.843 Thread 0x0000028f7b357150 flushing  nmethod 0x0000028f73250f10
Event: 41.843 Thread 0x0000028f7b357150 flushing  nmethod 0x0000028f73251490
Event: 42.433 Thread 0x0000028f7b357150 flushing  nmethod 0x0000028f73450810
Event: 42.433 Thread 0x0000028f7b357150 flushing  nmethod 0x0000028f7348b990
Event: 42.433 Thread 0x0000028f7b357150 flushing  nmethod 0x0000028f739cae10
Event: 42.433 Thread 0x0000028f7b357150 flushing  nmethod 0x0000028f739cc090
Event: 42.433 Thread 0x0000028f7b357150 flushing  nmethod 0x0000028f73764210
Event: 42.433 Thread 0x0000028f7b357150 flushing  nmethod 0x0000028f7381b810
Event: 42.433 Thread 0x0000028f7b357150 flushing  nmethod 0x0000028f734cd690
Event: 42.433 Thread 0x0000028f7b357150 flushing  nmethod 0x0000028f73740510
Event: 42.433 Thread 0x0000028f7b357150 flushing  nmethod 0x0000028f736aa990
Event: 42.433 Thread 0x0000028f7b357150 flushing  nmethod 0x0000028f7399a410
Event: 42.433 Thread 0x0000028f7b357150 flushing  nmethod 0x0000028f73504490
Event: 43.071 Thread 0x0000028f7b357150 flushing  nmethod 0x0000028f739dfa10
Event: 43.071 Thread 0x0000028f7b357150 flushing  nmethod 0x0000028f7324ab10
Event: 43.071 Thread 0x0000028f7b357150 flushing  nmethod 0x0000028f739e4b90

Events (20 events):
Event: 41.017 Thread 0x0000028f45fe2680 Thread added: 0x0000028f45ac9550
Event: 41.050 Thread 0x0000028f463ba9d0 Thread added: 0x0000028f45ac6760
Event: 41.164 Thread 0x0000028f7b3b6100 Thread added: 0x0000028f450950b0
Event: 41.164 Thread 0x0000028f7b3b6100 Thread added: 0x0000028f45095e50
Event: 41.164 Thread 0x0000028f7b3b6100 Thread added: 0x0000028f45094310
Event: 41.308 Thread 0x0000028f7b343650 Thread added: 0x0000028f45ac60d0
Event: 41.330 Thread 0x0000028f45ac60d0 Thread added: 0x0000028f45ac8ec0
Event: 41.331 Thread 0x0000028f45ac60d0 Thread added: 0x0000028f45ac6df0
Event: 41.331 Thread 0x0000028f45ac60d0 Thread added: 0x0000028f45ac7480
Event: 41.331 Thread 0x0000028f45ac60d0 Thread added: 0x0000028f45ac7b10
Event: 41.331 Thread 0x0000028f45ac60d0 Thread added: 0x0000028f45ac81a0
Event: 41.331 Thread 0x0000028f45ac60d0 Thread added: 0x0000028f45ac8830
Event: 41.332 Thread 0x0000028f45ac60d0 Thread added: 0x0000028f45acd140
Event: 41.332 Thread 0x0000028f45ac60d0 Thread added: 0x0000028f45acd7d0
Event: 41.332 Thread 0x0000028f45ac60d0 Thread added: 0x0000028f45ace4f0
Event: 41.332 Thread 0x0000028f45ac60d0 Thread added: 0x0000028f45acbd90
Event: 41.332 Thread 0x0000028f45ac60d0 Thread added: 0x0000028f45acc420
Event: 41.332 Thread 0x0000028f45ac60d0 Thread added: 0x0000028f45accab0
Event: 41.332 Thread 0x0000028f45ac60d0 Thread added: 0x0000028f45acde60
Event: 41.447 Thread 0x0000028f467ba8d0 Thread added: 0x0000028f45aceb80


Dynamic libraries:
0x00007ff79a8a0000 - 0x00007ff79a8ae000 	c:\Users\Glymin Terra Selasi\.trae\extensions\redhat.java-1.52.0-win32-x64\jre\21.0.9-win32-x86_64\bin\java.exe
0x00007ffdecda0000 - 0x00007ffded008000 	C:\WINDOWS\SYSTEM32\ntdll.dll
0x00007ffdeb4e0000 - 0x00007ffdeb5a9000 	C:\WINDOWS\System32\KERNEL32.DLL
0x00007ffdea770000 - 0x00007ffdeab62000 	C:\WINDOWS\System32\KERNELBASE.dll
0x00007ffdea150000 - 0x00007ffdea29b000 	C:\WINDOWS\System32\ucrtbase.dll
0x00007ffd92330000 - 0x00007ffd9234e000 	c:\Users\Glymin Terra Selasi\.trae\extensions\redhat.java-1.52.0-win32-x64\jre\21.0.9-win32-x86_64\bin\VCRUNTIME140.dll
0x00007ffd92310000 - 0x00007ffd92328000 	c:\Users\Glymin Terra Selasi\.trae\extensions\redhat.java-1.52.0-win32-x64\jre\21.0.9-win32-x86_64\bin\jli.dll
0x00007ffdeab70000 - 0x00007ffdead35000 	C:\WINDOWS\System32\USER32.dll
0x00007ffdea410000 - 0x00007ffdea437000 	C:\WINDOWS\System32\win32u.dll
0x00007ffdeb490000 - 0x00007ffdeb4bb000 	C:\WINDOWS\System32\GDI32.dll
0x00007ffdea640000 - 0x00007ffdea76d000 	C:\WINDOWS\System32\gdi32full.dll
0x00007ffdea2a0000 - 0x00007ffdea343000 	C:\WINDOWS\System32\msvcp_win.dll
0x00007ffdd0720000 - 0x00007ffdd09b3000 	C:\WINDOWS\WinSxS\amd64_microsoft.windows.common-controls_6595b64144ccf1df_6.0.26100.6899_none_3e0efeeae32e88c1\COMCTL32.dll
0x00007ffdeb200000 - 0x00007ffdeb2a9000 	C:\WINDOWS\System32\msvcrt.dll
0x00007ffdeb0c0000 - 0x00007ffdeb0ef000 	C:\WINDOWS\System32\IMM32.DLL
0x00007ffd98250000 - 0x00007ffd9825c000 	c:\Users\Glymin Terra Selasi\.trae\extensions\redhat.java-1.52.0-win32-x64\jre\21.0.9-win32-x86_64\bin\vcruntime140_1.dll
0x00007ffcfa0a0000 - 0x00007ffcfa12d000 	c:\Users\Glymin Terra Selasi\.trae\extensions\redhat.java-1.52.0-win32-x64\jre\21.0.9-win32-x86_64\bin\msvcp140.dll
0x00007ffcf6260000 - 0x00007ffcf7000000 	c:\Users\Glymin Terra Selasi\.trae\extensions\redhat.java-1.52.0-win32-x64\jre\21.0.9-win32-x86_64\bin\server\jvm.dll
0x00007ffdeae50000 - 0x00007ffdeaf04000 	C:\WINDOWS\System32\ADVAPI32.dll
0x00007ffdebe40000 - 0x00007ffdebee6000 	C:\WINDOWS\System32\sechost.dll
0x00007ffdeaf90000 - 0x00007ffdeb0a8000 	C:\WINDOWS\System32\RPCRT4.dll
0x00007ffdeb690000 - 0x00007ffdeb704000 	C:\WINDOWS\System32\WS2_32.dll
0x00007ffde9d90000 - 0x00007ffde9dee000 	C:\WINDOWS\SYSTEM32\POWRPROF.dll
0x00007ffde27c0000 - 0x00007ffde27f5000 	C:\WINDOWS\SYSTEM32\WINMM.dll
0x00007ffde2630000 - 0x00007ffde263b000 	C:\WINDOWS\SYSTEM32\VERSION.dll
0x00007ffde9d70000 - 0x00007ffde9d84000 	C:\WINDOWS\SYSTEM32\UMPDC.dll
0x00007ffde8cd0000 - 0x00007ffde8ceb000 	C:\WINDOWS\SYSTEM32\kernel.appcore.dll
0x00007ffd92300000 - 0x00007ffd9230a000 	c:\Users\Glymin Terra Selasi\.trae\extensions\redhat.java-1.52.0-win32-x64\jre\21.0.9-win32-x86_64\bin\jimage.dll
0x00007ffde7760000 - 0x00007ffde79a2000 	C:\WINDOWS\SYSTEM32\DBGHELP.DLL
0x00007ffdeb8b0000 - 0x00007ffdebc2b000 	C:\WINDOWS\System32\combase.dll
0x00007ffdeb5b0000 - 0x00007ffdeb687000 	C:\WINDOWS\System32\OLEAUT32.dll
0x00007ffdacb40000 - 0x00007ffdacb7c000 	C:\WINDOWS\SYSTEM32\dbgcore.DLL
0x00007ffde9f30000 - 0x00007ffde9fc8000 	C:\WINDOWS\System32\bcryptPrimitives.dll
0x00007ffd18ea0000 - 0x00007ffd18ec0000 	c:\Users\Glymin Terra Selasi\.trae\extensions\redhat.java-1.52.0-win32-x64\jre\21.0.9-win32-x86_64\bin\java.dll
0x00007ffdec5b0000 - 0x00007ffdeccfd000 	C:\WINDOWS\System32\SHELL32.dll
0x00007ffdea440000 - 0x00007ffdea5ab000 	C:\WINDOWS\System32\wintypes.dll
0x00007ffde7b40000 - 0x00007ffde839d000 	C:\WINDOWS\SYSTEM32\windows.storage.dll
0x00007ffdeb100000 - 0x00007ffdeb1f2000 	C:\WINDOWS\System32\SHCORE.dll
0x00007ffdec430000 - 0x00007ffdec492000 	C:\WINDOWS\System32\shlwapi.dll
0x00007ffde9e50000 - 0x00007ffde9e79000 	C:\WINDOWS\SYSTEM32\profapi.dll
0x00007ffd18cf0000 - 0x00007ffd18d08000 	c:\Users\Glymin Terra Selasi\.trae\extensions\redhat.java-1.52.0-win32-x64\jre\21.0.9-win32-x86_64\bin\zip.dll
0x00007ffd75070000 - 0x00007ffd75080000 	C:\Users\Glymin Terra Selasi\.trae\extensions\redhat.java-1.52.0-win32-x64\jre\21.0.9-win32-x86_64\bin\net.dll
0x00007ffddada0000 - 0x00007ffddaebf000 	C:\WINDOWS\SYSTEM32\WINHTTP.dll
0x00007ffde9270000 - 0x00007ffde92db000 	C:\WINDOWS\system32\mswsock.dll
0x00007ffd18cd0000 - 0x00007ffd18ce6000 	C:\Users\Glymin Terra Selasi\.trae\extensions\redhat.java-1.52.0-win32-x64\jre\21.0.9-win32-x86_64\bin\nio.dll
0x00007ffd73f00000 - 0x00007ffd73f10000 	c:\Users\Glymin Terra Selasi\.trae\extensions\redhat.java-1.52.0-win32-x64\jre\21.0.9-win32-x86_64\bin\verify.dll
0x00007ffde9520000 - 0x00007ffde953b000 	C:\WINDOWS\SYSTEM32\CRYPTSP.dll
0x00007ffde8c30000 - 0x00007ffde8c6b000 	C:\WINDOWS\system32\rsaenh.dll
0x00007ffde9310000 - 0x00007ffde933b000 	C:\WINDOWS\SYSTEM32\USERENV.dll
0x00007ffde9e20000 - 0x00007ffde9e46000 	C:\WINDOWS\SYSTEM32\bcrypt.dll
0x00007ffde9540000 - 0x00007ffde954c000 	C:\WINDOWS\SYSTEM32\CRYPTBASE.dll
0x00007ffde8660000 - 0x00007ffde8694000 	C:\WINDOWS\SYSTEM32\IPHLPAPI.DLL
0x00007ffdeb4d0000 - 0x00007ffdeb4da000 	C:\WINDOWS\System32\NSI.dll
0x00007ffdd3540000 - 0x00007ffdd354a000 	C:\Users\Glymin Terra Selasi\.trae\extensions\redhat.java-1.52.0-win32-x64\jre\21.0.9-win32-x86_64\bin\management.dll
0x00007ffdd3530000 - 0x00007ffdd353c000 	C:\Users\Glymin Terra Selasi\.trae\extensions\redhat.java-1.52.0-win32-x64\jre\21.0.9-win32-x86_64\bin\management_ext.dll
0x00007ffdeb4c0000 - 0x00007ffdeb4c8000 	C:\WINDOWS\System32\PSAPI.DLL

JVMTI agents: none

dbghelp: loaded successfully - version: 4.0.5 - missing functions: none
symbol engine: initialized successfully - sym options: 0x614 - pdb path: .;c:\Users\Glymin Terra Selasi\.trae\extensions\redhat.java-1.52.0-win32-x64\jre\21.0.9-win32-x86_64\bin;C:\WINDOWS\SYSTEM32;C:\WINDOWS\WinSxS\amd64_microsoft.windows.common-controls_6595b64144ccf1df_6.0.26100.6899_none_3e0efeeae32e88c1;c:\Users\Glymin Terra Selasi\.trae\extensions\redhat.java-1.52.0-win32-x64\jre\21.0.9-win32-x86_64\bin\server

VM Arguments:
jvm_args: -Dsts.lsp.client=vscode -Dsts.log.file=/dev/null -XX:TieredStopAtLevel=1 -Xlog:jni+resolve=off -Dspring.config.location=file:c:\Users\Glymin Terra Selasi\.trae\extensions\pivotal.vscode-spring-boot-1.43.0-universal\language-server\BOOT-INF\classes\application.properties 
java_command: org.springframework.ide.vscode.boot.app.BootLanguageServerBootApp
java_class_path (initial): c:\Users\Glymin Terra Selasi\.trae\extensions\pivotal.vscode-spring-boot-1.43.0-universal\language-server\BOOT-INF\classes;c:\Users\Glymin Terra Selasi\.trae\extensions\pivotal.vscode-spring-boot-1.43.0-universal\language-server\BOOT-INF\lib\annotations-23.1.0.jar;c:\Users\Glymin Terra Selasi\.trae\extensions\pivotal.vscode-spring-boot-1.43.0-universal\language-server\BOOT-INF\lib\ant-1.10.12.jar;c:\Users\Glymin Terra Selasi\.trae\extensions\pivotal.vscode-spring-boot-1.43.0-universal\language-server\BOOT-INF\lib\ant-launcher-1.10.12.jar;c:\Users\Glymin Terra Selasi\.trae\extensions\pivotal.vscode-spring-boot-1.43.0-universal\language-server\BOOT-INF\lib\antlr-runtime-3.5.2.jar;c:\Users\Glymin Terra Selasi\.trae\extensions\pivotal.vscode-spring-boot-1.43.0-universal\language-server\BOOT-INF\lib\antlr4-4.9.3.jar;c:\Users\Glymin Terra Selasi\.trae\extensions\pivotal.vscode-spring-boot-1.43.0-universal\language-server\BOOT-INF\lib\antlr4-runtime-4.9.3.jar;c:\Users\Glymin Terra Selasi\.trae\extensions\pivotal.vscode-spring-boot-1.43.0-universal\language-server\BOOT-INF\lib\apiguardian-api-1.1.2.jar;c:\Users\Glymin Terra Selasi\.trae\extensions\pivotal.vscode-spring-boot-1.43.0-universal\language-server\BOOT-INF\lib\asm-9.4.jar;c:\Users\Glymin Terra Selasi\.trae\extensions\pivotal.vscode-spring-boot-1.43.0-universal\language-server\BOOT-INF\lib\asm-analysis-9.4.jar;c:\Users\Glymin Terra Selasi\.trae\extensions\pivotal.vscode-spring-boot-1.43.0-universal\language-server\BOOT-INF\lib\asm-tree-9.4.jar;c:\Users\Glymin Terra Selasi\.trae\extensions\pivotal.vscode-spring-boot-1.43.0-universal\language-server\BOOT-INF\lib\asm-util-9.4.jar;c:\Users\Glymin Terra Selasi\.trae\extensions\pivotal.vscode-spring-boot-1.43.0-universal\language-server\BOOT-INF\lib\caffeine-3.1.2.jar;c:\Users\Glymin Terra Selasi\.trae\extensions\pivotal.vscode-spring-boot-1.43.0-universal\language-server\BOOT-INF\lib\checker-qual-3.12.0.jar;c:\Users\Glymin Terra Selasi\.trae\extensions\pivotal.vscode-spring-boot-1.43.0-universal\language-server\BOOT-INF\lib\ci-environment-9.1.0.jar;c:\Users\Glymin Terra Selasi\.trae\extensions\pivotal.vscode-spring-boot-1.43.0-universal\language-server\BOOT-INF\lib\classgraph-4.8.149.jar;c:\Users\Glymin Terra Selasi\.trae\extensions\pivotal.vscode-spring-boot-1.43.0-universal\language-server\BOOT-INF\lib\commons-codec-1.15.jar;c:\Users\Glymin Terra Selasi\.trae\extensions\pivotal.vscode-spring-boot-1.43.0-universal\language-server\BOOT-INF\lib\commons-compress-1.22.jar;c:\Users\Glymin Terra Selasi\.trae\extensions\pivotal.vscode-spring-boot-1.43.0-universal\language-server\BOOT-INF\lib\commons-io-2.4.jar;c:\Users\Glymin Terra Selasi\.trae\extensions\pivotal.vscode-spring-boot-1.43.0-universal\language-server\BOOT-INF\lib\commons-java-1.43.0-SNAPSHOT.jar;c:\Users\Glymin Terra Selasi\.trae\extensions\pivotal.vscode-spring-boot-1.43.0-universal\language-server\BOOT-INF\lib\commons-lang3-3.12.0.jar;c:\Users\Glymin Terra Selasi\.trae\extensions\pivotal.vscode-spring-boot-1.43.0-universal\language-server\BOOT-INF\lib\commons-language-server-1.43.0-SNAPSHOT.jar;c:\Users\Glymin Terra Selasi\.trae\extensions\pivotal.vscode-spring-boot-1.43.0-universal\language-server\BOOT-INF\lib\commons-lsp-extensions-1.43.0-SNAPSHOT.jar;c:\Users\Glymin Terra Selasi\.trae\extensions\pivotal.vscode-spring-boot-1.43.0-universal\language-server\BOOT-INF\lib\commons-rewrite-1.43.0-SNAPSHOT.jar;c:\Users\Glymin Terra Selasi\.trae\extensions\pivotal.vscode-spring-boot-1.43.0-universal\language-server\BOOT-INF\lib\commons-text-1.10.0.jar;c:\Users\Glymin Terra Selasi\.trae\extensions\pivotal.vscode-spring-boot-1.43.0-universal\language-server\BOOT-INF\lib\commons-util-1.43.0-SNAPSHOT.jar;c:\Users\Glymin Terra Selasi\.trae\extensions\pivotal.vscode-spring-boot-1.43.0-universal\language-server\BOOT-INF\lib\commons-yaml-1.43.0-SNAPSHOT.jar;c:\Users\Glymin Terra Selasi\.trae\extensions\pivotal.vscode-spring-boot-1.43.0-universal\language-server\BOOT-INF\lib\cucumber-core-7.9.0.jar;c:\Users\Glymin Terra Selasi\.trae\extensions\pivotal.vscode-spring-boot-1.43.0-universal\language-server\BOOT-INF\lib\cucumber-expressions-16.0.0.jar;c:\Users\Glymin Terra Selasi\.trae\extensions\pivotal.vscode-spring-boot-1.43.0-universal\language-server\BOOT-INF\lib\cucumber-gherkin-7.9.0.jar;c:\Users\Glymin Terra Selasi\.trae\extensions\pivotal.vscode-spring-boot-1.43.0-universal\language-server\BOOT-INF\lib\cucumber-gherkin-messages-7.9.0.jar;c:\Users\Glymin Terra Selasi\.trae\extensions\pivotal.vscode-spring-boot-1.43.0-universal\language-server\BOOT-INF\lib\cucumber-java-7.9.0.jar;c:\Users\Glymin Terra Selasi\.trae\extensions\pivotal.vscode-spring-boot-1.43.0-universal\language-server\BOOT-INF\lib\cucumber-java8-7.9.0.jar;c:\Users\Glymin Terra Selasi\.trae\extensions\pivotal.vscode-spring-boot-1.43.0-universal\language-server\BOOT-INF\lib\cucumber-junit-platform-engine-7.9.0.jar;c:\Users\Glymin Terra Selasi\.trae\extensions\pivotal.vscode-spring-boot-1.43.0-universal\language-server\BOOT-INF\lib\cucumber-plugin-7.9.0.jar;c:\Users\Glymin Terra Selasi\.trae\extensions\pivotal.vscode-spring-boot-1.43.0-universal\language-server\BOOT-INF\lib\datatable-7.9.0.jar;c:\Users\Glymin Terra Selasi\.trae\extensions\pivotal.vscode-spring-boot-1.43.0-universal\language-server\BOOT-INF\lib\docstring-7.9.0.jar;c:\Users\Glymin Terra Selasi\.trae\extensions\pivotal.vscode-spring-boot-1.43.0-universal\language-server\BOOT-INF\lib\error_prone_annotations-2.11.0.jar;c:\Users\Glymin Terra Selasi\.trae\extensions\pivotal.vscode-spring-boot-1.43.0-universal\language-server\BOOT-INF\lib\failureaccess-1.0.1.jar;c:\Users\Glymin Terra Selasi\.trae\extensions\pivotal.vscode-spring-boot-1.43.0-universal\language-server\BOOT-INF\lib\fastfilter-1.0.2.jar;c:\Users\Glymin Terra Selasi\.trae\extensions\pivotal.vscode-spring-boot-1.43.0-universal\language-server\BOOT-INF\lib\gherkin-24.1.0.jar;c:\Users\Glymin Terra Selasi\.trae\extensions\pivotal.vscode-spring-boot-1.43.0-universal\language-server\BOOT-INF\lib\gizmo-1.0.11.Final.jar;c:\Users\Glymin Terra Selasi\.trae\extensions\pivotal.vscode-spring-boot-1.43.0-universal\language-server\BOOT-INF\lib\gson-2.9.1.jar;c:\Users\Glymin Terra Selasi\.trae\extensions\pivotal.vscode-spring-boot-1.43.0-universal\language-server\BOOT-INF\lib\guava-31.1-jre.jar;c:\Users\Glymin Terra Selasi\.trae\extensions\pivotal.vscode-spring-boot-1.43.0-universal\language-server\BOOT-INF\lib\hamcrest-2.2.jar;c:\Users\Glymin Terra Selasi\.trae\extensions\pivotal.vscode-spring-boot-1.43.0-universal\language-server\BOOT-INF\lib\HdrHistogram-2.1.12.jar;c:\Users\Glymin Terra Selasi\.trae\extensions\pivotal.vscode-spring-boot-1.43.0-universal\language-server\BOOT-INF\lib\html-formatter-20.1.0.jar;c:\Users\Glymin Terra Selasi\.trae\extensions\pivotal.vscode-spring-boot-1.43.0-universal\language-server\BOOT-INF\lib\icu4j-69.1.jar;c:\Users\Glymin Terra Selasi\.trae\extensions\pivotal.vscode-spring-boot-1.43.0-universal\language-server\BOOT-INF\lib\j2objc-annotations-1.3.jar;c:\Users\Glymin Terra Selasi\.trae\extensions\pivotal.vscode-spring-boot-1.43.0-universal\language-server\BOOT-INF\lib\jackson-annotations-2.14.1.jar;c:\Users\Glymin Terra Selasi\.trae\extensions\pivotal.vscode-spring-boot-1.43.0-universal\language-server\BOOT-INF\lib\jackson-core-2.14.1.jar;c:\Users\Glymin Terra Selasi\.trae\extensions\pivotal.vscode-spring-boot-1.43.0-universal\language-server\BOOT-INF\lib\jackson-databind-2.14.1.jar;c:\Users\Glymin Terra Selasi\.trae\extensions\pivotal.vscode-spring-boot-1.43.0-universal\language-server\BOOT-INF\lib\jackson-dataformat-smile-2.14.1.jar;c:\Users\Glymin Terra Selasi\.trae\extensions\pivotal.vscode-spring-boot-1.43.0-universal\language-server\BOOT-INF\lib\jackson-dataformat-xml-2.14.1.jar;c:\Users\Glymin Terra Selasi\.trae\extensions\pivotal.vscode-spring-boot-1.43.0-universal\language-server\BOOT-INF\lib\jackson-datatype-jdk8-2.14.1.jar;c:\Users\Glymin Terra Selasi\.trae\extensions\pivotal.vscode-spring-boot-1.43.0-universal\language-server\BOOT-INF\lib\jackson-module-jaxb-annotations-2.14.1.jar;c:\Users\Glymin Terra Selasi\.trae\extensions\pivotal.vscode-spring-boot-1.43.0-universal\language-server\BOOT-INF\lib\jackson-module-parameter-names-2.14.1.jar;c:\Users\Glymin Terra Selasi\.trae\extensions\pivotal.vscode-spring-boot-1.43.0-universal\language-server\BOOT-INF\lib\jakarta.activation-api-2.1.0.jar;c:\Users\Glymin Terra Selasi\.trae\extensions\pivotal.vscode-spring-boot-1.43.0-universal\language-server\BOOT-INF\lib\jakarta.annotation-api-2.1.1.jar;c:\Users\Glymin Terra Selasi\.trae\extensions\pivotal.vscode-spring-boot-1.43.0-universal\language-server\BOOT-INF\lib\jakarta.xml.bind-api-4.0.0.jar;c:\Users\Glymin Terra Selasi\.trae\extensions\pivotal.vscode-spring-boot-1.43.0-universal\language-server\BOOT-INF\lib\jandex-2.0.5.Final.jar;c:\Users\Glymin Terra Selasi\.trae\extensions\pivotal.vscode-spring-boot-1.43.0-universal\language-server\BOOT-INF\lib\java-object-diff-0.95.jar;c:\Users\Glymin Terra Selasi\.trae\extensions\pivotal.vscode-spring-boot-1.43.0-universal\language-server\BOOT-INF\lib\java-properties-1.43.0-SNAPSHOT.jar;c:\Users\Glymin Terra Selasi\.trae\extensions\pivotal.vscode-spring-boot-1.43.0-universal\language-server\BOOT-INF\lib\javax.activation-api-1.2.0.jar;c:\Users\Glymin Terra Selasi\.trae\extensions\pivotal.vscode-spring-boot-1.43.0-universal\language-server\BOOT-INF\lib\javax.inject-1.jar;c:\Users\Glymin Terra Selasi\.trae\extensions\pivotal.vscode-spring-boot-1.43.0-universal\language-server\BOOT-INF\lib\javax.json-1.0.4.jar;c:\Users\Glymin Terra Selasi\.trae\extensions\pivotal.vscode-spring-boot-1.43.0-universal\language-server\BOOT-INF\lib\javolution-core-java-6.0.0.jar;c:\Users\Glymin Terra Selasi\.trae\extensions\pivotal.vscode-spring-boot-1.43.0-universal\language-server\BOOT-INF\lib\jaxb-api-2.3.1.jar;c:\Users\Glymin Terra Selasi\.trae\extensions\pivotal.vscode-spring-boot-1.43.0-universal\language-server\BOOT-INF\lib\jna-5.12.1.jar;c:\Users\Glymin Terra Selasi\.trae\extensions\pivotal.vscode-spring-boot-1.43.0-universal\language-server\BOOT-INF\lib\jna-platform-5.12.1.jar;c:\Users\Glymin Terra Selasi\.trae\extensions\pivotal.vscode-spring-boot-1.43.0-universal\language-server\BOOT-INF\lib\json-20160810.jar;c:\Users\Glymin Terra Selasi\.trae\extensions\pivotal.vscode-spring-boot-1.43.0-universal\language-server\BOOT-INF\lib\jsoup-1.9.2.jar;c:\Users\Glymin Terra Selasi\.trae\extensions\pivotal.vscode-spring-boot-1.43.0-universal\language-server\BOOT-INF\lib\jsr305-3.0.2.jar;c:\Users\Glymin Terra Selasi\.trae\extensions\pivotal.vscode-spring-boot-1.43.0-universal\language-server\BOOT-INF\lib\jul-to-slf4j-2.0.4.jar;c:\Users\Glymin Terra Selasi\.trae\extensions\pivotal.vscode-spring-boot-1.43.0-universal\language-server\BOOT-INF\lib\junit-jupiter-params-5.9.1.jar;c:\Users\Glymin Terra Selasi\.trae\extensions\pivotal.vscode-spring-boot-1.43.0-universal\language-server\BOOT-INF\lib\junit-platform-commons-1.9.1.jar;c:\Users\Glymin Terra Selasi\.trae\extensions\pivotal.vscode-spring-boot-1.43.0-universal\language-server\BOOT-INF\lib\junit-platform-engine-1.9.1.jar;c:\Users\Glymin Terra Selasi\.trae\extensions\pivotal.vscode-spring-boot-1.43.0-universal\language-server\BOOT-INF\lib\junit-platform-suite-api-1.9.1.jar;c:\Users\Glymin Terra Selasi\.trae\extensions\pivotal.vscode-spring-boot-1.43.0-universal\language-server\BOOT-INF\lib\language-server-starter-1.43.0-SNAPSHOT.jar;c:\Users\Glymin Terra Selasi\.trae\extensions\pivotal.vscode-spring-boot-1.43.0-universal\language-server\BOOT-INF\lib\LatencyUtils-2.0.3.jar;c:\Users\Glymin Terra Selasi\.trae\extensions\pivotal.vscode-spring-boot-1.43.0-universal\language-server\BOOT-INF\lib\listenablefuture-9999.0-empty-to-avoid-conflict-with-guava.jar;c:\Users\Glymin Terra Selasi\.trae\extensions\pivotal.vscode-spring-boot-1.43.0-universal\language-server\BOOT-INF\lib\log4j-api-2.19.0.jar;c:\Users\Glymin Terra Selasi\.trae\extensions\pivotal.vscode-spring-boot-1.43.0-universal\language-server\BOOT-INF\lib\log4j-to-slf4j-2.19.0.jar;c:\Users\Glymin Terra Selasi\.trae\extensions\pivotal.vscode-spring-boot-1.43.0-universal\language-server\BOOT-INF\lib\logback-classic-1.4.5.jar;c:\Users\Glymin Terra Selasi\.trae\extensions\pivotal.vscode-spring-boot-1.43.0-universal\language-server\BOOT-INF\lib\logback-core-1.4.5.jar;c:\Users\Glymin Terra Selasi\.trae\extensions\pivotal.vscode-spring-boot-1.43.0-universal\language-server\BOOT-INF\lib\messages-19.1.4.jar;c:\Users\Glymin Terra Selasi\.trae\extensions\pivotal.vscode-spring-boot-1.43.0-universal\language-server\BOOT-INF\lib\micrometer-commons-1.10.2.jar;c:\Users\Glymin Terra Selasi\.trae\extensions\pivotal.vscode-spring-boot-1.43.0-universal\language-server\BOOT-INF\lib\micrometer-core-1.10.2.jar;c:\Users\Glymin Terra Selasi\.trae\extensions\pivotal.vscode-spring-boot-1.43.0-universal\language-server\BOOT-INF\lib\micrometer-observation-1.10.2.jar;c:\Users\Glymin Terra Selasi\.trae\extensions\pivotal.vscode-spring-boot-1.43.0-universal\language-server\BOOT-INF\lib\opentest4j-1.2.0.jar;c:\Users\Glymin Terra Selasi\.trae\extensions\pivotal.vscode-spring-boot-1.43.0-universal\language-server\BOOT-INF\lib\org.abego.treelayout.core-1.0.3.jar;c:\Users\Glymin Terra Selasi\.trae\extensions\pivotal.vscode-spring-boot-1.43.0-universal\language-server\BOOT-INF\lib\org.eclipse.core.commands-3.10.300.jar;c:\Users\Glymin Terra Selasi\.trae\extensions\pivotal.vscode-spring-boot-1.43.0-universal\language-server\BOOT-INF\lib\org.eclipse.core.contenttype-3.8.200.jar;c:\Users\Glymin Terra Selasi\.trae\extensions\pivotal.vscode-spring-boot-1.43.0-universal\language-server\BOOT-INF\lib\org.eclipse.core.expressions-3.8.200.jar;c:\Users\Glymin Terra Selasi\.trae\extensions\pivotal.vscode-spring-boot-1.43.0-universal\language-server\BOOT-INF\lib\org.eclipse.core.filesystem-1.9.500.jar;c:\Users\Glymin Terra Selasi\.trae\extensions\pivotal.vscode-spring-boot-1.43.0-universal\language-server\BOOT-INF\lib\org.eclipse.core.jobs-3.13.200.jar;c:\Users\Glymin Terra Selasi\.trae\extensions\pivotal.vscode-spring-boot-1.43.0-universal\language-server\BOOT-INF\lib\org.eclipse.core.resources-3.18.100.jar;c:\Users\Glymin Terra Selasi\.trae\extensions\pivotal.vscode-spring-boot-1.43.0-universal\language-server\BOOT-INF\lib\org.eclipse.core.runtime-3.26.100.jar;c:\Users\Glymin Terra Selasi\.trae\extensions\pivotal.vscode-spring-boot-1.43.0-universal\language-server\BOOT-INF\lib\org.eclipse.equinox.app-1.6.200.jar;c:\Users\Glymin Terra Selasi\.trae\extensions\pivotal.vscode-spring-boot-1.43.0-universal\language-server\BOOT-INF\lib\org.eclipse.equinox.common-3.17.0.jar;c:\Users\Glymin Terra Selasi\.trae\extensions\pivotal.vscode-spring-boot-1.43.0-universal\language-server\BOOT-INF\lib\org.eclipse.equinox.preferences-3.10.1.jar;c:\Users\Glymin Terra Selasi\.trae\extensions\pivotal.vscode-spring-boot-1.43.0-universal\language-server\BOOT-INF\lib\org.eclipse.equinox.registry-3.11.200.jar;c:\Users\Glymin Terra Selasi\.trae\extensions\pivotal.vscode-spring-boot-1.43.0-universal\language-server\BOOT-INF\lib\org.eclipse.jdt.core-3.32.0.jar;c:\Users\Glymin Terra Selasi\.trae\extensions\pivotal.vscode-spring-boot-1.43.0-universal\language-server\BOOT-INF\lib\org.eclipse.lemminx-0.13.1.jar;c:\Users\Glymin Terra Selasi\.trae\extensions\pivotal.vscode-spring-boot-1.43.0-universal\language-server\BOOT-INF\lib\org.eclipse.lsp4j-0.19.0.jar;c:\Users\Glymin Terra Selasi\.trae\extensions\pivotal.vscode-spring-boot-1.43.0-universal\language-server\BOOT-INF\lib\org.eclipse.lsp4j.generator-0.19.0.jar;c:\Users\Glymin Terra Selasi\.trae\extensions\pivotal.vscode-spring-boot-1.43.0-universal\language-server\BOOT-INF\lib\org.eclipse.lsp4j.jsonrpc-0.19.0.jar;c:\Users\Glymin Terra Selasi\.trae\extensions\pivotal.vscode-spring-boot-1.43.0-universal\language-server\BOOT-INF\lib\org.eclipse.osgi-3.18.200.jar;c:\Users\Glymin Terra Selasi\.trae\extensions\pivotal.vscode-spring-boot-1.43.0-universal\language-server\BOOT-INF\lib\org.eclipse.text-3.12.300.jar;c:\Users\Glymin Terra Selasi\.trae\extensions\pivotal.vscode-spring-boot-1.43.0-universal\language-server\BOOT-INF\lib\org.eclipse.xtend.lib-2.28.0.jar;c:\Users\Glymin Terra Selasi\.trae\extensions\pivotal.vscode-spring-boot-1.43.0-universal\language-server\BOOT-INF\lib\org.eclipse.xtend.lib.macro-2.28.0.jar;c:\Users\Glymin Terra Selasi\.trae\extensions\pivotal.vscode-spring-boot-1.43.0-universal\language-server\BOOT-INF\lib\org.eclipse.xtext.xbase.lib-2.28.0.jar;c:\Users\Glymin Terra Selasi\.trae\extensions\pivotal.vscode-spring-boot-1.43.0-universal\language-server\BOOT-INF\lib\org.json-1.0.0-SNAPSHOT.jar;c:\Users\Glymin Terra Selasi\.trae\extensions\pivotal.vscode-spring-boot-1.43.0-universal\language-server\BOOT-INF\lib\org.osgi.service.prefs-1.1.2.jar;c:\Users\Glymin Terra Selasi\.trae\extensions\pivotal.vscode-spring-boot-1.43.0-universal\language-server\BOOT-INF\lib\osgi.annotation-8.0.1.jar;c:\Users\Glymin Terra Selasi\.trae\extensions\pivotal.vscode-spring-boot-1.43.0-universal\language-server\BOOT-INF\lib\reactive-streams-1.0.4.jar;c:\Users\Glymin Terra Selasi\.trae\extensions\pivotal.vscode-spring-boot-1.43.0-universal\language-server\BOOT-INF\lib\reactor-core-3.5.0.jar;c:\Users\Glymin Terra Selasi\.trae\extensions\pivotal.vscode-spring-boot-1.43.0-universal\language-server\BOOT-INF\lib\remark-1.0.0.jar;c:\Users\Glymin Terra Selasi\.trae\extensions\pivotal.vscode-spring-boot-1.43.0-universal\language-server\BOOT-INF\lib\resilience4j-core-1.7.0.jar;c:\Users\Glymin Terra Selasi\.trae\extensions\pivotal.vscode-spring-boot-1.43.0-universal\language-server\BOOT-INF\lib\resilience4j-retry-1.7.0.jar;c:\Users\Glymin Terra Selasi\.trae\extensions\pivotal.vscode-spring-boot-1.43.0-universal\language-server\BOOT-INF\lib\rewrite-core-7.34.0.jar;c:\Users\Glymin Terra Selasi\.trae\extensions\pivotal.vscode-spring-boot-1.43.0-universal\language-server\BOOT-INF\lib\rewrite-java-11-7.34.0.jar;c:\Users\Glymin Terra Selasi\.trae\extensions\pivotal.vscode-spring-boot-1.43.0-universal\language-server\BOOT-INF\lib\rewrite-java-17-7.34.0.jar;c:\Users\Glymin Terra Selasi\.trae\extensions\pivotal.vscode-spring-boot-1.43.0-universal\language-server\BOOT-INF\lib\rewrite-java-7.34.0.jar;c:\Users\Glymin Terra Selasi\.trae\extensions\pivotal.vscode-spring-boot-1.43.0-universal\language-server\BOOT-INF\lib\rewrite-java-8-7.34.0.jar;c:\Users\Glymin Terra Selasi\.trae\extensions\pivotal.vscode-spring-boot-1.43.0-universal\language-server\BOOT-INF\lib\rewrite-maven-7.34.0.jar;c:\Users\Glymin Terra Selasi\.trae\extensions\pivotal.vscode-spring-boot-1.43.0-universal\language-server\BOOT-INF\lib\rewrite-migrate-java-1.15.0.jar;c:\Users\Glymin Terra Selasi\.trae\extensions\pivotal.vscode-spring-boot-1.43.0-universal\language-server\BOOT-INF\lib\rewrite-properties-7.34.0.jar;c:\Users\Glymin Terra Selasi\.trae\extensions\pivotal.vscode-spring-boot-1.43.0-universal\language-server\BOOT-INF\lib\rewrite-spring-4.31.0.jar;c:\Users\Glymin Terra Selasi\.trae\extensions\pivotal.vscode-spring-boot-1.43.0-universal\language-server\BOOT-INF\lib\rewrite-testing-frameworks-1.32.0.jar;c:\Users\Glymin Terra Selasi\.trae\extensions\pivotal.vscode-spring-boot-1.43.0-universal\language-server\BOOT-INF\lib\rewrite-xml-7.34.0.jar;c:\Users\Glymin Terra Selasi\.trae\extensions\pivotal.vscode-spring-boot-1.43.0-universal\language-server\BOOT-INF\lib\rewrite-yaml-7.34.0.jar;c:\Users\Glymin Terra Selasi\.trae\extensions\pivotal.vscode-spring-boot-1.43.0-universal\language-server\BOOT-INF\lib\slf4j-api-2.0.4.jar;c:\Users\Glymin Terra Selasi\.trae\extensions\pivotal.vscode-spring-boot-1.43.0-universal\language-server\BOOT-INF\lib\snakeyaml-1.33.jar;c:\Users\Glymin Terra Selasi\.trae\extensions\pivotal.vscode-spring-boot-1.43.0-universal\language-server\BOOT-INF\lib\snappy-java-1.1.8.4.jar;c:\Users\Glymin Terra Selasi\.trae\extensions\pivotal.vscode-spring-boot-1.43.0-universal\language-server\BOOT-INF\lib\spring-aop-6.0.2.jar;c:\Users\Glymin Terra Selasi\.trae\extensions\pivotal.vscode-spring-boot-1.43.0-universal\language-server\BOOT-INF\lib\spring-beans-6.0.2.jar;c:\Users\Glymin Terra Selasi\.trae\extensions\pivotal.vscode-spring-boot-1.43.0-universal\language-server\BOOT-INF\lib\spring-boot-3.0.0.jar;c:\Users\Glymin Terra Selasi\.trae\extensions\pivotal.vscode-spring-boot-1.43.0-universal\language-server\BOOT-INF\lib\spring-boot-autoconfigure-3.0.0.jar;c:\Users\Glymin Terra Selasi\.trae\extensions\pivotal.vscode-spring-boot-1.43.0-universal\language-server\BOOT-INF\lib\spring-boot-jarmode-layertools-3.0.0.jar;c:\Users\Glymin Terra Selasi\.trae\extensions\pivotal.vscode-spring-boot-1.43.0-universal\language-server\BOOT-INF\lib\spring-context-6.0.2.jar;c:\Users\Glymin Terra Selasi\.trae\extensions\pivotal.vscode-spring-boot-1.43.0-universal\language-server\BOOT-INF\lib\spring-context-indexer-6.0.2.jar;c:\Users\Glymin Terra Selasi\.trae\extensions\pivotal.vscode-spring-boot-1.43.0-universal\language-server\BOOT-INF\lib\spring-core-6.0.2.jar;c:\Users\Glymin Terra Selasi\.trae\extensions\pivotal.vscode-spring-boot-1.43.0-universal\language-server\BOOT-INF\lib\spring-expression-6.0.2.jar;c:\Users\Glymin Terra Selasi\.trae\extensions\pivotal.vscode-spring-boot-1.43.0-universal\language-server\BOOT-INF\lib\spring-jcl-6.0.2.jar;c:\Users\Glymin Terra Selasi\.trae\extensions\pivotal.vscode-spring-boot-1.43.0-universal\language-server\BOOT-INF\lib\spring-web-6.0.2.jar;c:\Users\Glymin Terra Selasi\.trae\extensions\pivotal.vscode-spring-boot-1.43.0-universal\language-server\BOOT-INF\lib\ST4-4.3.1.jar;c:\Users\Glymin Terra Selasi\.trae\extensions\pivotal.vscode-spring-boot-1.43.0-universal\language-server\BOOT-INF\lib\stax2-api-4.2.1.jar;c:\Users\Glymin Terra Selasi\.trae\extensions\pivotal.vscode-spring-boot-1.43.0-universal\language-server\BOOT-INF\lib\tag-expressions-4.1.0.jar;c:\Users\Glymin Terra Selasi\.trae\extensions\pivotal.vscode-spring-boot-1.43.0-universal\language-server\BOOT-INF\lib\typetools-0.6.3.jar;c:\Users\Glymin Terra Selasi\.trae\extensions\pivotal.vscode-spring-boot-1.43.0-universal\language-server\BOOT-INF\lib\vavr-0.10.2.jar;c:\Users\Glymin Terra Selasi\.trae\extensions\pivotal.vscode-spring-boot-1.43.0-universal\language-server\BOOT-INF\lib\vavr-match-0.10.2.jar;c:\Users\Glymin Terra Selasi\.trae\extensions\pivotal.vscode-spring-boot-1.43.0-universal\language-server\BOOT-INF\lib\woodstox-core-6.4.0.jar;c:\Users\Glymin Terra Selasi\.trae\extensions\pivotal.vscode-spring-boot-1.43.0-universal\language-server\BOOT-INF\lib\xercesImpl-2.12.0.jar;c:\Users\Glymin Terra Selasi\.trae\extensions\pivotal.vscode-spring-boot-1.43.0-universal\language-server\BOOT-INF\lib\xml-apis-1.4.01.jar;c:\Users\Glymin Terra Selasi\.trae\extensions\pivotal.vscode-spring-boot-1.43.0-universal\language-server\BOOT-INF\lib\xml-resolver-1.2.jar
Launcher Type: SUN_STANDARD

[Global flags]
     intx CICompilerCount                          = 4                                         {product} {ergonomic}
     uint ConcGCThreads                            = 2                                         {product} {ergonomic}
     uint G1ConcRefinementThreads                  = 8                                         {product} {ergonomic}
   size_t G1HeapRegionSize                         = 1048576                                   {product} {ergonomic}
    uintx GCDrainStackTargetSize                   = 64                                        {product} {ergonomic}
   size_t InitialHeapSize                          = 130023424                                 {product} {ergonomic}
   size_t MarkStackSize                            = 4194304                                   {product} {ergonomic}
   size_t MaxHeapSize                              = 2080374784                                {product} {ergonomic}
   size_t MaxNewSize                               = 1247805440                                {product} {ergonomic}
   size_t MinHeapDeltaBytes                        = 1048576                                   {product} {ergonomic}
   size_t MinHeapSize                              = 8388608                                   {product} {ergonomic}
    uintx NonNMethodCodeHeapSize                   = 4096                                   {pd product} {ergonomic}
    uintx NonProfiledCodeHeapSize                  = 0                                      {pd product} {ergonomic}
     bool ProfileInterpreter                       = false                                  {pd product} {command line}
    uintx ProfiledCodeHeapSize                     = 0                                      {pd product} {ergonomic}
   size_t SoftMaxHeapSize                          = 2080374784                             {manageable} {ergonomic}
     intx TieredStopAtLevel                        = 1                                         {product} {command line}
     bool UseCompressedOops                        = true                           {product lp64_product} {ergonomic}
     bool UseG1GC                                  = true                                      {product} {ergonomic}
     bool UseLargePagesIndividualAllocation        = false                                  {pd product} {ergonomic}

Logging:
Log output configuration:
 #0: stdout all=warning,jni+resolve=off uptime,level,tags foldmultilines=false
 #1: stderr all=off uptime,level,tags foldmultilines=false

Release file:
JAVA_VERSION="21.0.9" 
MODULES="java.base java.compiler java.datatransfer java.xml java.prefs java.desktop java.instrument java.logging java.management java.security.sasl java.naming java.rmi java.management.rmi java.net.http java.scripting java.security.jgss java.transaction.xa java.sql java.sql.rowset java.xml.crypto java.se java.smartcardio jdk.accessibility jdk.internal.jvmstat jdk.attach jdk.charsets jdk.internal.opt jdk.zipfs jdk.compiler jdk.crypto.ec jdk.crypto.cryptoki jdk.crypto.mscapi jdk.dynalink jdk.internal.ed jdk.editpad jdk.hotspot.agent jdk.httpserver jdk.internal.le jdk.internal.vm.ci jdk.internal.vm.compiler jdk.internal.vm.compiler.management jdk.jartool jdk.javadoc jdk.jcmd jdk.management jdk.management.agent jdk.jconsole jdk.jdeps jdk.jdwp.agent jdk.jdi jdk.jfr jdk.jshell jdk.jsobject jdk.jstatd jdk.localedata jdk.management.jfr jdk.naming.dns jdk.naming.rmi jdk.net jdk.nio.mapmode jdk.random jdk.sctp jdk.security.auth jdk.security.jgss jdk.unsupported jdk.unsupported.desktop jdk.xml.dom" 

Environment Variables:
JAVA_HOME=C:\Program Files\jdk-23.0.1
PATH=c:\Users\Glymin Terra Selasi\.trae\tools\trae-gopls\current;c:\Users\Glymin Terra Selasi\.trae\sdks\workspaces\9c0f5ab8\versions\node\current;c:\Users\Glymin Terra Selasi\.trae\sdks\versions\node\current;C:\Python312\Scripts\;C:\Python312\;C:\WINDOWS\system32;C:\WINDOWS;C:\WINDOWS\System32\Wbem;C:\WINDOWS\System32\WindowsPowerShell\v1.0\;C:\WINDOWS\System32\OpenSSH\;C:\Program Files\dotnet\;C:\ProgramData\chocolatey\bin;C:\Program Files (x86)\Microsoft SQL Server\160\Tools\Binn\;C:\Program Files\Microsoft SQL Server\160\Tools\Binn\;C:\Program Files\Microsoft SQL Server\Client SDK\ODBC\170\Tools\Binn\;C:\Program Files\Microsoft SQL Server\160\DTS\Binn\;C:\Program Files\php-8.3.12;C:\Program Files\php-8.3.12\php;C:\xampp\php;C:\Users\Glymin Terra Selasi\AppData\Local\Yarn\bin;C:\Program Files\PostgreSQL\15\bin;C:\Program Files\Git\cmd;C:\Program Files\jdk-23.0.1\bin;C:\Program Files\PostgreSQL\12\bin;C:\Program Files (x86)\cloudflared\;C:\Windows\System32;C:\composer;C:\Users\Glymin Terra Selasi\AppData\Roaming\npm;C:\Users\Glymin Terra Selasi\AppData\Roaming\nvm;C:\Program Files\nodejs;C:\xampp\mysql\bin;C:\Program Files\apache-maven-3.9.11\bin;C:\Python312\Scripts\;C:\Python312\;C:\WINDOWS\system32;C:\WINDOWS;C:\WINDOWS\System32\Wbem;C:\WINDOWS\System32\WindowsPowerShell\v1.0\;C:\WINDOWS\System32\OpenSSH\;C:\Program Files\dotnet\;C:\ProgramData\chocolatey\bin;C:\Program Files (x86)\Microsoft SQL Server\160\Tools\Binn\;C:\Program Files\Microsoft SQL Server\160\Tools\Binn\;C:\Program Files\Microsoft SQL Server\Client SDK\ODBC\170\Tools\Binn\;C:\Program Files\Microsoft SQL Server\160\DTS\Binn\;C:\Program Files (x86)\Microsoft SQL Server\160\DTS\Binn\;C:\Program Files\php-8.3.12;C:\Program Files\php-8.3.12\php;C:\xampp\php;C:\Users\Glymin Terra Selasi\AppData\Local\Yarn\bin;C:\Program Files\PostgreSQL\15\bin;C:\Program Files\Git\cmd;C:\Program Files\jdk-23.0.1\bin;C:\Program Files\PostgreSQL\12\bin;C:\Program Files (x86)\cloudflared\;C:\Windows\System32;C:\composer;C:\Users\Glymin Terra Selasi\AppData\Local\Microsoft\WindowsApps;C:\Users\Glymin Terra Selasi\AppData\Local\Programs\Microsoft VS Code\bin;C:\Users\Glymin Terra Sela;C:\Users\Glymin Terra Selasi\AppData\Roaming\npm;C:\Users\Glymin Terra Selasi\AppData\Roaming\nvm;C:\Program Files\nodejs;C:\Users\Glymin Terra Selasi\AppData\Local\Microsoft\WindowsApps;C:\Users\Glymin Terra Selasi\AppData\Local\Programs\Antigravity\bin;c:\Users\Glymin Terra Selasi\AppData\Local\Programs\Trae1\resources\app\bin\lib
USERNAME=Glymin Terra Selasi
OS=Windows_NT
PROCESSOR_IDENTIFIER=Intel64 Family 6 Model 140 Stepping 1, GenuineIntel
TMP=C:\Users\GLYMIN~1\AppData\Local\Temp
TEMP=C:\Users\GLYMIN~1\AppData\Local\Temp




Periodic native trim disabled

---------------  S Y S T E M  ---------------

OS:
 Windows 11 , 64 bit Build 26100 (10.0.26100.6725)
OS uptime: 0 days 2:59 hours
Hyper-V role detected

CPU: total 8 (initial active 8) (4 cores per cpu, 2 threads per core) family 6 model 140 stepping 1 microcode 0xbc, cx8, cmov, fxsr, ht, mmx, 3dnowpref, sse, sse2, sse3, ssse3, sse4.1, sse4.2, popcnt, lzcnt, tsc, tscinvbit, avx, avx2, aes, erms, clmul, bmi1, bmi2, adx, avx512f, avx512dq, avx512cd, avx512bw, avx512vl, sha, fma, vzeroupper, avx512_vpopcntdq, avx512_vpclmulqdq, avx512_vaes, avx512_vnni, clflush, clflushopt, clwb, avx512_vbmi2, avx512_vbmi, hv, rdtscp, rdpid, fsrm, gfni, avx512_bitalg, f16c, cet_ibt, cet_ss, avx512_ifma
Processor Information for the first 8 processors :
  Max Mhz: 2419, Current Mhz: 2419, Mhz Limit: 2419

Memory: 4k page, system-wide physical 7934M (480M free)
TotalPageFile size 24852M (AvailPageFile size 208M)
current process WorkingSet (physical memory assigned to process): 228M, peak: 228M
current process commit charge ("private bytes"): 283M, peak: 532M

vm_info: OpenJDK 64-Bit Server VM (21.0.9+10-LTS) for windows-amd64 JRE (21.0.9+10-LTS), built on 2025-10-21T00:00:00Z by "admin" with unknown MS VC++:1942

END.
