#
# There is insufficient memory for the Java Runtime Environment to continue.
# Native memory allocation (malloc) failed to allocate 1048576 bytes. Error detail: AllocateHeap
# Possible reasons:
#   The system is out of physical RAM or swap space
#   This process is running with CompressedOops enabled, and the Java Heap may be blocking the growth of the native heap
# Possible solutions:
#   Reduce memory load on the system
#   Increase physical memory or swap space
#   Check if swap backing store is full
#   Decrease Java heap size (-Xmx/-Xms)
#   Decrease number of Java threads
#   Decrease Java thread stack sizes (-Xss)
#   Set larger code cache with -XX:ReservedCodeCacheSize=
#   JVM is running with Unscaled Compressed Oops mode in which the Java heap is
#     placed in the first 4GB address space. The Java Heap base address is the
#     maximum limit for the native heap growth. Please use -XX:HeapBaseMinAddress
#     to set the Java Heap base and to place the Java Heap above 4GB virtual address.
# This output file may be truncated or incomplete.
#
#  Out of Memory Error (allocation.cpp:44), pid=32244, tid=7564
#
# JRE version: OpenJDK Runtime Environment Temurin-21.0.9+10 (21.0.9+10) (build 21.0.9+10-LTS)
# Java VM: OpenJDK 64-Bit Server VM Temurin-21.0.9+10 (21.0.9+10-LTS, mixed mode, emulated-client, sharing, tiered, compressed oops, compressed class ptrs, g1 gc, windows-amd64)
# No core dump will be written. Minidumps are not enabled by default on client versions of Windows
#

---------------  S U M M A R Y ------------

Command Line: -Dsts.lsp.client=vscode -Dsts.log.file=/dev/null -XX:TieredStopAtLevel=1 -Xlog:jni+resolve=off -Dspring.config.location=file:c:\Users\Glymin Terra Selasi\.trae\extensions\pivotal.vscode-spring-boot-1.43.0-universal\language-server\BOOT-INF\classes\application.properties org.springframework.ide.vscode.boot.app.BootLanguageServerBootApp

Host: 11th Gen Intel(R) Core(TM) i5-1135G7 @ 2.40GHz, 8 cores, 7G,  Windows 11 , 64 bit Build 26100 (10.0.26100.6725)
Time: Fri Feb 20 20:28:30 2026 Greenwich Standard Time elapsed time: 4428.515287 seconds (0d 1h 13m 48s)

---------------  T H R E A D  ---------------

Current thread (0x0000021fb41dba10):  VMThread "VM Thread"          [id=7564, stack(0x00000031c7f00000,0x00000031c8000000) (1024K)]

Stack: [0x00000031c7f00000,0x00000031c8000000]
Native frames: (J=compiled Java code, j=interpreted, Vv=VM code, C=native code)
V  [jvm.dll+0x6d6e29]
V  [jvm.dll+0x8b4b76]
V  [jvm.dll+0x8b712e]
V  [jvm.dll+0x8b7813]
V  [jvm.dll+0x283d86]
V  [jvm.dll+0xc1277]
V  [jvm.dll+0x34f262]
V  [jvm.dll+0x349b4e]
V  [jvm.dll+0x332487]
V  [jvm.dll+0x3746f4]
V  [jvm.dll+0x8bd500]
V  [jvm.dll+0x8be8a4]
V  [jvm.dll+0x8bede0]
V  [jvm.dll+0x8bf083]
V  [jvm.dll+0x85e9ad]
V  [jvm.dll+0x6d565d]
C  [ucrtbase.dll+0x37b0]
C  [KERNEL32.DLL+0x2e8d7]
C  [ntdll.dll+0x8c53c]

VM_Operation (0x00000031c8ffeaa0): G1CollectFull, mode: safepoint, requested by thread 0x0000021ffa817d90


---------------  P R O C E S S  ---------------

Threads class SMR info:
_java_thread_list=0x0000021ffb9ad040, length=28, elements={
0x0000021fb41fbcf0, 0x0000021fb41fc740, 0x0000021fb41fea70, 0x0000021fb42014d0,
0x0000021fb4201f20, 0x0000021fb4202970, 0x0000021fb42033c0, 0x0000021fb438baf0,
0x0000021fb42b21f0, 0x0000021ffa7209a0, 0x0000021ffa817d90, 0x0000021ffa81a920,
0x0000021fa6a7a130, 0x0000021ffa89b790, 0x0000021ffa46f830, 0x0000021ffaa055b0,
0x0000021ffaa28fc0, 0x0000021ffaa4e8d0, 0x0000021ffaa4ce90, 0x0000021ffaa4fc80,
0x0000021ffaa50310, 0x0000021ffaa4dbb0, 0x0000021fb4a6af00, 0x0000021fb4a6b590,
0x0000021fb4a6a1e0, 0x0000021ffbfe1450, 0x0000021ffbfe1ae0, 0x0000021ffab1b340
}

Java Threads: ( => current thread )
  0x0000021fb41fbcf0 JavaThread "Reference Handler"          daemon [_thread_blocked, id=26180, stack(0x00000031c8000000,0x00000031c8100000) (1024K)]
  0x0000021fb41fc740 JavaThread "Finalizer"                  daemon [_thread_blocked, id=15068, stack(0x00000031c8100000,0x00000031c8200000) (1024K)]
  0x0000021fb41fea70 JavaThread "Signal Dispatcher"          daemon [_thread_blocked, id=29404, stack(0x00000031c8200000,0x00000031c8300000) (1024K)]
  0x0000021fb42014d0 JavaThread "Attach Listener"            daemon [_thread_blocked, id=31712, stack(0x00000031c8300000,0x00000031c8400000) (1024K)]
  0x0000021fb4201f20 JavaThread "Service Thread"             daemon [_thread_blocked, id=13404, stack(0x00000031c8400000,0x00000031c8500000) (1024K)]
  0x0000021fb4202970 JavaThread "Monitor Deflation Thread"   daemon [_thread_blocked, id=28448, stack(0x00000031c8500000,0x00000031c8600000) (1024K)]
  0x0000021fb42033c0 JavaThread "C1 CompilerThread0"         daemon [_thread_blocked, id=13352, stack(0x00000031c8600000,0x00000031c8700000) (1024K)]
  0x0000021fb438baf0 JavaThread "Notification Thread"        daemon [_thread_blocked, id=25244, stack(0x00000031c8800000,0x00000031c8900000) (1024K)]
  0x0000021fb42b21f0 JavaThread "Common-Cleaner"             daemon [_thread_blocked, id=17624, stack(0x00000031c8700000,0x00000031c8800000) (1024K)]
  0x0000021ffa7209a0 JavaThread "boundedElastic-evictor-1"   daemon [_thread_blocked, id=25484, stack(0x00000031c9100000,0x00000031c9200000) (1024K)]
  0x0000021ffa817d90 JavaThread "pool-11-thread-1"                  [_thread_blocked, id=33004, stack(0x00000031c8f00000,0x00000031c9000000) (1024K)]
  0x0000021ffa81a920 JavaThread "LanguageServerApp-lifecycle"        [_thread_blocked, id=13864, stack(0x00000031c9300000,0x00000031c9400000) (1024K)]
  0x0000021fa6a7a130 JavaThread "DestroyJavaVM"                     [_thread_blocked, id=24084, stack(0x00000031c7800000,0x00000031c7900000) (1024K)]
  0x0000021ffa89b790 JavaThread "pool-12-thread-1"                  [_thread_in_native, id=24196, stack(0x00000031c9400000,0x00000031c9500000) (1024K)]
  0x0000021ffa46f830 JavaThread "Simple-Language-Server main thread" daemon [_thread_blocked, id=11640, stack(0x00000031c9500000,0x00000031c9600000) (1024K)]
  0x0000021ffaa055b0 JavaThread "pool-8-thread-1"                   [_thread_blocked, id=13392, stack(0x00000031c9600000,0x00000031c9700000) (1024K)]
  0x0000021ffaa28fc0 JavaThread "parallel-1"                 daemon [_thread_blocked, id=33756, stack(0x00000031c9700000,0x00000031c9800000) (1024K)]
  0x0000021ffaa4e8d0 JavaThread "parallel-2"                 daemon [_thread_blocked, id=18788, stack(0x00000031c9800000,0x00000031c9900000) (1024K)]
  0x0000021ffaa4ce90 JavaThread "parallel-3"                 daemon [_thread_blocked, id=26200, stack(0x00000031c9900000,0x00000031c9a00000) (1024K)]
  0x0000021ffaa4fc80 JavaThread "parallel-4"                 daemon [_thread_blocked, id=27704, stack(0x00000031c9a00000,0x00000031c9b00000) (1024K)]
  0x0000021ffaa50310 JavaThread "parallel-5"                 daemon [_thread_blocked, id=33252, stack(0x00000031c9d00000,0x00000031c9e00000) (1024K)]
  0x0000021ffaa4dbb0 JavaThread "Reconciler-1"               daemon [_thread_blocked, id=12356, stack(0x00000031ca000000,0x00000031ca100000) (1024K)]
  0x0000021fb4a6af00 JavaThread "parallel-6"                 daemon [_thread_blocked, id=12728, stack(0x00000031c9c00000,0x00000031c9d00000) (1024K)]
  0x0000021fb4a6b590 JavaThread "parallel-7"                 daemon [_thread_blocked, id=4568, stack(0x00000031c9f00000,0x00000031ca000000) (1024K)]
  0x0000021fb4a6a1e0 JavaThread "parallel-8"                 daemon [_thread_blocked, id=22256, stack(0x00000031ca100000,0x00000031ca200000) (1024K)]
  0x0000021ffbfe1450 JavaThread "pool-6-thread-1"                   [_thread_blocked, id=28612, stack(0x00000031c9000000,0x00000031c9100000) (1024K)]
  0x0000021ffbfe1ae0 JavaThread "pool-10-thread-1"                  [_thread_blocked, id=572, stack(0x00000031ca300000,0x00000031ca400000) (1024K)]
  0x0000021ffab1b340 JavaThread "pool-10-thread-2"                  [_thread_blocked, id=23440, stack(0x00000031ca400000,0x00000031ca500000) (1024K)]
Total: 28

Other Threads:
=>0x0000021fb41dba10 VMThread "VM Thread"                           [id=7564, stack(0x00000031c7f00000,0x00000031c8000000) (1024K)]
  0x0000021fb41c8b00 WatcherThread "VM Periodic Task Thread"        [id=24912, stack(0x00000031c7e00000,0x00000031c7f00000) (1024K)]
  0x0000021fa8e52e00 WorkerThread "GC Thread#0"                     [id=28360, stack(0x00000031c7900000,0x00000031c7a00000) (1024K)]
  0x0000021fb4b4cf00 WorkerThread "GC Thread#1"                     [id=16432, stack(0x00000031c8900000,0x00000031c8a00000) (1024K)]
  0x0000021fb42de140 WorkerThread "GC Thread#2"                     [id=30748, stack(0x00000031c8a00000,0x00000031c8b00000) (1024K)]
  0x0000021fb42de4e0 WorkerThread "GC Thread#3"                     [id=32828, stack(0x00000031c8b00000,0x00000031c8c00000) (1024K)]
  0x0000021fb42f60f0 WorkerThread "GC Thread#4"                     [id=32956, stack(0x00000031c8c00000,0x00000031c8d00000) (1024K)]
  0x0000021fb4b88cc0 WorkerThread "GC Thread#5"                     [id=26084, stack(0x00000031c7500000,0x00000031c7600000) (1024K)]
  0x0000021fb4b8a070 WorkerThread "GC Thread#6"                     [id=33788, stack(0x00000031c7600000,0x00000031c7700000) (1024K)]
  0x0000021fb4b8a410 WorkerThread "GC Thread#7"                     [id=33324, stack(0x00000031c7700000,0x00000031c7800000) (1024K)]
  0x0000021fa8e634e0 ConcurrentGCThread "G1 Main Marker"            [id=33000, stack(0x00000031c7a00000,0x00000031c7b00000) (1024K)]
  0x0000021fa8e65b10 WorkerThread "G1 Conc#0"                       [id=26664, stack(0x00000031c7b00000,0x00000031c7c00000) (1024K)]
  0x0000021ffa768890 WorkerThread "G1 Conc#1"                       [id=32544, stack(0x00000031c9200000,0x00000031c9300000) (1024K)]
  0x0000021fb4091970 ConcurrentGCThread "G1 Refine#0"               [id=5400, stack(0x00000031c7c00000,0x00000031c7d00000) (1024K)]
  0x0000021fa8eae9f0 ConcurrentGCThread "G1 Service"                [id=14656, stack(0x00000031c7d00000,0x00000031c7e00000) (1024K)]
Total: 15

Threads with active compile tasks:
Total: 0

VM state: at safepoint (normal execution)

VM Mutex/Monitor currently owned by a thread:  ([mutex/lock_event])
[0x00007fffcaa4d570] Threads_lock - owner thread: 0x0000021fb41dba10
[0x00007fffcaa4d670] Heap_lock - owner thread: 0x0000021ffa817d90

Heap address: 0x0000000084000000, size: 1984 MB, Compressed Oops mode: 32-bit

CDS archive(s) mapped at: [0x0000021fb5000000-0x0000021fb5ba0000-0x0000021fb5ba0000), size 12189696, SharedBaseAddress: 0x0000021fb5000000, ArchiveRelocationMode: 1.
Compressed class space mapped at: 0x0000021fb6000000-0x0000021ff6000000, reserved size: 1073741824
Narrow klass base: 0x0000021fb5000000, Narrow klass shift: 0, Narrow klass range: 0x100000000

GC Precious Log:
 CardTable entry size: 512
 Card Set container configuration: InlinePtr #cards 5 size 8 Array Of Cards #cards 12 size 40 Howl #buckets 4 coarsen threshold 1843 Howl Bitmap #cards 512 size 80 coarsen threshold 460 Card regions per heap region 1 cards per card region 2048
 CPUs: 8 total, 8 available
 Memory: 7934M
 Large Page Support: Disabled
 NUMA Support: Disabled
 Compressed Oops: Enabled (32-bit)
 Heap Region Size: 1M
 Heap Min Capacity: 8M
 Heap Initial Capacity: 124M
 Heap Max Capacity: 1984M
 Pre-touch: Disabled
 Parallel Workers: 8
 Concurrent Workers: 2
 Concurrent Refinement Workers: 8
 Periodic GC: Disabled

Heap:
 garbage-first heap   total 122880K, used 35760K [0x0000000084000000, 0x0000000100000000)
  region size 1024K, 1 young (1024K), 0 survivors (0K)
 Metaspace       used 51924K, committed 53184K, reserved 1114112K
  class space    used 7392K, committed 7872K, reserved 1048576K

Heap Regions: E=young(eden), S=young(survivor), O=old, HS=humongous(starts), HC=humongous(continues), CS=collection set, F=free, TAMS=top-at-mark-start, PB=parsable bottom
|   0|0x0000000084000000, 0x0000000084100000, 0x0000000084100000|100%| O|  |TAMS 0x0000000084000000| PB 0x0000000084000000| Untracked 
|   1|0x0000000084100000, 0x0000000084200000, 0x0000000084200000|100%| O|  |TAMS 0x0000000084100000| PB 0x0000000084100000| Untracked 
|   2|0x0000000084200000, 0x00000000842fffc0, 0x0000000084300000| 99%| O|  |TAMS 0x0000000084200000| PB 0x0000000084200000| Untracked 
|   3|0x0000000084300000, 0x0000000084400000, 0x0000000084400000|100%| O|  |TAMS 0x0000000084300000| PB 0x0000000084300000| Untracked 
|   4|0x0000000084400000, 0x00000000844fffa8, 0x0000000084500000| 99%| O|  |TAMS 0x0000000084400000| PB 0x0000000084400000| Untracked 
|   5|0x0000000084500000, 0x0000000084600000, 0x0000000084600000|100%| O|  |TAMS 0x0000000084500000| PB 0x0000000084500000| Untracked 
|   6|0x0000000084600000, 0x00000000846fffd8, 0x0000000084700000| 99%| O|  |TAMS 0x0000000084600000| PB 0x0000000084600000| Untracked 
|   7|0x0000000084700000, 0x00000000847fffe0, 0x0000000084800000| 99%| O|  |TAMS 0x0000000084700000| PB 0x0000000084700000| Untracked 
|   8|0x0000000084800000, 0x00000000848ffff0, 0x0000000084900000| 99%| O|  |TAMS 0x0000000084800000| PB 0x0000000084800000| Untracked 
|   9|0x0000000084900000, 0x00000000849ffff0, 0x0000000084a00000| 99%| O|  |TAMS 0x0000000084900000| PB 0x0000000084900000| Untracked 
|  10|0x0000000084a00000, 0x0000000084affff8, 0x0000000084b00000| 99%| O|  |TAMS 0x0000000084a00000| PB 0x0000000084a00000| Untracked 
|  11|0x0000000084b00000, 0x0000000084bfffe0, 0x0000000084c00000| 99%| O|  |TAMS 0x0000000084b00000| PB 0x0000000084b00000| Untracked 
|  12|0x0000000084c00000, 0x0000000084cfffe8, 0x0000000084d00000| 99%| O|  |TAMS 0x0000000084c00000| PB 0x0000000084c00000| Untracked 
|  13|0x0000000084d00000, 0x0000000084dfffc8, 0x0000000084e00000| 99%| O|  |TAMS 0x0000000084d00000| PB 0x0000000084d00000| Untracked 
|  14|0x0000000084e00000, 0x0000000084f00000, 0x0000000084f00000|100%| O|  |TAMS 0x0000000084e00000| PB 0x0000000084e00000| Untracked 
|  15|0x0000000084f00000, 0x0000000084ffff58, 0x0000000085000000| 99%| O|  |TAMS 0x0000000084f00000| PB 0x0000000084f00000| Untracked 
|  16|0x0000000085000000, 0x00000000850fffd8, 0x0000000085100000| 99%| O|  |TAMS 0x0000000085000000| PB 0x0000000085000000| Untracked 
|  17|0x0000000085100000, 0x00000000851ffff0, 0x0000000085200000| 99%| O|  |TAMS 0x0000000085100000| PB 0x0000000085100000| Untracked 
|  18|0x0000000085200000, 0x00000000852fffe8, 0x0000000085300000| 99%| O|  |TAMS 0x0000000085200000| PB 0x0000000085200000| Untracked 
|  19|0x0000000085300000, 0x00000000853fffd8, 0x0000000085400000| 99%| O|  |TAMS 0x0000000085300000| PB 0x0000000085300000| Untracked 
|  20|0x0000000085400000, 0x00000000854fc708, 0x0000000085500000| 98%| O|  |TAMS 0x0000000085400000| PB 0x0000000085400000| Untracked 
|  21|0x0000000085500000, 0x00000000855ffff0, 0x0000000085600000| 99%| O|  |TAMS 0x0000000085500000| PB 0x0000000085500000| Untracked 
|  22|0x0000000085600000, 0x00000000856fffd8, 0x0000000085700000| 99%| O|  |TAMS 0x0000000085600000| PB 0x0000000085600000| Untracked 
|  23|0x0000000085700000, 0x00000000857fffe8, 0x0000000085800000| 99%| O|  |TAMS 0x0000000085700000| PB 0x0000000085700000| Untracked 
|  24|0x0000000085800000, 0x00000000858ffff0, 0x0000000085900000| 99%| O|  |TAMS 0x0000000085800000| PB 0x0000000085800000| Untracked 
|  25|0x0000000085900000, 0x00000000859fff30, 0x0000000085a00000| 99%| O|  |TAMS 0x0000000085900000| PB 0x0000000085900000| Untracked 
|  26|0x0000000085a00000, 0x0000000085b00000, 0x0000000085b00000|100%| O|  |TAMS 0x0000000085a00000| PB 0x0000000085a00000| Untracked 
|  27|0x0000000085b00000, 0x0000000085bffff0, 0x0000000085c00000| 99%| O|  |TAMS 0x0000000085b00000| PB 0x0000000085b00000| Untracked 
|  28|0x0000000085c00000, 0x0000000085cfffc8, 0x0000000085d00000| 99%| O|  |TAMS 0x0000000085c00000| PB 0x0000000085c00000| Untracked 
|  29|0x0000000085d00000, 0x0000000085dfff18, 0x0000000085e00000| 99%| O|  |TAMS 0x0000000085d00000| PB 0x0000000085d00000| Untracked 
|  30|0x0000000085e00000, 0x0000000085f00000, 0x0000000085f00000|100%| O|  |TAMS 0x0000000085e00000| PB 0x0000000085e00000| Untracked 
|  31|0x0000000085f00000, 0x0000000086000000, 0x0000000086000000|100%| O|  |TAMS 0x0000000085f00000| PB 0x0000000085f00000| Untracked 
|  32|0x0000000086000000, 0x00000000860b7640, 0x0000000086100000| 71%| O|  |TAMS 0x0000000086000000| PB 0x0000000086000000| Untracked 
|  33|0x0000000086100000, 0x00000000861388b8, 0x0000000086200000| 22%| O|  |TAMS 0x0000000086100000| PB 0x0000000086100000| Untracked 
|  34|0x0000000086200000, 0x00000000862ffff0, 0x0000000086300000| 99%| O|  |TAMS 0x0000000086200000| PB 0x0000000086200000| Untracked 
|  35|0x0000000086300000, 0x0000000086400000, 0x0000000086400000|100%| O|  |TAMS 0x0000000086300000| PB 0x0000000086300000| Untracked 
|  36|0x0000000086400000, 0x0000000086400000, 0x0000000086500000|  0%| F|  |TAMS 0x0000000086400000| PB 0x0000000086400000| Untracked 
|  37|0x0000000086500000, 0x0000000086500000, 0x0000000086600000|  0%| F|  |TAMS 0x0000000086500000| PB 0x0000000086500000| Untracked 
|  38|0x0000000086600000, 0x0000000086600000, 0x0000000086700000|  0%| F|  |TAMS 0x0000000086600000| PB 0x0000000086600000| Untracked 
|  39|0x0000000086700000, 0x0000000086700000, 0x0000000086800000|  0%| F|  |TAMS 0x0000000086700000| PB 0x0000000086700000| Untracked 
|  40|0x0000000086800000, 0x0000000086800000, 0x0000000086900000|  0%| F|  |TAMS 0x0000000086800000| PB 0x0000000086800000| Untracked 
|  41|0x0000000086900000, 0x0000000086900000, 0x0000000086a00000|  0%| F|  |TAMS 0x0000000086900000| PB 0x0000000086900000| Untracked 
|  42|0x0000000086a00000, 0x0000000086a00000, 0x0000000086b00000|  0%| F|  |TAMS 0x0000000086a00000| PB 0x0000000086a00000| Untracked 
|  43|0x0000000086b00000, 0x0000000086b00000, 0x0000000086c00000|  0%| F|  |TAMS 0x0000000086b00000| PB 0x0000000086b00000| Untracked 
|  44|0x0000000086c00000, 0x0000000086c00000, 0x0000000086d00000|  0%| F|  |TAMS 0x0000000086c00000| PB 0x0000000086c00000| Untracked 
|  45|0x0000000086d00000, 0x0000000086d00000, 0x0000000086e00000|  0%| F|  |TAMS 0x0000000086d00000| PB 0x0000000086d00000| Untracked 
|  46|0x0000000086e00000, 0x0000000086e00000, 0x0000000086f00000|  0%| F|  |TAMS 0x0000000086e00000| PB 0x0000000086e00000| Untracked 
|  47|0x0000000086f00000, 0x0000000086f00000, 0x0000000087000000|  0%| F|  |TAMS 0x0000000086f00000| PB 0x0000000086f00000| Untracked 
|  48|0x0000000087000000, 0x0000000087000000, 0x0000000087100000|  0%| F|  |TAMS 0x0000000087000000| PB 0x0000000087000000| Untracked 
|  49|0x0000000087100000, 0x0000000087100000, 0x0000000087200000|  0%| F|  |TAMS 0x0000000087100000| PB 0x0000000087100000| Untracked 
|  50|0x0000000087200000, 0x0000000087200000, 0x0000000087300000|  0%| F|  |TAMS 0x0000000087200000| PB 0x0000000087200000| Untracked 
|  51|0x0000000087300000, 0x0000000087300000, 0x0000000087400000|  0%| F|  |TAMS 0x0000000087300000| PB 0x0000000087300000| Untracked 
|  52|0x0000000087400000, 0x0000000087400000, 0x0000000087500000|  0%| F|  |TAMS 0x0000000087400000| PB 0x0000000087400000| Untracked 
|  53|0x0000000087500000, 0x0000000087500000, 0x0000000087600000|  0%| F|  |TAMS 0x0000000087500000| PB 0x0000000087500000| Untracked 
|  54|0x0000000087600000, 0x0000000087600000, 0x0000000087700000|  0%| F|  |TAMS 0x0000000087600000| PB 0x0000000087600000| Untracked 
|  55|0x0000000087700000, 0x0000000087700000, 0x0000000087800000|  0%| F|  |TAMS 0x0000000087700000| PB 0x0000000087700000| Untracked 
|  56|0x0000000087800000, 0x0000000087800000, 0x0000000087900000|  0%| F|  |TAMS 0x0000000087800000| PB 0x0000000087800000| Untracked 
|  57|0x0000000087900000, 0x0000000087900000, 0x0000000087a00000|  0%| F|  |TAMS 0x0000000087900000| PB 0x0000000087900000| Untracked 
|  58|0x0000000087a00000, 0x0000000087a00000, 0x0000000087b00000|  0%| F|  |TAMS 0x0000000087a00000| PB 0x0000000087a00000| Untracked 
|  59|0x0000000087b00000, 0x0000000087b00000, 0x0000000087c00000|  0%| F|  |TAMS 0x0000000087b00000| PB 0x0000000087b00000| Untracked 
|  60|0x0000000087c00000, 0x0000000087c00000, 0x0000000087d00000|  0%| F|  |TAMS 0x0000000087c00000| PB 0x0000000087c00000| Untracked 
|  61|0x0000000087d00000, 0x0000000087d00000, 0x0000000087e00000|  0%| F|  |TAMS 0x0000000087d00000| PB 0x0000000087d00000| Untracked 
|  62|0x0000000087e00000, 0x0000000087e00000, 0x0000000087f00000|  0%| F|  |TAMS 0x0000000087e00000| PB 0x0000000087e00000| Untracked 
|  63|0x0000000087f00000, 0x0000000087f00000, 0x0000000088000000|  0%| F|  |TAMS 0x0000000087f00000| PB 0x0000000087f00000| Untracked 
|  64|0x0000000088000000, 0x0000000088000000, 0x0000000088100000|  0%| F|  |TAMS 0x0000000088000000| PB 0x0000000088000000| Untracked 
|  65|0x0000000088100000, 0x0000000088100000, 0x0000000088200000|  0%| F|  |TAMS 0x0000000088100000| PB 0x0000000088100000| Untracked 
|  66|0x0000000088200000, 0x0000000088200000, 0x0000000088300000|  0%| F|  |TAMS 0x0000000088200000| PB 0x0000000088200000| Untracked 
|  67|0x0000000088300000, 0x0000000088300000, 0x0000000088400000|  0%| F|  |TAMS 0x0000000088300000| PB 0x0000000088300000| Untracked 
|  68|0x0000000088400000, 0x0000000088400000, 0x0000000088500000|  0%| F|  |TAMS 0x0000000088400000| PB 0x0000000088400000| Untracked 
|  69|0x0000000088500000, 0x0000000088500000, 0x0000000088600000|  0%| F|  |TAMS 0x0000000088500000| PB 0x0000000088500000| Untracked 
|  70|0x0000000088600000, 0x0000000088600000, 0x0000000088700000|  0%| F|  |TAMS 0x0000000088600000| PB 0x0000000088600000| Untracked 
|  71|0x0000000088700000, 0x0000000088700000, 0x0000000088800000|  0%| F|  |TAMS 0x0000000088700000| PB 0x0000000088700000| Untracked 
|  72|0x0000000088800000, 0x0000000088800000, 0x0000000088900000|  0%| F|  |TAMS 0x0000000088800000| PB 0x0000000088800000| Untracked 
|  73|0x0000000088900000, 0x0000000088900000, 0x0000000088a00000|  0%| F|  |TAMS 0x0000000088900000| PB 0x0000000088900000| Untracked 
|  74|0x0000000088a00000, 0x0000000088a00000, 0x0000000088b00000|  0%| F|  |TAMS 0x0000000088a00000| PB 0x0000000088a00000| Untracked 
|  75|0x0000000088b00000, 0x0000000088b00000, 0x0000000088c00000|  0%| F|  |TAMS 0x0000000088b00000| PB 0x0000000088b00000| Untracked 
|  76|0x0000000088c00000, 0x0000000088c00000, 0x0000000088d00000|  0%| F|  |TAMS 0x0000000088c00000| PB 0x0000000088c00000| Untracked 
|  77|0x0000000088d00000, 0x0000000088d00000, 0x0000000088e00000|  0%| F|  |TAMS 0x0000000088d00000| PB 0x0000000088d00000| Untracked 
|  78|0x0000000088e00000, 0x0000000088e00000, 0x0000000088f00000|  0%| F|  |TAMS 0x0000000088e00000| PB 0x0000000088e00000| Untracked 
|  79|0x0000000088f00000, 0x0000000088f00000, 0x0000000089000000|  0%| F|  |TAMS 0x0000000088f00000| PB 0x0000000088f00000| Untracked 
|  80|0x0000000089000000, 0x0000000089000000, 0x0000000089100000|  0%| F|  |TAMS 0x0000000089000000| PB 0x0000000089000000| Untracked 
|  81|0x0000000089100000, 0x0000000089100000, 0x0000000089200000|  0%| F|  |TAMS 0x0000000089100000| PB 0x0000000089100000| Untracked 
|  82|0x0000000089200000, 0x0000000089200000, 0x0000000089300000|  0%| F|  |TAMS 0x0000000089200000| PB 0x0000000089200000| Untracked 
|  83|0x0000000089300000, 0x0000000089300000, 0x0000000089400000|  0%| F|  |TAMS 0x0000000089300000| PB 0x0000000089300000| Untracked 
|  84|0x0000000089400000, 0x0000000089400000, 0x0000000089500000|  0%| F|  |TAMS 0x0000000089400000| PB 0x0000000089400000| Untracked 
|  85|0x0000000089500000, 0x0000000089500000, 0x0000000089600000|  0%| F|  |TAMS 0x0000000089500000| PB 0x0000000089500000| Untracked 
|  86|0x0000000089600000, 0x0000000089600000, 0x0000000089700000|  0%| F|  |TAMS 0x0000000089600000| PB 0x0000000089600000| Untracked 
|  87|0x0000000089700000, 0x0000000089700000, 0x0000000089800000|  0%| F|  |TAMS 0x0000000089700000| PB 0x0000000089700000| Untracked 
|  88|0x0000000089800000, 0x0000000089800000, 0x0000000089900000|  0%| F|  |TAMS 0x0000000089800000| PB 0x0000000089800000| Untracked 
|  89|0x0000000089900000, 0x0000000089900000, 0x0000000089a00000|  0%| F|  |TAMS 0x0000000089900000| PB 0x0000000089900000| Untracked 
|  90|0x0000000089a00000, 0x0000000089a00000, 0x0000000089b00000|  0%| F|  |TAMS 0x0000000089a00000| PB 0x0000000089a00000| Untracked 
|  91|0x0000000089b00000, 0x0000000089b00000, 0x0000000089c00000|  0%| F|  |TAMS 0x0000000089b00000| PB 0x0000000089b00000| Untracked 
|  92|0x0000000089c00000, 0x0000000089c00000, 0x0000000089d00000|  0%| F|  |TAMS 0x0000000089c00000| PB 0x0000000089c00000| Untracked 
|  93|0x0000000089d00000, 0x0000000089d00000, 0x0000000089e00000|  0%| F|  |TAMS 0x0000000089d00000| PB 0x0000000089d00000| Untracked 
|  94|0x0000000089e00000, 0x0000000089e00000, 0x0000000089f00000|  0%| F|  |TAMS 0x0000000089e00000| PB 0x0000000089e00000| Untracked 
|  95|0x0000000089f00000, 0x0000000089f00000, 0x000000008a000000|  0%| F|  |TAMS 0x0000000089f00000| PB 0x0000000089f00000| Untracked 
|  96|0x000000008a000000, 0x000000008a000000, 0x000000008a100000|  0%| F|  |TAMS 0x000000008a000000| PB 0x000000008a000000| Untracked 
|  97|0x000000008a100000, 0x000000008a100000, 0x000000008a200000|  0%| F|  |TAMS 0x000000008a100000| PB 0x000000008a100000| Untracked 
|  98|0x000000008a200000, 0x000000008a200000, 0x000000008a300000|  0%| F|  |TAMS 0x000000008a200000| PB 0x000000008a200000| Untracked 
|  99|0x000000008a300000, 0x000000008a300000, 0x000000008a400000|  0%| F|  |TAMS 0x000000008a300000| PB 0x000000008a300000| Untracked 
| 100|0x000000008a400000, 0x000000008a400000, 0x000000008a500000|  0%| F|  |TAMS 0x000000008a400000| PB 0x000000008a400000| Untracked 
| 101|0x000000008a500000, 0x000000008a500000, 0x000000008a600000|  0%| F|  |TAMS 0x000000008a500000| PB 0x000000008a500000| Untracked 
| 102|0x000000008a600000, 0x000000008a600000, 0x000000008a700000|  0%| F|  |TAMS 0x000000008a600000| PB 0x000000008a600000| Untracked 
| 103|0x000000008a700000, 0x000000008a700000, 0x000000008a800000|  0%| F|  |TAMS 0x000000008a700000| PB 0x000000008a700000| Untracked 
| 104|0x000000008a800000, 0x000000008a800000, 0x000000008a900000|  0%| F|  |TAMS 0x000000008a800000| PB 0x000000008a800000| Untracked 
| 105|0x000000008a900000, 0x000000008a900000, 0x000000008aa00000|  0%| F|  |TAMS 0x000000008a900000| PB 0x000000008a900000| Untracked 
| 106|0x000000008aa00000, 0x000000008aa00000, 0x000000008ab00000|  0%| F|  |TAMS 0x000000008aa00000| PB 0x000000008aa00000| Untracked 
| 107|0x000000008ab00000, 0x000000008ab00000, 0x000000008ac00000|  0%| F|  |TAMS 0x000000008ab00000| PB 0x000000008ab00000| Untracked 
| 108|0x000000008ac00000, 0x000000008ac00000, 0x000000008ad00000|  0%| F|  |TAMS 0x000000008ac00000| PB 0x000000008ac00000| Untracked 
| 109|0x000000008ad00000, 0x000000008ad00000, 0x000000008ae00000|  0%| F|  |TAMS 0x000000008ad00000| PB 0x000000008ad00000| Untracked 
| 110|0x000000008ae00000, 0x000000008ae00000, 0x000000008af00000|  0%| F|  |TAMS 0x000000008ae00000| PB 0x000000008ae00000| Untracked 
| 111|0x000000008af00000, 0x000000008af00000, 0x000000008b000000|  0%| F|  |TAMS 0x000000008af00000| PB 0x000000008af00000| Untracked 
| 112|0x000000008b000000, 0x000000008b000000, 0x000000008b100000|  0%| F|  |TAMS 0x000000008b000000| PB 0x000000008b000000| Untracked 
| 113|0x000000008b100000, 0x000000008b100000, 0x000000008b200000|  0%| F|  |TAMS 0x000000008b100000| PB 0x000000008b100000| Untracked 
| 114|0x000000008b200000, 0x000000008b200000, 0x000000008b300000|  0%| F|  |TAMS 0x000000008b200000| PB 0x000000008b200000| Untracked 
| 115|0x000000008b300000, 0x000000008b300000, 0x000000008b400000|  0%| F|  |TAMS 0x000000008b300000| PB 0x000000008b300000| Untracked 
| 116|0x000000008b400000, 0x000000008b400000, 0x000000008b500000|  0%| F|  |TAMS 0x000000008b400000| PB 0x000000008b400000| Untracked 
| 117|0x000000008b500000, 0x000000008b500000, 0x000000008b600000|  0%| F|  |TAMS 0x000000008b500000| PB 0x000000008b500000| Untracked 
| 118|0x000000008b600000, 0x000000008b600000, 0x000000008b700000|  0%| F|  |TAMS 0x000000008b600000| PB 0x000000008b600000| Untracked 
| 119|0x000000008b700000, 0x000000008b738628, 0x000000008b800000| 22%| E|  |TAMS 0x000000008b700000| PB 0x000000008b700000| Complete 

Card table byte_map: [0x0000021faf4e0000,0x0000021faf8c0000] _byte_map_base: 0x0000021faf0c0000

Marking Bits: (CMBitMap*) 0x0000021fa8e53400
 Bits: [0x0000021faf8c0000, 0x0000021fb17c0000)

Polling page: 0x0000021fa6de0000

Metaspace:

Usage:
  Non-class:     43.49 MB used.
      Class:      7.22 MB used.
       Both:     50.71 MB used.

Virtual space:
  Non-class space:       64.00 MB reserved,      44.25 MB ( 69%) committed,  1 nodes.
      Class space:        1.00 GB reserved,       7.69 MB ( <1%) committed,  1 nodes.
             Both:        1.06 GB reserved,      51.94 MB (  5%) committed. 

Chunk freelists:
   Non-Class:  4.24 MB
       Class:  8.46 MB
        Both:  12.69 MB

MaxMetaspaceSize: unlimited
CompressedClassSpaceSize: 1.00 GB
Initial GC threshold: 21.00 MB
Current GC threshold: 86.56 MB
CDS: on
 - commit_granule_bytes: 65536.
 - commit_granule_words: 8192.
 - virtual_space_node_default_size: 8388608.
 - enlarge_chunks_in_place: 1.
 - use_allocation_guard: 0.


Internal statistics:

num_allocs_failed_limit: 0.
num_arena_births: 1108.
num_arena_deaths: 548.
num_vsnodes_births: 2.
num_vsnodes_deaths: 0.
num_space_committed: 831.
num_space_uncommitted: 0.
num_chunks_returned_to_freelist: 585.
num_chunks_taken_from_freelist: 3051.
num_chunk_merges: 193.
num_chunk_splits: 2084.
num_chunks_enlarged: 1499.
num_inconsistent_stats: 0.

CodeCache: size=49152Kb used=2322Kb max_used=12654Kb free=46829Kb
 bounds [0x0000021fabff0000, 0x0000021facc50000, 0x0000021faeff0000]
 total_blobs=1291, nmethods=632, adapters=583, full_count=0
Compilation: enabled, stopped_count=0, restarted_count=0

Compilation events (20 events):
Event: 3119.566 Thread 0x0000021fb42033c0 8210       1       java.lang.Runtime::exec (8 bytes)
Event: 3119.665 Thread 0x0000021fb42033c0 nmethod 8210 0x0000021fac865b90 code [0x0000021fac865d40, 0x0000021fac865e38]
Event: 3119.665 Thread 0x0000021fb42033c0 8211       1       java.lang.ProcessBuilder::<init> (56 bytes)
Event: 3119.783 Thread 0x0000021fb42033c0 nmethod 8211 0x0000021fac6a8090 code [0x0000021fac6a8240, 0x0000021fac6a8488]
Event: 3119.783 Thread 0x0000021fb42033c0 8217       1       java.lang.ProcessImpl$$Lambda/0x0000021fb62eb540::<init> (10 bytes)
Event: 3119.801 Thread 0x0000021fb42033c0 nmethod 8217 0x0000021faca17490 code [0x0000021faca17620, 0x0000021faca176e8]
Event: 3119.820 Thread 0x0000021fb42033c0 8218       1       java.lang.ProcessHandleImpl::getInternal (13 bytes)
Event: 3120.005 Thread 0x0000021fb42033c0 nmethod 8218 0x0000021fac6b3e90 code [0x0000021fac6b4040, 0x0000021fac6b4190]
Event: 3120.831 Thread 0x0000021fb42033c0 8223       1       java.lang.ProcessImpl::getInputStream (5 bytes)
Event: 3121.170 Thread 0x0000021fb42033c0 nmethod 8223 0x0000021fac6b3b10 code [0x0000021fac6b3ca0, 0x0000021fac6b3d68]
Event: 3132.535 Thread 0x0000021fb42033c0 8230       1       java.lang.ProcessImpl$$Lambda/0x0000021fb62eb540::run (8 bytes)
Event: 3132.536 Thread 0x0000021fb42033c0 nmethod 8230 0x0000021facbc6890 code [0x0000021facbc6a40, 0x0000021facbc6b28]
Event: 3132.537 Thread 0x0000021fb42033c0 8231       1       java.lang.ProcessImpl::lambda$new$0 (6 bytes)
Event: 3132.537 Thread 0x0000021fb42033c0 nmethod 8231 0x0000021fac5cf790 code [0x0000021fac5cf940, 0x0000021fac5cfa00]
Event: 3917.279 Thread 0x0000021fb42033c0 8232       1       java.time.Clock$SystemClock::millis (4 bytes)
Event: 3917.319 Thread 0x0000021fb42033c0 nmethod 8232 0x0000021fac5cf210 code [0x0000021fac5cf3a0, 0x0000021fac5cf478]
Event: 3927.290 Thread 0x0000021fb42033c0 8233       1       reactor.core.scheduler.BoundedElasticScheduler$$Lambda/0x0000021fb630b198::run (8 bytes)
Event: 3927.342 Thread 0x0000021fb42033c0 nmethod 8233 0x0000021fac6b0f90 code [0x0000021fac6b1140, 0x0000021fac6b1230]
Event: 3927.343 Thread 0x0000021fb42033c0 8234       1       java.util.concurrent.ConcurrentLinkedDeque::toArray (6 bytes)
Event: 3927.349 Thread 0x0000021fb42033c0 nmethod 8234 0x0000021fac6b0a90 code [0x0000021fac6b0c40, 0x0000021fac6b0d28]

GC Heap History (20 events):
Event: 4311.270 GC heap after
{Heap after GC invocations=394 (full 354):
 garbage-first heap   total 122880K, used 35760K [0x0000000084000000, 0x0000000100000000)
  region size 1024K, 0 young (0K), 0 survivors (0K)
 Metaspace       used 51924K, committed 53184K, reserved 1114112K
  class space    used 7392K, committed 7872K, reserved 1048576K
}
Event: 4323.125 GC heap before
{Heap before GC invocations=394 (full 354):
 garbage-first heap   total 122880K, used 35760K [0x0000000084000000, 0x0000000100000000)
  region size 1024K, 1 young (1024K), 0 survivors (0K)
 Metaspace       used 51924K, committed 53184K, reserved 1114112K
  class space    used 7392K, committed 7872K, reserved 1048576K
}
Event: 4323.192 GC heap after
{Heap after GC invocations=395 (full 355):
 garbage-first heap   total 122880K, used 35760K [0x0000000084000000, 0x0000000100000000)
  region size 1024K, 0 young (0K), 0 survivors (0K)
 Metaspace       used 51924K, committed 53184K, reserved 1114112K
  class space    used 7392K, committed 7872K, reserved 1048576K
}
Event: 4335.420 GC heap before
{Heap before GC invocations=395 (full 355):
 garbage-first heap   total 122880K, used 35760K [0x0000000084000000, 0x0000000100000000)
  region size 1024K, 1 young (1024K), 0 survivors (0K)
 Metaspace       used 51924K, committed 53184K, reserved 1114112K
  class space    used 7392K, committed 7872K, reserved 1048576K
}
Event: 4335.518 GC heap after
{Heap after GC invocations=396 (full 356):
 garbage-first heap   total 122880K, used 35760K [0x0000000084000000, 0x0000000100000000)
  region size 1024K, 0 young (0K), 0 survivors (0K)
 Metaspace       used 51924K, committed 53184K, reserved 1114112K
  class space    used 7392K, committed 7872K, reserved 1048576K
}
Event: 4347.367 GC heap before
{Heap before GC invocations=396 (full 356):
 garbage-first heap   total 122880K, used 35760K [0x0000000084000000, 0x0000000100000000)
  region size 1024K, 1 young (1024K), 0 survivors (0K)
 Metaspace       used 51924K, committed 53184K, reserved 1114112K
  class space    used 7392K, committed 7872K, reserved 1048576K
}
Event: 4347.531 GC heap after
{Heap after GC invocations=397 (full 357):
 garbage-first heap   total 122880K, used 35760K [0x0000000084000000, 0x0000000100000000)
  region size 1024K, 0 young (0K), 0 survivors (0K)
 Metaspace       used 51924K, committed 53184K, reserved 1114112K
  class space    used 7392K, committed 7872K, reserved 1048576K
}
Event: 4359.485 GC heap before
{Heap before GC invocations=397 (full 357):
 garbage-first heap   total 122880K, used 35760K [0x0000000084000000, 0x0000000100000000)
  region size 1024K, 1 young (1024K), 0 survivors (0K)
 Metaspace       used 51924K, committed 53184K, reserved 1114112K
  class space    used 7392K, committed 7872K, reserved 1048576K
}
Event: 4359.548 GC heap after
{Heap after GC invocations=398 (full 358):
 garbage-first heap   total 122880K, used 35760K [0x0000000084000000, 0x0000000100000000)
  region size 1024K, 0 young (0K), 0 survivors (0K)
 Metaspace       used 51924K, committed 53184K, reserved 1114112K
  class space    used 7392K, committed 7872K, reserved 1048576K
}
Event: 4370.990 GC heap before
{Heap before GC invocations=398 (full 358):
 garbage-first heap   total 122880K, used 35760K [0x0000000084000000, 0x0000000100000000)
  region size 1024K, 1 young (1024K), 0 survivors (0K)
 Metaspace       used 51924K, committed 53184K, reserved 1114112K
  class space    used 7392K, committed 7872K, reserved 1048576K
}
Event: 4371.187 GC heap after
{Heap after GC invocations=399 (full 359):
 garbage-first heap   total 122880K, used 35760K [0x0000000084000000, 0x0000000100000000)
  region size 1024K, 0 young (0K), 0 survivors (0K)
 Metaspace       used 51924K, committed 53184K, reserved 1114112K
  class space    used 7392K, committed 7872K, reserved 1048576K
}
Event: 4383.335 GC heap before
{Heap before GC invocations=399 (full 359):
 garbage-first heap   total 122880K, used 35760K [0x0000000084000000, 0x0000000100000000)
  region size 1024K, 1 young (1024K), 0 survivors (0K)
 Metaspace       used 51924K, committed 53184K, reserved 1114112K
  class space    used 7392K, committed 7872K, reserved 1048576K
}
Event: 4383.542 GC heap after
{Heap after GC invocations=400 (full 360):
 garbage-first heap   total 122880K, used 35760K [0x0000000084000000, 0x0000000100000000)
  region size 1024K, 0 young (0K), 0 survivors (0K)
 Metaspace       used 51924K, committed 53184K, reserved 1114112K
  class space    used 7392K, committed 7872K, reserved 1048576K
}
Event: 4395.536 GC heap before
{Heap before GC invocations=400 (full 360):
 garbage-first heap   total 122880K, used 35760K [0x0000000084000000, 0x0000000100000000)
  region size 1024K, 1 young (1024K), 0 survivors (0K)
 Metaspace       used 51924K, committed 53184K, reserved 1114112K
  class space    used 7392K, committed 7872K, reserved 1048576K
}
Event: 4395.609 GC heap after
{Heap after GC invocations=401 (full 361):
 garbage-first heap   total 122880K, used 35760K [0x0000000084000000, 0x0000000100000000)
  region size 1024K, 0 young (0K), 0 survivors (0K)
 Metaspace       used 51924K, committed 53184K, reserved 1114112K
  class space    used 7392K, committed 7872K, reserved 1048576K
}
Event: 4406.463 GC heap before
{Heap before GC invocations=401 (full 361):
 garbage-first heap   total 122880K, used 35760K [0x0000000084000000, 0x0000000100000000)
  region size 1024K, 1 young (1024K), 0 survivors (0K)
 Metaspace       used 51924K, committed 53184K, reserved 1114112K
  class space    used 7392K, committed 7872K, reserved 1048576K
}
Event: 4406.742 GC heap after
{Heap after GC invocations=402 (full 362):
 garbage-first heap   total 122880K, used 35760K [0x0000000084000000, 0x0000000100000000)
  region size 1024K, 0 young (0K), 0 survivors (0K)
 Metaspace       used 51924K, committed 53184K, reserved 1114112K
  class space    used 7392K, committed 7872K, reserved 1048576K
}
Event: 4417.814 GC heap before
{Heap before GC invocations=402 (full 362):
 garbage-first heap   total 122880K, used 35760K [0x0000000084000000, 0x0000000100000000)
  region size 1024K, 1 young (1024K), 0 survivors (0K)
 Metaspace       used 51924K, committed 53184K, reserved 1114112K
  class space    used 7392K, committed 7872K, reserved 1048576K
}
Event: 4418.131 GC heap after
{Heap after GC invocations=403 (full 363):
 garbage-first heap   total 122880K, used 35760K [0x0000000084000000, 0x0000000100000000)
  region size 1024K, 0 young (0K), 0 survivors (0K)
 Metaspace       used 51924K, committed 53184K, reserved 1114112K
  class space    used 7392K, committed 7872K, reserved 1048576K
}
Event: 4428.464 GC heap before
{Heap before GC invocations=403 (full 363):
 garbage-first heap   total 122880K, used 35760K [0x0000000084000000, 0x0000000100000000)
  region size 1024K, 1 young (1024K), 0 survivors (0K)
 Metaspace       used 51924K, committed 53184K, reserved 1114112K
  class space    used 7392K, committed 7872K, reserved 1048576K
}

Dll operation events (11 events):
Event: 4.804 Loaded shared library c:\Users\Glymin Terra Selasi\.trae\extensions\redhat.java-1.52.0-win32-x64\jre\21.0.9-win32-x86_64\bin\java.dll
Event: 7.789 Loaded shared library c:\Users\Glymin Terra Selasi\.trae\extensions\redhat.java-1.52.0-win32-x64\jre\21.0.9-win32-x86_64\bin\zip.dll
Event: 9.608 Loaded shared library C:\Users\Glymin Terra Selasi\.trae\extensions\redhat.java-1.52.0-win32-x64\jre\21.0.9-win32-x86_64\bin\net.dll
Event: 9.844 Loaded shared library C:\Users\Glymin Terra Selasi\.trae\extensions\redhat.java-1.52.0-win32-x64\jre\21.0.9-win32-x86_64\bin\nio.dll
Event: 11.124 Loaded shared library C:\Users\Glymin Terra Selasi\.trae\extensions\redhat.java-1.52.0-win32-x64\jre\21.0.9-win32-x86_64\bin\zip.dll
Event: 54.753 Loaded shared library C:\Users\Glymin Terra Selasi\.trae\extensions\redhat.java-1.52.0-win32-x64\jre\21.0.9-win32-x86_64\bin\jimage.dll
Event: 73.788 Loaded shared library c:\Users\Glymin Terra Selasi\.trae\extensions\redhat.java-1.52.0-win32-x64\jre\21.0.9-win32-x86_64\bin\verify.dll
Event: 92.661 Loaded shared library C:\Users\Glymin Terra Selasi\.trae\extensions\redhat.java-1.52.0-win32-x64\jre\21.0.9-win32-x86_64\bin\management.dll
Event: 92.747 Loaded shared library C:\Users\Glymin Terra Selasi\.trae\extensions\redhat.java-1.52.0-win32-x64\jre\21.0.9-win32-x86_64\bin\management_ext.dll
Event: 175.425 Loaded shared library C:\Users\Glymin Terra Selasi\.trae\extensions\redhat.java-1.52.0-win32-x64\jre\21.0.9-win32-x86_64\bin\sunmscapi.dll
Event: 175.686 Loaded shared library C:\Users\Glymin Terra Selasi\.trae\extensions\redhat.java-1.52.0-win32-x64\jre\21.0.9-win32-x86_64\bin\extnet.dll

Deoptimization events (20 events):
Event: 111.958 Thread 0x0000021ffac1c580 DEOPT PACKING pc=0x0000021fac564574 sp=0x00000031cabfe840
Event: 111.958 Thread 0x0000021ffac1c580 DEOPT UNPACKING pc=0x0000021fac0486e2 sp=0x00000031cabfdda8 mode 0
Event: 112.317 Thread 0x0000021ffac02a20 DEOPT PACKING pc=0x0000021fac564574 sp=0x00000031ca9fe600
Event: 112.317 Thread 0x0000021ffac02a20 DEOPT UNPACKING pc=0x0000021fac0486e2 sp=0x00000031ca9fdb68 mode 0
Event: 123.715 Thread 0x0000021ffac04460 DEOPT PACKING pc=0x0000021fac564574 sp=0x00000031ca3fec80
Event: 123.716 Thread 0x0000021ffac1cc10 DEOPT PACKING pc=0x0000021fac564574 sp=0x00000031caefe770
Event: 123.716 Thread 0x0000021ffac1cc10 DEOPT UNPACKING pc=0x0000021fac0486e2 sp=0x00000031caefdcd8 mode 0
Event: 123.716 Thread 0x0000021ffac04460 DEOPT UNPACKING pc=0x0000021fac0486e2 sp=0x00000031ca3fe1e8 mode 0
Event: 167.980 Thread 0x0000021ffaa4ef60 DEOPT PACKING pc=0x0000021fac578dc1 sp=0x00000031c9bfcb10
Event: 167.982 Thread 0x0000021ffaa4ef60 DEOPT UNPACKING pc=0x0000021fac0486e2 sp=0x00000031c9bfc018 mode 3
Event: 169.113 Thread 0x0000021ffaa4ef60 DEOPT PACKING pc=0x0000021facac3364 sp=0x00000031c9bfde10
Event: 169.113 Thread 0x0000021ffaa4ef60 DEOPT UNPACKING pc=0x0000021fac0486e2 sp=0x00000031c9bfd308 mode 0
Event: 169.113 Thread 0x0000021ffaa4ef60 DEOPT PACKING pc=0x0000021faca8f2ac sp=0x00000031c9bfdee0
Event: 169.113 Thread 0x0000021ffaa4ef60 DEOPT UNPACKING pc=0x0000021fac0486e2 sp=0x00000031c9bfd3b8 mode 0
Event: 169.113 Thread 0x0000021ffaa4ef60 DEOPT PACKING pc=0x0000021faca8d344 sp=0x00000031c9bfdf90
Event: 169.113 Thread 0x0000021ffaa4ef60 DEOPT UNPACKING pc=0x0000021fac0486e2 sp=0x00000031c9bfd510 mode 0
Event: 169.115 Thread 0x0000021ffaa4ef60 DEOPT PACKING pc=0x0000021facada724 sp=0x00000031c9bfe2b0
Event: 169.115 Thread 0x0000021ffaa4ef60 DEOPT UNPACKING pc=0x0000021fac0486e2 sp=0x00000031c9bfd740 mode 0
Event: 174.739 Thread 0x0000021ffab1b340 DEOPT PACKING pc=0x0000021fac7be164 sp=0x00000031ca4fe3e0
Event: 174.739 Thread 0x0000021ffab1b340 DEOPT UNPACKING pc=0x0000021fac0486e2 sp=0x00000031ca4fd8a8 mode 0

Classes loaded (20 events):
Event: 176.652 Loading class sun/net/www/http/Hurryable done
Event: 176.652 Loading class sun/net/www/http/ChunkedInputStream done
Event: 176.652 Loading class sun/net/www/protocol/http/HttpURLConnection$HttpInputStream
Event: 176.652 Loading class sun/net/www/protocol/http/HttpURLConnection$HttpInputStream done
Event: 176.781 Loading class java/io/OutputStream$1
Event: 176.781 Loading class java/io/OutputStream$1 done
Event: 176.782 Loading class sun/net/www/http/KeepAliveCache$1
Event: 176.782 Loading class sun/net/www/http/KeepAliveCache$1 done
Event: 176.782 Loading class sun/net/www/http/KeepAliveCache$ClientVector
Event: 176.782 Loading class sun/net/www/http/KeepAliveCache$ClientVector done
Event: 176.782 Loading class sun/net/www/http/KeepAliveEntry
Event: 176.782 Loading class sun/net/www/http/KeepAliveEntry done
Event: 176.782 Loading class jdk/internal/event/ThreadSleepEvent
Event: 176.782 Loading class jdk/internal/event/ThreadSleepEvent done
Event: 181.788 Loading class sun/security/ssl/Alert
Event: 181.788 Loading class sun/security/ssl/Alert done
Event: 181.789 Loading class sun/security/ssl/Alert$AlertConsumer
Event: 181.789 Loading class sun/security/ssl/Alert$AlertConsumer done
Event: 181.789 Loading class sun/security/ssl/Alert$Level
Event: 181.789 Loading class sun/security/ssl/Alert$Level done

Classes unloaded (20 events):
Event: 276.222 Thread 0x0000021fb41dba10 Unloading class 0x0000021fb6286000 'java/lang/invoke/LambdaForm$MH+0x0000021fb6286000'
Event: 276.222 Thread 0x0000021fb41dba10 Unloading class 0x0000021fb6285400 'java/lang/invoke/LambdaForm$MH+0x0000021fb6285400'
Event: 276.222 Thread 0x0000021fb41dba10 Unloading class 0x0000021fb6284c00 'java/lang/invoke/LambdaForm$MH+0x0000021fb6284c00'
Event: 276.222 Thread 0x0000021fb41dba10 Unloading class 0x0000021fb6190400 'java/lang/invoke/LambdaForm$MH+0x0000021fb6190400'
Event: 276.222 Thread 0x0000021fb41dba10 Unloading class 0x0000021fb6120000 'java/lang/invoke/LambdaForm$MH+0x0000021fb6120000'
Event: 276.222 Thread 0x0000021fb41dba10 Unloading class 0x0000021fb611cc00 'java/lang/invoke/LambdaForm$MH+0x0000021fb611cc00'
Event: 276.222 Thread 0x0000021fb41dba10 Unloading class 0x0000021fb610c000 'java/lang/invoke/LambdaForm$MH+0x0000021fb610c000'
Event: 276.223 Thread 0x0000021fb41dba10 Unloading class 0x0000021fb60d1400 'java/lang/invoke/LambdaForm$MH+0x0000021fb60d1400'
Event: 276.223 Thread 0x0000021fb41dba10 Unloading class 0x0000021fb609d000 'java/lang/invoke/LambdaForm$MH+0x0000021fb609d000'
Event: 276.223 Thread 0x0000021fb41dba10 Unloading class 0x0000021fb6015000 'java/lang/invoke/LambdaForm$MH+0x0000021fb6015000'
Event: 276.223 Thread 0x0000021fb41dba10 Unloading class 0x0000021fb6014400 'java/lang/invoke/LambdaForm$MH+0x0000021fb6014400'
Event: 276.223 Thread 0x0000021fb41dba10 Unloading class 0x0000021fb6014000 'java/lang/invoke/LambdaForm$MH+0x0000021fb6014000'
Event: 276.223 Thread 0x0000021fb41dba10 Unloading class 0x0000021fb6013c00 'java/lang/invoke/LambdaForm$MH+0x0000021fb6013c00'
Event: 276.223 Thread 0x0000021fb41dba10 Unloading class 0x0000021fb6013400 'java/lang/invoke/LambdaForm$MH+0x0000021fb6013400'
Event: 276.224 Thread 0x0000021fb41dba10 Unloading class 0x0000021fb6012800 'java/lang/invoke/LambdaForm$MH+0x0000021fb6012800'
Event: 276.224 Thread 0x0000021fb41dba10 Unloading class 0x0000021fb6012000 'java/lang/invoke/LambdaForm$MH+0x0000021fb6012000'
Event: 276.224 Thread 0x0000021fb41dba10 Unloading class 0x0000021fb6011800 'java/lang/invoke/LambdaForm$MH+0x0000021fb6011800'
Event: 276.224 Thread 0x0000021fb41dba10 Unloading class 0x0000021fb6011000 'java/lang/invoke/LambdaForm$MH+0x0000021fb6011000'
Event: 276.224 Thread 0x0000021fb41dba10 Unloading class 0x0000021fb6010800 'java/lang/invoke/LambdaForm$MH+0x0000021fb6010800'
Event: 276.224 Thread 0x0000021fb41dba10 Unloading class 0x0000021fb6010400 'java/lang/invoke/LambdaForm$MH+0x0000021fb6010400'

Classes redefined (0 events):
No events

Internal exceptions (20 events):
Event: 167.457 Thread 0x0000021ffaa4ef60 Exception <a 'java/lang/NoSuchMethodError'{0x000000009766f8a0}: 'void java.lang.invoke.DirectMethodHandle$Holder.invokeStatic(java.lang.Object, java.lang.Object, java.lang.Object, java.lang.Object, java.lang.Object, java.lang.Object, java.lang.Object)'> (0x000000009766f8a0) 
thrown [s\src\hotspot\share\interpreter\linkResolver.cpp, line 773]
Event: 174.631 Thread 0x0000021ffbfe1450 Exception <a 'java/lang/NoSuchMethodError'{0x000000009760fe80}: 'java.lang.Object java.lang.invoke.Invokers$Holder.linkToTargetMethod(java.lang.Object, long, java.lang.Object)'> (0x000000009760fe80) 
thrown [s\src\hotspot\share\interpreter\linkResolver.cpp, line 773]
Event: 174.673 Thread 0x0000021ffab1b340 Exception <a 'java/lang/NoSuchMethodError'{0x0000000097543c38}: 'void java.lang.invoke.DirectMethodHandle$Holder.invokeVirtual(java.lang.Object, java.lang.Object, java.lang.Object, java.lang.Object)'> (0x0000000097543c38) 
thrown [s\src\hotspot\share\interpreter\linkResolver.cpp, line 773]
Event: 174.677 Thread 0x0000021ffb990d10 Exception <a 'java/lang/NoSuchMethodError'{0x00000000975e4df8}: 'java.lang.Object java.lang.invoke.DelegatingMethodHandle$Holder.reinvoke_L(java.lang.Object, int, java.lang.Object, java.lang.Object, java.lang.Object, java.lang.Object, java.lang.Object, java.lang.Object)'> (0x00000000975e4df8) 
thrown [s\src\hotspot\share\interpreter\linkResolver.cpp, line 773]
Event: 174.742 Thread 0x0000021ffbfe1450 Exception <a 'java/lang/NoSuchMethodError'{0x0000000097270bd8}: 'long java.lang.invoke.DelegatingMethodHandle$Holder.reinvoke_L(java.lang.Object, java.lang.Object)'> (0x0000000097270bd8) 
thrown [s\src\hotspot\share\interpreter\linkResolver.cpp, line 773]
Event: 174.800 Thread 0x0000021ffbfe1450 Exception <a 'sun/nio/fs/WindowsException'{0x00000000965689f0}> (0x00000000965689f0) 
thrown [s\src\hotspot\share\prims\jni.cpp, line 520]
Event: 174.800 Thread 0x0000021ffbfe1450 Exception <a 'sun/nio/fs/WindowsException'{0x0000000096569490}> (0x0000000096569490) 
thrown [s\src\hotspot\share\prims\jni.cpp, line 520]
Event: 174.800 Thread 0x0000021ffbfe1450 Exception <a 'sun/nio/fs/WindowsException'{0x0000000096569f10}> (0x0000000096569f10) 
thrown [s\src\hotspot\share\prims\jni.cpp, line 520]
Event: 174.800 Thread 0x0000021ffbfe1450 Exception <a 'sun/nio/fs/WindowsException'{0x000000009656a9b0}> (0x000000009656a9b0) 
thrown [s\src\hotspot\share\prims\jni.cpp, line 520]
Event: 174.801 Thread 0x0000021ffbfe1450 Exception <a 'sun/nio/fs/WindowsException'{0x000000009656b550}> (0x000000009656b550) 
thrown [s\src\hotspot\share\prims\jni.cpp, line 520]
Event: 174.801 Thread 0x0000021ffbfe1450 Exception <a 'sun/nio/fs/WindowsException'{0x000000009656c158}> (0x000000009656c158) 
thrown [s\src\hotspot\share\prims\jni.cpp, line 520]
Event: 174.802 Thread 0x0000021ffbfe1450 Exception <a 'sun/nio/fs/WindowsException'{0x00000000965723a8}> (0x00000000965723a8) 
thrown [s\src\hotspot\share\prims\jni.cpp, line 520]
Event: 174.802 Thread 0x0000021ffbfe1450 Exception <a 'sun/nio/fs/WindowsException'{0x0000000096572e48}> (0x0000000096572e48) 
thrown [s\src\hotspot\share\prims\jni.cpp, line 520]
Event: 174.802 Thread 0x0000021ffbfe1450 Exception <a 'sun/nio/fs/WindowsException'{0x00000000965738c8}> (0x00000000965738c8) 
thrown [s\src\hotspot\share\prims\jni.cpp, line 520]
Event: 174.802 Thread 0x0000021ffbfe1450 Exception <a 'sun/nio/fs/WindowsException'{0x0000000096574368}> (0x0000000096574368) 
thrown [s\src\hotspot\share\prims\jni.cpp, line 520]
Event: 174.802 Thread 0x0000021ffbfe1450 Exception <a 'sun/nio/fs/WindowsException'{0x0000000096574f08}> (0x0000000096574f08) 
thrown [s\src\hotspot\share\prims\jni.cpp, line 520]
Event: 174.802 Thread 0x0000021ffbfe1450 Exception <a 'sun/nio/fs/WindowsException'{0x0000000096575b10}> (0x0000000096575b10) 
thrown [s\src\hotspot\share\prims\jni.cpp, line 520]
Event: 175.207 Thread 0x0000021ffb990d10 Exception <a 'sun/nio/fs/WindowsException'{0x0000000095180670}> (0x0000000095180670) 
thrown [s\src\hotspot\share\prims\jni.cpp, line 520]
Event: 175.220 Thread 0x0000021ffb990d10 Exception <a 'java/lang/NoSuchMethodError'{0x000000009503dc78}: 'java.lang.Object java.lang.invoke.DirectMethodHandle$Holder.invokeSpecial(java.lang.Object, java.lang.Object, java.lang.Object, int, long)'> (0x000000009503dc78) 
thrown [s\src\hotspot\share\interpreter\linkResolver.cpp, line 773]
Event: 175.466 Thread 0x0000021ffab1b340 Exception <a 'sun/nio/fs/WindowsException'{0x0000000094f57640}> (0x0000000094f57640) 
thrown [s\src\hotspot\share\prims\jni.cpp, line 520]

ZGC Phase Switch (0 events):
No events

VM Operations (20 events):
Event: 4311.270 Executing VM operation: G1CollectFull (System.gc()) done
Event: 4323.125 Executing VM operation: G1CollectFull (System.gc())
Event: 4323.192 Executing VM operation: G1CollectFull (System.gc()) done
Event: 4335.420 Executing VM operation: G1CollectFull (System.gc())
Event: 4335.518 Executing VM operation: G1CollectFull (System.gc()) done
Event: 4347.367 Executing VM operation: G1CollectFull (System.gc())
Event: 4347.531 Executing VM operation: G1CollectFull (System.gc()) done
Event: 4359.485 Executing VM operation: G1CollectFull (System.gc())
Event: 4359.548 Executing VM operation: G1CollectFull (System.gc()) done
Event: 4370.989 Executing VM operation: G1CollectFull (System.gc())
Event: 4371.187 Executing VM operation: G1CollectFull (System.gc()) done
Event: 4383.335 Executing VM operation: G1CollectFull (System.gc())
Event: 4383.542 Executing VM operation: G1CollectFull (System.gc()) done
Event: 4395.536 Executing VM operation: G1CollectFull (System.gc())
Event: 4395.609 Executing VM operation: G1CollectFull (System.gc()) done
Event: 4406.463 Executing VM operation: G1CollectFull (System.gc())
Event: 4406.743 Executing VM operation: G1CollectFull (System.gc()) done
Event: 4417.813 Executing VM operation: G1CollectFull (System.gc())
Event: 4418.132 Executing VM operation: G1CollectFull (System.gc()) done
Event: 4428.464 Executing VM operation: G1CollectFull (System.gc())

Memory protections (0 events):
No events

Nmethod flushes (20 events):
Event: 255.509 Thread 0x0000021fb41dba10 flushing  nmethod 0x0000021facc1ab10
Event: 255.509 Thread 0x0000021fb41dba10 flushing  nmethod 0x0000021facc1b310
Event: 255.509 Thread 0x0000021fb41dba10 flushing  nmethod 0x0000021facc1be90
Event: 255.509 Thread 0x0000021fb41dba10 flushing  nmethod 0x0000021facc1c210
Event: 255.509 Thread 0x0000021fb41dba10 flushing  nmethod 0x0000021facc1c590
Event: 255.509 Thread 0x0000021fb41dba10 flushing  nmethod 0x0000021facc1c910
Event: 255.509 Thread 0x0000021fb41dba10 flushing  nmethod 0x0000021facc1cc90
Event: 255.509 Thread 0x0000021fb41dba10 flushing  nmethod 0x0000021facc1d010
Event: 255.509 Thread 0x0000021fb41dba10 flushing  nmethod 0x0000021facc1d390
Event: 297.347 Thread 0x0000021fb41dba10 flushing  nmethod 0x0000021fac8a1810
Event: 297.348 Thread 0x0000021fb41dba10 flushing  nmethod 0x0000021fac8e7b10
Event: 297.348 Thread 0x0000021fb41dba10 flushing  nmethod 0x0000021fac4a1b90
Event: 297.348 Thread 0x0000021fb41dba10 flushing  nmethod 0x0000021fac619190
Event: 297.348 Thread 0x0000021fb41dba10 flushing  nmethod 0x0000021fac7d0710
Event: 297.348 Thread 0x0000021fb41dba10 flushing  nmethod 0x0000021fac848b10
Event: 393.786 Thread 0x0000021fb41dba10 flushing  nmethod 0x0000021fac170510
Event: 393.786 Thread 0x0000021fb41dba10 flushing  nmethod 0x0000021fac172310
Event: 393.786 Thread 0x0000021fb41dba10 flushing  nmethod 0x0000021fac125110
Event: 393.786 Thread 0x0000021fb41dba10 flushing  nmethod 0x0000021fac2dc810
Event: 393.787 Thread 0x0000021fb41dba10 flushing  nmethod 0x0000021fac2df610

Events (20 events):
Event: 167.445 Thread 0x0000021ffac03dd0 Thread exited: 0x0000021ffac03dd0
Event: 167.445 Thread 0x0000021ffbafd580 Thread exited: 0x0000021ffbafd580
Event: 167.446 Thread 0x0000021ffac030b0 Thread exited: 0x0000021ffac030b0
Event: 169.883 Thread 0x0000021ffaa4ef60 Thread added: 0x0000021fb4a6af00
Event: 169.884 Thread 0x0000021ffaa4ef60 Thread added: 0x0000021fb4a6b590
Event: 169.885 Thread 0x0000021ffaa4ef60 Thread added: 0x0000021fb4a6a1e0
Event: 170.495 Thread 0x0000021ffaa4e8d0 Thread added: 0x0000021ffb990d10
Event: 172.157 Thread 0x0000021ffac27370 Thread exited: 0x0000021ffac27370
Event: 174.617 Thread 0x0000021ffa46f830 Thread added: 0x0000021ffbfe1450
Event: 174.620 Thread 0x0000021ffa46f830 Thread added: 0x0000021ffbfe1ae0
Event: 174.626 Thread 0x0000021ffb990d10 Thread added: 0x0000021ffab1b340
Event: 176.161 Thread 0x0000021ffab1b340 Thread added: 0x0000021ffbd9f550
Event: 176.162 Thread 0x0000021ffbd9f550 Thread exited: 0x0000021ffbd9f550
Event: 176.782 Thread 0x0000021ffab1b340 Thread added: 0x0000021ffbda8fc0
Event: 181.820 Thread 0x0000021ffac27a40 Thread exited: 0x0000021ffac27a40
Event: 186.817 Thread 0x0000021ffbda8fc0 Thread exited: 0x0000021ffbda8fc0
Event: 186.833 Thread 0x0000021ffac25f00 Thread exited: 0x0000021ffac25f00
Event: 187.272 Thread 0x0000021ffb990d10 Thread exited: 0x0000021ffb990d10
Event: 229.944 Thread 0x0000021ffaa4d520 Thread exited: 0x0000021ffaa4d520
Event: 289.969 Thread 0x0000021ffaa4ef60 Thread exited: 0x0000021ffaa4ef60


Dynamic libraries:
0x00007ff7717e0000 - 0x00007ff7717ee000 	c:\Users\Glymin Terra Selasi\.trae\extensions\redhat.java-1.52.0-win32-x64\jre\21.0.9-win32-x86_64\bin\java.exe
0x00007ff8929c0000 - 0x00007ff892c28000 	C:\WINDOWS\SYSTEM32\ntdll.dll
0x00007ff891ae0000 - 0x00007ff891ba9000 	C:\WINDOWS\System32\KERNEL32.DLL
0x00007ff890390000 - 0x00007ff890782000 	C:\WINDOWS\System32\KERNELBASE.dll
0x00007ff88fbe0000 - 0x00007ff88fd2b000 	C:\WINDOWS\System32\ucrtbase.dll
0x00007ff84a5f0000 - 0x00007ff84a60e000 	c:\Users\Glymin Terra Selasi\.trae\extensions\redhat.java-1.52.0-win32-x64\jre\21.0.9-win32-x86_64\bin\VCRUNTIME140.dll
0x00007ff84a190000 - 0x00007ff84a1a8000 	c:\Users\Glymin Terra Selasi\.trae\extensions\redhat.java-1.52.0-win32-x64\jre\21.0.9-win32-x86_64\bin\jli.dll
0x00007ff892650000 - 0x00007ff892815000 	C:\WINDOWS\System32\USER32.dll
0x00007ff877160000 - 0x00007ff8773f3000 	C:\WINDOWS\WinSxS\amd64_microsoft.windows.common-controls_6595b64144ccf1df_6.0.26100.6899_none_3e0efeeae32e88c1\COMCTL32.dll
0x00007ff890360000 - 0x00007ff890387000 	C:\WINDOWS\System32\win32u.dll
0x00007ff8922f0000 - 0x00007ff892399000 	C:\WINDOWS\System32\msvcrt.dll
0x00007ff8923a0000 - 0x00007ff8923cb000 	C:\WINDOWS\System32\GDI32.dll
0x00007ff88fd30000 - 0x00007ff88fe5d000 	C:\WINDOWS\System32\gdi32full.dll
0x00007ff88fe60000 - 0x00007ff88ff03000 	C:\WINDOWS\System32\msvcp_win.dll
0x00007ff890f30000 - 0x00007ff890f5f000 	C:\WINDOWS\System32\IMM32.DLL
0x00007ff88a680000 - 0x00007ff88a68c000 	c:\Users\Glymin Terra Selasi\.trae\extensions\redhat.java-1.52.0-win32-x64\jre\21.0.9-win32-x86_64\bin\vcruntime140_1.dll
0x00007ff840690000 - 0x00007ff84071d000 	c:\Users\Glymin Terra Selasi\.trae\extensions\redhat.java-1.52.0-win32-x64\jre\21.0.9-win32-x86_64\bin\msvcp140.dll
0x00007fffc9d90000 - 0x00007fffcab30000 	c:\Users\Glymin Terra Selasi\.trae\extensions\redhat.java-1.52.0-win32-x64\jre\21.0.9-win32-x86_64\bin\server\jvm.dll
0x00007ff891bb0000 - 0x00007ff891c64000 	C:\WINDOWS\System32\ADVAPI32.dll
0x00007ff890b60000 - 0x00007ff890c06000 	C:\WINDOWS\System32\sechost.dll
0x00007ff8919c0000 - 0x00007ff891ad8000 	C:\WINDOWS\System32\RPCRT4.dll
0x00007ff891c70000 - 0x00007ff891ce4000 	C:\WINDOWS\System32\WS2_32.dll
0x00007ff88f9b0000 - 0x00007ff88fa0e000 	C:\WINDOWS\SYSTEM32\POWRPROF.dll
0x00007ff8880c0000 - 0x00007ff8880f5000 	C:\WINDOWS\SYSTEM32\WINMM.dll
0x00007ff87fc80000 - 0x00007ff87fc8b000 	C:\WINDOWS\SYSTEM32\VERSION.dll
0x00007ff88f990000 - 0x00007ff88f9a4000 	C:\WINDOWS\SYSTEM32\UMPDC.dll
0x00007ff88e920000 - 0x00007ff88e93b000 	C:\WINDOWS\SYSTEM32\kernel.appcore.dll
0x00007ff879400000 - 0x00007ff87940a000 	c:\Users\Glymin Terra Selasi\.trae\extensions\redhat.java-1.52.0-win32-x64\jre\21.0.9-win32-x86_64\bin\jimage.dll
0x00007ff88d370000 - 0x00007ff88d5b2000 	C:\WINDOWS\SYSTEM32\DBGHELP.DLL
0x00007ff8907e0000 - 0x00007ff890b5b000 	C:\WINDOWS\System32\combase.dll
0x00007ff8923f0000 - 0x00007ff8924c7000 	C:\WINDOWS\System32\OLEAUT32.dll
0x00007ff852550000 - 0x00007ff85258c000 	C:\WINDOWS\SYSTEM32\dbgcore.DLL
0x00007ff8902c0000 - 0x00007ff890358000 	C:\WINDOWS\System32\bcryptPrimitives.dll
0x00007ff849d60000 - 0x00007ff849d80000 	c:\Users\Glymin Terra Selasi\.trae\extensions\redhat.java-1.52.0-win32-x64\jre\21.0.9-win32-x86_64\bin\java.dll
0x00007ff891260000 - 0x00007ff8919ad000 	C:\WINDOWS\System32\SHELL32.dll
0x00007ff88ffd0000 - 0x00007ff89013b000 	C:\WINDOWS\System32\wintypes.dll
0x00007ff88d770000 - 0x00007ff88dfcd000 	C:\WINDOWS\SYSTEM32\windows.storage.dll
0x00007ff892820000 - 0x00007ff892912000 	C:\WINDOWS\System32\SHCORE.dll
0x00007ff892550000 - 0x00007ff8925b2000 	C:\WINDOWS\System32\shlwapi.dll
0x00007ff88fa70000 - 0x00007ff88fa99000 	C:\WINDOWS\SYSTEM32\profapi.dll
0x00007ff8417a0000 - 0x00007ff8417b8000 	c:\Users\Glymin Terra Selasi\.trae\extensions\redhat.java-1.52.0-win32-x64\jre\21.0.9-win32-x86_64\bin\zip.dll
0x00007ff86e9a0000 - 0x00007ff86e9b0000 	C:\Users\Glymin Terra Selasi\.trae\extensions\redhat.java-1.52.0-win32-x64\jre\21.0.9-win32-x86_64\bin\net.dll
0x00007ff882370000 - 0x00007ff88248f000 	C:\WINDOWS\SYSTEM32\WINHTTP.dll
0x00007ff88ee90000 - 0x00007ff88eefb000 	C:\WINDOWS\system32\mswsock.dll
0x00007ff8414e0000 - 0x00007ff8414f6000 	C:\Users\Glymin Terra Selasi\.trae\extensions\redhat.java-1.52.0-win32-x64\jre\21.0.9-win32-x86_64\bin\nio.dll
0x00007ff84a7a0000 - 0x00007ff84a7b0000 	c:\Users\Glymin Terra Selasi\.trae\extensions\redhat.java-1.52.0-win32-x64\jre\21.0.9-win32-x86_64\bin\verify.dll
0x00007ff88f140000 - 0x00007ff88f15b000 	C:\WINDOWS\SYSTEM32\CRYPTSP.dll
0x00007ff88e880000 - 0x00007ff88e8bb000 	C:\WINDOWS\system32\rsaenh.dll
0x00007ff88ef30000 - 0x00007ff88ef5b000 	C:\WINDOWS\SYSTEM32\USERENV.dll
0x00007ff88fa40000 - 0x00007ff88fa66000 	C:\WINDOWS\SYSTEM32\bcrypt.dll
0x00007ff88f160000 - 0x00007ff88f16c000 	C:\WINDOWS\SYSTEM32\CRYPTBASE.dll
0x00007ff88e290000 - 0x00007ff88e2c4000 	C:\WINDOWS\SYSTEM32\IPHLPAPI.DLL
0x00007ff890d80000 - 0x00007ff890d8a000 	C:\WINDOWS\System32\NSI.dll
0x00007ff88c560000 - 0x00007ff88c56a000 	C:\Users\Glymin Terra Selasi\.trae\extensions\redhat.java-1.52.0-win32-x64\jre\21.0.9-win32-x86_64\bin\management.dll
0x00007ff88c4d0000 - 0x00007ff88c4dc000 	C:\Users\Glymin Terra Selasi\.trae\extensions\redhat.java-1.52.0-win32-x64\jre\21.0.9-win32-x86_64\bin\management_ext.dll
0x00007ff890f70000 - 0x00007ff890f78000 	C:\WINDOWS\System32\PSAPI.DLL
0x00007ff88c4f0000 - 0x00007ff88c4fe000 	C:\Users\Glymin Terra Selasi\.trae\extensions\redhat.java-1.52.0-win32-x64\jre\21.0.9-win32-x86_64\bin\sunmscapi.dll
0x00007ff890140000 - 0x00007ff8902b7000 	C:\WINDOWS\System32\CRYPT32.dll
0x00007ff88f360000 - 0x00007ff88f390000 	C:\WINDOWS\SYSTEM32\ncrypt.dll
0x00007ff88f310000 - 0x00007ff88f34f000 	C:\WINDOWS\SYSTEM32\NTASN1.dll
0x00007ff88e2d0000 - 0x00007ff88e3f6000 	C:\WINDOWS\SYSTEM32\DNSAPI.dll
0x00007ff8819b0000 - 0x00007ff8819bb000 	C:\Windows\System32\rasadhlp.dll
0x00007ff88a2f0000 - 0x00007ff88a376000 	C:\WINDOWS\System32\fwpuclnt.dll
0x00007ff88c4e0000 - 0x00007ff88c4e9000 	C:\Users\Glymin Terra Selasi\.trae\extensions\redhat.java-1.52.0-win32-x64\jre\21.0.9-win32-x86_64\bin\extnet.dll

JVMTI agents: none

dbghelp: loaded successfully - version: 4.0.5 - missing functions: none
symbol engine: initialized successfully - sym options: 0x614 - pdb path: .;c:\Users\Glymin Terra Selasi\.trae\extensions\redhat.java-1.52.0-win32-x64\jre\21.0.9-win32-x86_64\bin;C:\WINDOWS\SYSTEM32;C:\WINDOWS\WinSxS\amd64_microsoft.windows.common-controls_6595b64144ccf1df_6.0.26100.6899_none_3e0efeeae32e88c1;c:\Users\Glymin Terra Selasi\.trae\extensions\redhat.java-1.52.0-win32-x64\jre\21.0.9-win32-x86_64\bin\server

VM Arguments:
jvm_args: -Dsts.lsp.client=vscode -Dsts.log.file=/dev/null -XX:TieredStopAtLevel=1 -Xlog:jni+resolve=off -Dspring.config.location=file:c:\Users\Glymin Terra Selasi\.trae\extensions\pivotal.vscode-spring-boot-1.43.0-universal\language-server\BOOT-INF\classes\application.properties 
java_command: org.springframework.ide.vscode.boot.app.BootLanguageServerBootApp
java_class_path (initial): c:\Users\Glymin Terra Selasi\.trae\extensions\pivotal.vscode-spring-boot-1.43.0-universal\language-server\BOOT-INF\classes;c:\Users\Glymin Terra Selasi\.trae\extensions\pivotal.vscode-spring-boot-1.43.0-universal\language-server\BOOT-INF\lib\annotations-23.1.0.jar;c:\Users\Glymin Terra Selasi\.trae\extensions\pivotal.vscode-spring-boot-1.43.0-universal\language-server\BOOT-INF\lib\ant-1.10.12.jar;c:\Users\Glymin Terra Selasi\.trae\extensions\pivotal.vscode-spring-boot-1.43.0-universal\language-server\BOOT-INF\lib\ant-launcher-1.10.12.jar;c:\Users\Glymin Terra Selasi\.trae\extensions\pivotal.vscode-spring-boot-1.43.0-universal\language-server\BOOT-INF\lib\antlr-runtime-3.5.2.jar;c:\Users\Glymin Terra Selasi\.trae\extensions\pivotal.vscode-spring-boot-1.43.0-universal\language-server\BOOT-INF\lib\antlr4-4.9.3.jar;c:\Users\Glymin Terra Selasi\.trae\extensions\pivotal.vscode-spring-boot-1.43.0-universal\language-server\BOOT-INF\lib\antlr4-runtime-4.9.3.jar;c:\Users\Glymin Terra Selasi\.trae\extensions\pivotal.vscode-spring-boot-1.43.0-universal\language-server\BOOT-INF\lib\apiguardian-api-1.1.2.jar;c:\Users\Glymin Terra Selasi\.trae\extensions\pivotal.vscode-spring-boot-1.43.0-universal\language-server\BOOT-INF\lib\asm-9.4.jar;c:\Users\Glymin Terra Selasi\.trae\extensions\pivotal.vscode-spring-boot-1.43.0-universal\language-server\BOOT-INF\lib\asm-analysis-9.4.jar;c:\Users\Glymin Terra Selasi\.trae\extensions\pivotal.vscode-spring-boot-1.43.0-universal\language-server\BOOT-INF\lib\asm-tree-9.4.jar;c:\Users\Glymin Terra Selasi\.trae\extensions\pivotal.vscode-spring-boot-1.43.0-universal\language-server\BOOT-INF\lib\asm-util-9.4.jar;c:\Users\Glymin Terra Selasi\.trae\extensions\pivotal.vscode-spring-boot-1.43.0-universal\language-server\BOOT-INF\lib\caffeine-3.1.2.jar;c:\Users\Glymin Terra Selasi\.trae\extensions\pivotal.vscode-spring-boot-1.43.0-universal\language-server\BOOT-INF\lib\checker-qual-3.12.0.jar;c:\Users\Glymin Terra Selasi\.trae\extensions\pivotal.vscode-spring-boot-1.43.0-universal\language-server\BOOT-INF\lib\ci-environment-9.1.0.jar;c:\Users\Glymin Terra Selasi\.trae\extensions\pivotal.vscode-spring-boot-1.43.0-universal\language-server\BOOT-INF\lib\classgraph-4.8.149.jar;c:\Users\Glymin Terra Selasi\.trae\extensions\pivotal.vscode-spring-boot-1.43.0-universal\language-server\BOOT-INF\lib\commons-codec-1.15.jar;c:\Users\Glymin Terra Selasi\.trae\extensions\pivotal.vscode-spring-boot-1.43.0-universal\language-server\BOOT-INF\lib\commons-compress-1.22.jar;c:\Users\Glymin Terra Selasi\.trae\extensions\pivotal.vscode-spring-boot-1.43.0-universal\language-server\BOOT-INF\lib\commons-io-2.4.jar;c:\Users\Glymin Terra Selasi\.trae\extensions\pivotal.vscode-spring-boot-1.43.0-universal\language-server\BOOT-INF\lib\commons-java-1.43.0-SNAPSHOT.jar;c:\Users\Glymin Terra Selasi\.trae\extensions\pivotal.vscode-spring-boot-1.43.0-universal\language-server\BOOT-INF\lib\commons-lang3-3.12.0.jar;c:\Users\Glymin Terra Selasi\.trae\extensions\pivotal.vscode-spring-boot-1.43.0-universal\language-server\BOOT-INF\lib\commons-language-server-1.43.0-SNAPSHOT.jar;c:\Users\Glymin Terra Selasi\.trae\extensions\pivotal.vscode-spring-boot-1.43.0-universal\language-server\BOOT-INF\lib\commons-lsp-extensions-1.43.0-SNAPSHOT.jar;c:\Users\Glymin Terra Selasi\.trae\extensions\pivotal.vscode-spring-boot-1.43.0-universal\language-server\BOOT-INF\lib\commons-rewrite-1.43.0-SNAPSHOT.jar;c:\Users\Glymin Terra Selasi\.trae\extensions\pivotal.vscode-spring-boot-1.43.0-universal\language-server\BOOT-INF\lib\commons-text-1.10.0.jar;c:\Users\Glymin Terra Selasi\.trae\extensions\pivotal.vscode-spring-boot-1.43.0-universal\language-server\BOOT-INF\lib\commons-util-1.43.0-SNAPSHOT.jar;c:\Users\Glymin Terra Selasi\.trae\extensions\pivotal.vscode-spring-boot-1.43.0-universal\language-server\BOOT-INF\lib\commons-yaml-1.43.0-SNAPSHOT.jar;c:\Users\Glymin Terra Selasi\.trae\extensions\pivotal.vscode-spring-boot-1.43.0-universal\language-server\BOOT-INF\lib\cucumber-core-7.9.0.jar;c:\Users\Glymin Terra Selasi\.trae\extensions\pivotal.vscode-spring-boot-1.43.0-universal\language-server\BOOT-INF\lib\cucumber-expressions-16.0.0.jar;c:\Users\Glymin Terra Selasi\.trae\extensions\pivotal.vscode-spring-boot-1.43.0-universal\language-server\BOOT-INF\lib\cucumber-gherkin-7.9.0.jar;c:\Users\Glymin Terra Selasi\.trae\extensions\pivotal.vscode-spring-boot-1.43.0-universal\language-server\BOOT-INF\lib\cucumber-gherkin-messages-7.9.0.jar;c:\Users\Glymin Terra Selasi\.trae\extensions\pivotal.vscode-spring-boot-1.43.0-universal\language-server\BOOT-INF\lib\cucumber-java-7.9.0.jar;c:\Users\Glymin Terra Selasi\.trae\extensions\pivotal.vscode-spring-boot-1.43.0-universal\language-server\BOOT-INF\lib\cucumber-java8-7.9.0.jar;c:\Users\Glymin Terra Selasi\.trae\extensions\pivotal.vscode-spring-boot-1.43.0-universal\language-server\BOOT-INF\lib\cucumber-junit-platform-engine-7.9.0.jar;c:\Users\Glymin Terra Selasi\.trae\extensions\pivotal.vscode-spring-boot-1.43.0-universal\language-server\BOOT-INF\lib\cucumber-plugin-7.9.0.jar;c:\Users\Glymin Terra Selasi\.trae\extensions\pivotal.vscode-spring-boot-1.43.0-universal\language-server\BOOT-INF\lib\datatable-7.9.0.jar;c:\Users\Glymin Terra Selasi\.trae\extensions\pivotal.vscode-spring-boot-1.43.0-universal\language-server\BOOT-INF\lib\docstring-7.9.0.jar;c:\Users\Glymin Terra Selasi\.trae\extensions\pivotal.vscode-spring-boot-1.43.0-universal\language-server\BOOT-INF\lib\error_prone_annotations-2.11.0.jar;c:\Users\Glymin Terra Selasi\.trae\extensions\pivotal.vscode-spring-boot-1.43.0-universal\language-server\BOOT-INF\lib\failureaccess-1.0.1.jar;c:\Users\Glymin Terra Selasi\.trae\extensions\pivotal.vscode-spring-boot-1.43.0-universal\language-server\BOOT-INF\lib\fastfilter-1.0.2.jar;c:\Users\Glymin Terra Selasi\.trae\extensions\pivotal.vscode-spring-boot-1.43.0-universal\language-server\BOOT-INF\lib\gherkin-24.1.0.jar;c:\Users\Glymin Terra Selasi\.trae\extensions\pivotal.vscode-spring-boot-1.43.0-universal\language-server\BOOT-INF\lib\gizmo-1.0.11.Final.jar;c:\Users\Glymin Terra Selasi\.trae\extensions\pivotal.vscode-spring-boot-1.43.0-universal\language-server\BOOT-INF\lib\gson-2.9.1.jar;c:\Users\Glymin Terra Selasi\.trae\extensions\pivotal.vscode-spring-boot-1.43.0-universal\language-server\BOOT-INF\lib\guava-31.1-jre.jar;c:\Users\Glymin Terra Selasi\.trae\extensions\pivotal.vscode-spring-boot-1.43.0-universal\language-server\BOOT-INF\lib\hamcrest-2.2.jar;c:\Users\Glymin Terra Selasi\.trae\extensions\pivotal.vscode-spring-boot-1.43.0-universal\language-server\BOOT-INF\lib\HdrHistogram-2.1.12.jar;c:\Users\Glymin Terra Selasi\.trae\extensions\pivotal.vscode-spring-boot-1.43.0-universal\language-server\BOOT-INF\lib\html-formatter-20.1.0.jar;c:\Users\Glymin Terra Selasi\.trae\extensions\pivotal.vscode-spring-boot-1.43.0-universal\language-server\BOOT-INF\lib\icu4j-69.1.jar;c:\Users\Glymin Terra Selasi\.trae\extensions\pivotal.vscode-spring-boot-1.43.0-universal\language-server\BOOT-INF\lib\j2objc-annotations-1.3.jar;c:\Users\Glymin Terra Selasi\.trae\extensions\pivotal.vscode-spring-boot-1.43.0-universal\language-server\BOOT-INF\lib\jackson-annotations-2.14.1.jar;c:\Users\Glymin Terra Selasi\.trae\extensions\pivotal.vscode-spring-boot-1.43.0-universal\language-server\BOOT-INF\lib\jackson-core-2.14.1.jar;c:\Users\Glymin Terra Selasi\.trae\extensions\pivotal.vscode-spring-boot-1.43.0-universal\language-server\BOOT-INF\lib\jackson-databind-2.14.1.jar;c:\Users\Glymin Terra Selasi\.trae\extensions\pivotal.vscode-spring-boot-1.43.0-universal\language-server\BOOT-INF\lib\jackson-dataformat-smile-2.14.1.jar;c:\Users\Glymin Terra Selasi\.trae\extensions\pivotal.vscode-spring-boot-1.43.0-universal\language-server\BOOT-INF\lib\jackson-dataformat-xml-2.14.1.jar;c:\Users\Glymin Terra Selasi\.trae\extensions\pivotal.vscode-spring-boot-1.43.0-universal\language-server\BOOT-INF\lib\jackson-datatype-jdk8-2.14.1.jar;c:\Users\Glymin Terra Selasi\.trae\extensions\pivotal.vscode-spring-boot-1.43.0-universal\language-server\BOOT-INF\lib\jackson-module-jaxb-annotations-2.14.1.jar;c:\Users\Glymin Terra Selasi\.trae\extensions\pivotal.vscode-spring-boot-1.43.0-universal\language-server\BOOT-INF\lib\jackson-module-parameter-names-2.14.1.jar;c:\Users\Glymin Terra Selasi\.trae\extensions\pivotal.vscode-spring-boot-1.43.0-universal\language-server\BOOT-INF\lib\jakarta.activation-api-2.1.0.jar;c:\Users\Glymin Terra Selasi\.trae\extensions\pivotal.vscode-spring-boot-1.43.0-universal\language-server\BOOT-INF\lib\jakarta.annotation-api-2.1.1.jar;c:\Users\Glymin Terra Selasi\.trae\extensions\pivotal.vscode-spring-boot-1.43.0-universal\language-server\BOOT-INF\lib\jakarta.xml.bind-api-4.0.0.jar;c:\Users\Glymin Terra Selasi\.trae\extensions\pivotal.vscode-spring-boot-1.43.0-universal\language-server\BOOT-INF\lib\jandex-2.0.5.Final.jar;c:\Users\Glymin Terra Selasi\.trae\extensions\pivotal.vscode-spring-boot-1.43.0-universal\language-server\BOOT-INF\lib\java-object-diff-0.95.jar;c:\Users\Glymin Terra Selasi\.trae\extensions\pivotal.vscode-spring-boot-1.43.0-universal\language-server\BOOT-INF\lib\java-properties-1.43.0-SNAPSHOT.jar;c:\Users\Glymin Terra Selasi\.trae\extensions\pivotal.vscode-spring-boot-1.43.0-universal\language-server\BOOT-INF\lib\javax.activation-api-1.2.0.jar;c:\Users\Glymin Terra Selasi\.trae\extensions\pivotal.vscode-spring-boot-1.43.0-universal\language-server\BOOT-INF\lib\javax.inject-1.jar;c:\Users\Glymin Terra Selasi\.trae\extensions\pivotal.vscode-spring-boot-1.43.0-universal\language-server\BOOT-INF\lib\javax.json-1.0.4.jar;c:\Users\Glymin Terra Selasi\.trae\extensions\pivotal.vscode-spring-boot-1.43.0-universal\language-server\BOOT-INF\lib\javolution-core-java-6.0.0.jar;c:\Users\Glymin Terra Selasi\.trae\extensions\pivotal.vscode-spring-boot-1.43.0-universal\language-server\BOOT-INF\lib\jaxb-api-2.3.1.jar;c:\Users\Glymin Terra Selasi\.trae\extensions\pivotal.vscode-spring-boot-1.43.0-universal\language-server\BOOT-INF\lib\jna-5.12.1.jar;c:\Users\Glymin Terra Selasi\.trae\extensions\pivotal.vscode-spring-boot-1.43.0-universal\language-server\BOOT-INF\lib\jna-platform-5.12.1.jar;c:\Users\Glymin Terra Selasi\.trae\extensions\pivotal.vscode-spring-boot-1.43.0-universal\language-server\BOOT-INF\lib\json-20160810.jar;c:\Users\Glymin Terra Selasi\.trae\extensions\pivotal.vscode-spring-boot-1.43.0-universal\language-server\BOOT-INF\lib\jsoup-1.9.2.jar;c:\Users\Glymin Terra Selasi\.trae\extensions\pivotal.vscode-spring-boot-1.43.0-universal\language-server\BOOT-INF\lib\jsr305-3.0.2.jar;c:\Users\Glymin Terra Selasi\.trae\extensions\pivotal.vscode-spring-boot-1.43.0-universal\language-server\BOOT-INF\lib\jul-to-slf4j-2.0.4.jar;c:\Users\Glymin Terra Selasi\.trae\extensions\pivotal.vscode-spring-boot-1.43.0-universal\language-server\BOOT-INF\lib\junit-jupiter-params-5.9.1.jar;c:\Users\Glymin Terra Selasi\.trae\extensions\pivotal.vscode-spring-boot-1.43.0-universal\language-server\BOOT-INF\lib\junit-platform-commons-1.9.1.jar;c:\Users\Glymin Terra Selasi\.trae\extensions\pivotal.vscode-spring-boot-1.43.0-universal\language-server\BOOT-INF\lib\junit-platform-engine-1.9.1.jar;c:\Users\Glymin Terra Selasi\.trae\extensions\pivotal.vscode-spring-boot-1.43.0-universal\language-server\BOOT-INF\lib\junit-platform-suite-api-1.9.1.jar;c:\Users\Glymin Terra Selasi\.trae\extensions\pivotal.vscode-spring-boot-1.43.0-universal\language-server\BOOT-INF\lib\language-server-starter-1.43.0-SNAPSHOT.jar;c:\Users\Glymin Terra Selasi\.trae\extensions\pivotal.vscode-spring-boot-1.43.0-universal\language-server\BOOT-INF\lib\LatencyUtils-2.0.3.jar;c:\Users\Glymin Terra Selasi\.trae\extensions\pivotal.vscode-spring-boot-1.43.0-universal\language-server\BOOT-INF\lib\listenablefuture-9999.0-empty-to-avoid-conflict-with-guava.jar;c:\Users\Glymin Terra Selasi\.trae\extensions\pivotal.vscode-spring-boot-1.43.0-universal\language-server\BOOT-INF\lib\log4j-api-2.19.0.jar;c:\Users\Glymin Terra Selasi\.trae\extensions\pivotal.vscode-spring-boot-1.43.0-universal\language-server\BOOT-INF\lib\log4j-to-slf4j-2.19.0.jar;c:\Users\Glymin Terra Selasi\.trae\extensions\pivotal.vscode-spring-boot-1.43.0-universal\language-server\BOOT-INF\lib\logback-classic-1.4.5.jar;c:\Users\Glymin Terra Selasi\.trae\extensions\pivotal.vscode-spring-boot-1.43.0-universal\language-server\BOOT-INF\lib\logback-core-1.4.5.jar;c:\Users\Glymin Terra Selasi\.trae\extensions\pivotal.vscode-spring-boot-1.43.0-universal\language-server\BOOT-INF\lib\messages-19.1.4.jar;c:\Users\Glymin Terra Selasi\.trae\extensions\pivotal.vscode-spring-boot-1.43.0-universal\language-server\BOOT-INF\lib\micrometer-commons-1.10.2.jar;c:\Users\Glymin Terra Selasi\.trae\extensions\pivotal.vscode-spring-boot-1.43.0-universal\language-server\BOOT-INF\lib\micrometer-core-1.10.2.jar;c:\Users\Glymin Terra Selasi\.trae\extensions\pivotal.vscode-spring-boot-1.43.0-universal\language-server\BOOT-INF\lib\micrometer-observation-1.10.2.jar;c:\Users\Glymin Terra Selasi\.trae\extensions\pivotal.vscode-spring-boot-1.43.0-universal\language-server\BOOT-INF\lib\opentest4j-1.2.0.jar;c:\Users\Glymin Terra Selasi\.trae\extensions\pivotal.vscode-spring-boot-1.43.0-universal\language-server\BOOT-INF\lib\org.abego.treelayout.core-1.0.3.jar;c:\Users\Glymin Terra Selasi\.trae\extensions\pivotal.vscode-spring-boot-1.43.0-universal\language-server\BOOT-INF\lib\org.eclipse.core.commands-3.10.300.jar;c:\Users\Glymin Terra Selasi\.trae\extensions\pivotal.vscode-spring-boot-1.43.0-universal\language-server\BOOT-INF\lib\org.eclipse.core.contenttype-3.8.200.jar;c:\Users\Glymin Terra Selasi\.trae\extensions\pivotal.vscode-spring-boot-1.43.0-universal\language-server\BOOT-INF\lib\org.eclipse.core.expressions-3.8.200.jar;c:\Users\Glymin Terra Selasi\.trae\extensions\pivotal.vscode-spring-boot-1.43.0-universal\language-server\BOOT-INF\lib\org.eclipse.core.filesystem-1.9.500.jar;c:\Users\Glymin Terra Selasi\.trae\extensions\pivotal.vscode-spring-boot-1.43.0-universal\language-server\BOOT-INF\lib\org.eclipse.core.jobs-3.13.200.jar;c:\Users\Glymin Terra Selasi\.trae\extensions\pivotal.vscode-spring-boot-1.43.0-universal\language-server\BOOT-INF\lib\org.eclipse.core.resources-3.18.100.jar;c:\Users\Glymin Terra Selasi\.trae\extensions\pivotal.vscode-spring-boot-1.43.0-universal\language-server\BOOT-INF\lib\org.eclipse.core.runtime-3.26.100.jar;c:\Users\Glymin Terra Selasi\.trae\extensions\pivotal.vscode-spring-boot-1.43.0-universal\language-server\BOOT-INF\lib\org.eclipse.equinox.app-1.6.200.jar;c:\Users\Glymin Terra Selasi\.trae\extensions\pivotal.vscode-spring-boot-1.43.0-universal\language-server\BOOT-INF\lib\org.eclipse.equinox.common-3.17.0.jar;c:\Users\Glymin Terra Selasi\.trae\extensions\pivotal.vscode-spring-boot-1.43.0-universal\language-server\BOOT-INF\lib\org.eclipse.equinox.preferences-3.10.1.jar;c:\Users\Glymin Terra Selasi\.trae\extensions\pivotal.vscode-spring-boot-1.43.0-universal\language-server\BOOT-INF\lib\org.eclipse.equinox.registry-3.11.200.jar;c:\Users\Glymin Terra Selasi\.trae\extensions\pivotal.vscode-spring-boot-1.43.0-universal\language-server\BOOT-INF\lib\org.eclipse.jdt.core-3.32.0.jar;c:\Users\Glymin Terra Selasi\.trae\extensions\pivotal.vscode-spring-boot-1.43.0-universal\language-server\BOOT-INF\lib\org.eclipse.lemminx-0.13.1.jar;c:\Users\Glymin Terra Selasi\.trae\extensions\pivotal.vscode-spring-boot-1.43.0-universal\language-server\BOOT-INF\lib\org.eclipse.lsp4j-0.19.0.jar;c:\Users\Glymin Terra Selasi\.trae\extensions\pivotal.vscode-spring-boot-1.43.0-universal\language-server\BOOT-INF\lib\org.eclipse.lsp4j.generator-0.19.0.jar;c:\Users\Glymin Terra Selasi\.trae\extensions\pivotal.vscode-spring-boot-1.43.0-universal\language-server\BOOT-INF\lib\org.eclipse.lsp4j.jsonrpc-0.19.0.jar;c:\Users\Glymin Terra Selasi\.trae\extensions\pivotal.vscode-spring-boot-1.43.0-universal\language-server\BOOT-INF\lib\org.eclipse.osgi-3.18.200.jar;c:\Users\Glymin Terra Selasi\.trae\extensions\pivotal.vscode-spring-boot-1.43.0-universal\language-server\BOOT-INF\lib\org.eclipse.text-3.12.300.jar;c:\Users\Glymin Terra Selasi\.trae\extensions\pivotal.vscode-spring-boot-1.43.0-universal\language-server\BOOT-INF\lib\org.eclipse.xtend.lib-2.28.0.jar;c:\Users\Glymin Terra Selasi\.trae\extensions\pivotal.vscode-spring-boot-1.43.0-universal\language-server\BOOT-INF\lib\org.eclipse.xtend.lib.macro-2.28.0.jar;c:\Users\Glymin Terra Selasi\.trae\extensions\pivotal.vscode-spring-boot-1.43.0-universal\language-server\BOOT-INF\lib\org.eclipse.xtext.xbase.lib-2.28.0.jar;c:\Users\Glymin Terra Selasi\.trae\extensions\pivotal.vscode-spring-boot-1.43.0-universal\language-server\BOOT-INF\lib\org.json-1.0.0-SNAPSHOT.jar;c:\Users\Glymin Terra Selasi\.trae\extensions\pivotal.vscode-spring-boot-1.43.0-universal\language-server\BOOT-INF\lib\org.osgi.service.prefs-1.1.2.jar;c:\Users\Glymin Terra Selasi\.trae\extensions\pivotal.vscode-spring-boot-1.43.0-universal\language-server\BOOT-INF\lib\osgi.annotation-8.0.1.jar;c:\Users\Glymin Terra Selasi\.trae\extensions\pivotal.vscode-spring-boot-1.43.0-universal\language-server\BOOT-INF\lib\reactive-streams-1.0.4.jar;c:\Users\Glymin Terra Selasi\.trae\extensions\pivotal.vscode-spring-boot-1.43.0-universal\language-server\BOOT-INF\lib\reactor-core-3.5.0.jar;c:\Users\Glymin Terra Selasi\.trae\extensions\pivotal.vscode-spring-boot-1.43.0-universal\language-server\BOOT-INF\lib\remark-1.0.0.jar;c:\Users\Glymin Terra Selasi\.trae\extensions\pivotal.vscode-spring-boot-1.43.0-universal\language-server\BOOT-INF\lib\resilience4j-core-1.7.0.jar;c:\Users\Glymin Terra Selasi\.trae\extensions\pivotal.vscode-spring-boot-1.43.0-universal\language-server\BOOT-INF\lib\resilience4j-retry-1.7.0.jar;c:\Users\Glymin Terra Selasi\.trae\extensions\pivotal.vscode-spring-boot-1.43.0-universal\language-server\BOOT-INF\lib\rewrite-core-7.34.0.jar;c:\Users\Glymin Terra Selasi\.trae\extensions\pivotal.vscode-spring-boot-1.43.0-universal\language-server\BOOT-INF\lib\rewrite-java-11-7.34.0.jar;c:\Users\Glymin Terra Selasi\.trae\extensions\pivotal.vscode-spring-boot-1.43.0-universal\language-server\BOOT-INF\lib\rewrite-java-17-7.34.0.jar;c:\Users\Glymin Terra Selasi\.trae\extensions\pivotal.vscode-spring-boot-1.43.0-universal\language-server\BOOT-INF\lib\rewrite-java-7.34.0.jar;c:\Users\Glymin Terra Selasi\.trae\extensions\pivotal.vscode-spring-boot-1.43.0-universal\language-server\BOOT-INF\lib\rewrite-java-8-7.34.0.jar;c:\Users\Glymin Terra Selasi\.trae\extensions\pivotal.vscode-spring-boot-1.43.0-universal\language-server\BOOT-INF\lib\rewrite-maven-7.34.0.jar;c:\Users\Glymin Terra Selasi\.trae\extensions\pivotal.vscode-spring-boot-1.43.0-universal\language-server\BOOT-INF\lib\rewrite-migrate-java-1.15.0.jar;c:\Users\Glymin Terra Selasi\.trae\extensions\pivotal.vscode-spring-boot-1.43.0-universal\language-server\BOOT-INF\lib\rewrite-properties-7.34.0.jar;c:\Users\Glymin Terra Selasi\.trae\extensions\pivotal.vscode-spring-boot-1.43.0-universal\language-server\BOOT-INF\lib\rewrite-spring-4.31.0.jar;c:\Users\Glymin Terra Selasi\.trae\extensions\pivotal.vscode-spring-boot-1.43.0-universal\language-server\BOOT-INF\lib\rewrite-testing-frameworks-1.32.0.jar;c:\Users\Glymin Terra Selasi\.trae\extensions\pivotal.vscode-spring-boot-1.43.0-universal\language-server\BOOT-INF\lib\rewrite-xml-7.34.0.jar;c:\Users\Glymin Terra Selasi\.trae\extensions\pivotal.vscode-spring-boot-1.43.0-universal\language-server\BOOT-INF\lib\rewrite-yaml-7.34.0.jar;c:\Users\Glymin Terra Selasi\.trae\extensions\pivotal.vscode-spring-boot-1.43.0-universal\language-server\BOOT-INF\lib\slf4j-api-2.0.4.jar;c:\Users\Glymin Terra Selasi\.trae\extensions\pivotal.vscode-spring-boot-1.43.0-universal\language-server\BOOT-INF\lib\snakeyaml-1.33.jar;c:\Users\Glymin Terra Selasi\.trae\extensions\pivotal.vscode-spring-boot-1.43.0-universal\language-server\BOOT-INF\lib\snappy-java-1.1.8.4.jar;c:\Users\Glymin Terra Selasi\.trae\extensions\pivotal.vscode-spring-boot-1.43.0-universal\language-server\BOOT-INF\lib\spring-aop-6.0.2.jar;c:\Users\Glymin Terra Selasi\.trae\extensions\pivotal.vscode-spring-boot-1.43.0-universal\language-server\BOOT-INF\lib\spring-beans-6.0.2.jar;c:\Users\Glymin Terra Selasi\.trae\extensions\pivotal.vscode-spring-boot-1.43.0-universal\language-server\BOOT-INF\lib\spring-boot-3.0.0.jar;c:\Users\Glymin Terra Selasi\.trae\extensions\pivotal.vscode-spring-boot-1.43.0-universal\language-server\BOOT-INF\lib\spring-boot-autoconfigure-3.0.0.jar;c:\Users\Glymin Terra Selasi\.trae\extensions\pivotal.vscode-spring-boot-1.43.0-universal\language-server\BOOT-INF\lib\spring-boot-jarmode-layertools-3.0.0.jar;c:\Users\Glymin Terra Selasi\.trae\extensions\pivotal.vscode-spring-boot-1.43.0-universal\language-server\BOOT-INF\lib\spring-context-6.0.2.jar;c:\Users\Glymin Terra Selasi\.trae\extensions\pivotal.vscode-spring-boot-1.43.0-universal\language-server\BOOT-INF\lib\spring-context-indexer-6.0.2.jar;c:\Users\Glymin Terra Selasi\.trae\extensions\pivotal.vscode-spring-boot-1.43.0-universal\language-server\BOOT-INF\lib\spring-core-6.0.2.jar;c:\Users\Glymin Terra Selasi\.trae\extensions\pivotal.vscode-spring-boot-1.43.0-universal\language-server\BOOT-INF\lib\spring-expression-6.0.2.jar;c:\Users\Glymin Terra Selasi\.trae\extensions\pivotal.vscode-spring-boot-1.43.0-universal\language-server\BOOT-INF\lib\spring-jcl-6.0.2.jar;c:\Users\Glymin Terra Selasi\.trae\extensions\pivotal.vscode-spring-boot-1.43.0-universal\language-server\BOOT-INF\lib\spring-web-6.0.2.jar;c:\Users\Glymin Terra Selasi\.trae\extensions\pivotal.vscode-spring-boot-1.43.0-universal\language-server\BOOT-INF\lib\ST4-4.3.1.jar;c:\Users\Glymin Terra Selasi\.trae\extensions\pivotal.vscode-spring-boot-1.43.0-universal\language-server\BOOT-INF\lib\stax2-api-4.2.1.jar;c:\Users\Glymin Terra Selasi\.trae\extensions\pivotal.vscode-spring-boot-1.43.0-universal\language-server\BOOT-INF\lib\tag-expressions-4.1.0.jar;c:\Users\Glymin Terra Selasi\.trae\extensions\pivotal.vscode-spring-boot-1.43.0-universal\language-server\BOOT-INF\lib\typetools-0.6.3.jar;c:\Users\Glymin Terra Selasi\.trae\extensions\pivotal.vscode-spring-boot-1.43.0-universal\language-server\BOOT-INF\lib\vavr-0.10.2.jar;c:\Users\Glymin Terra Selasi\.trae\extensions\pivotal.vscode-spring-boot-1.43.0-universal\language-server\BOOT-INF\lib\vavr-match-0.10.2.jar;c:\Users\Glymin Terra Selasi\.trae\extensions\pivotal.vscode-spring-boot-1.43.0-universal\language-server\BOOT-INF\lib\woodstox-core-6.4.0.jar;c:\Users\Glymin Terra Selasi\.trae\extensions\pivotal.vscode-spring-boot-1.43.0-universal\language-server\BOOT-INF\lib\xercesImpl-2.12.0.jar;c:\Users\Glymin Terra Selasi\.trae\extensions\pivotal.vscode-spring-boot-1.43.0-universal\language-server\BOOT-INF\lib\xml-apis-1.4.01.jar;c:\Users\Glymin Terra Selasi\.trae\extensions\pivotal.vscode-spring-boot-1.43.0-universal\language-server\BOOT-INF\lib\xml-resolver-1.2.jar
Launcher Type: SUN_STANDARD

[Global flags]
     intx CICompilerCount                          = 4                                         {product} {ergonomic}
     uint ConcGCThreads                            = 2                                         {product} {ergonomic}
     uint G1ConcRefinementThreads                  = 8                                         {product} {ergonomic}
   size_t G1HeapRegionSize                         = 1048576                                   {product} {ergonomic}
    uintx GCDrainStackTargetSize                   = 64                                        {product} {ergonomic}
   size_t InitialHeapSize                          = 130023424                                 {product} {ergonomic}
   size_t MarkStackSize                            = 4194304                                   {product} {ergonomic}
   size_t MaxHeapSize                              = 2080374784                                {product} {ergonomic}
   size_t MaxNewSize                               = 1247805440                                {product} {ergonomic}
   size_t MinHeapDeltaBytes                        = 1048576                                   {product} {ergonomic}
   size_t MinHeapSize                              = 8388608                                   {product} {ergonomic}
    uintx NonNMethodCodeHeapSize                   = 4096                                   {pd product} {ergonomic}
    uintx NonProfiledCodeHeapSize                  = 0                                      {pd product} {ergonomic}
     bool ProfileInterpreter                       = false                                  {pd product} {command line}
    uintx ProfiledCodeHeapSize                     = 0                                      {pd product} {ergonomic}
   size_t SoftMaxHeapSize                          = 2080374784                             {manageable} {ergonomic}
     intx TieredStopAtLevel                        = 1                                         {product} {command line}
     bool UseCompressedOops                        = true                           {product lp64_product} {ergonomic}
     bool UseG1GC                                  = true                                      {product} {ergonomic}
     bool UseLargePagesIndividualAllocation        = false                                  {pd product} {ergonomic}

Logging:
Log output configuration:
 #0: stdout all=warning,jni+resolve=off uptime,level,tags foldmultilines=false
 #1: stderr all=off uptime,level,tags foldmultilines=false

Release file:
JAVA_VERSION="21.0.9" 
MODULES="java.base java.compiler java.datatransfer java.xml java.prefs java.desktop java.instrument java.logging java.management java.security.sasl java.naming java.rmi java.management.rmi java.net.http java.scripting java.security.jgss java.transaction.xa java.sql java.sql.rowset java.xml.crypto java.se java.smartcardio jdk.accessibility jdk.internal.jvmstat jdk.attach jdk.charsets jdk.internal.opt jdk.zipfs jdk.compiler jdk.crypto.ec jdk.crypto.cryptoki jdk.crypto.mscapi jdk.dynalink jdk.internal.ed jdk.editpad jdk.hotspot.agent jdk.httpserver jdk.internal.le jdk.internal.vm.ci jdk.internal.vm.compiler jdk.internal.vm.compiler.management jdk.jartool jdk.javadoc jdk.jcmd jdk.management jdk.management.agent jdk.jconsole jdk.jdeps jdk.jdwp.agent jdk.jdi jdk.jfr jdk.jshell jdk.jsobject jdk.jstatd jdk.localedata jdk.management.jfr jdk.naming.dns jdk.naming.rmi jdk.net jdk.nio.mapmode jdk.random jdk.sctp jdk.security.auth jdk.security.jgss jdk.unsupported jdk.unsupported.desktop jdk.xml.dom" 

Environment Variables:
JAVA_HOME=C:\Program Files\jdk-23.0.1
PATH=c:\Users\Glymin Terra Selasi\.trae\tools\trae-gopls\current;c:\Users\Glymin Terra Selasi\.trae\sdks\workspaces\9c0f5ab8\versions\node\current;c:\Users\Glymin Terra Selasi\.trae\sdks\versions\node\current;C:\Python312\Scripts\;C:\Python312\;C:\WINDOWS\system32;C:\WINDOWS;C:\WINDOWS\System32\Wbem;C:\WINDOWS\System32\WindowsPowerShell\v1.0\;C:\WINDOWS\System32\OpenSSH\;C:\Program Files\dotnet\;C:\ProgramData\chocolatey\bin;C:\Program Files (x86)\Microsoft SQL Server\160\Tools\Binn\;C:\Program Files\Microsoft SQL Server\160\Tools\Binn\;C:\Program Files\Microsoft SQL Server\Client SDK\ODBC\170\Tools\Binn\;C:\Program Files\Microsoft SQL Server\160\DTS\Binn\;C:\Program Files\php-8.3.12;C:\Program Files\php-8.3.12\php;C:\xampp\php;C:\Users\Glymin Terra Selasi\AppData\Local\Yarn\bin;C:\Program Files\PostgreSQL\15\bin;C:\Program Files\Git\cmd;C:\Program Files\jdk-23.0.1\bin;C:\Program Files\PostgreSQL\12\bin;C:\Program Files (x86)\cloudflared\;C:\Windows\System32;C:\composer;C:\Users\Glymin Terra Selasi\AppData\Roaming\npm;C:\Users\Glymin Terra Selasi\AppData\Roaming\nvm;C:\Program Files\nodejs;C:\xampp\mysql\bin;C:\Program Files\apache-maven-3.9.11\bin;C:\Python312\Scripts\;C:\Python312\;C:\WINDOWS\system32;C:\WINDOWS;C:\WINDOWS\System32\Wbem;C:\WINDOWS\System32\WindowsPowerShell\v1.0\;C:\WINDOWS\System32\OpenSSH\;C:\Program Files\dotnet\;C:\ProgramData\chocolatey\bin;C:\Program Files (x86)\Microsoft SQL Server\160\Tools\Binn\;C:\Program Files\Microsoft SQL Server\160\Tools\Binn\;C:\Program Files\Microsoft SQL Server\Client SDK\ODBC\170\Tools\Binn\;C:\Program Files\Microsoft SQL Server\160\DTS\Binn\;C:\Program Files (x86)\Microsoft SQL Server\160\DTS\Binn\;C:\Program Files\php-8.3.12;C:\Program Files\php-8.3.12\php;C:\xampp\php;C:\Users\Glymin Terra Selasi\AppData\Local\Yarn\bin;C:\Program Files\PostgreSQL\15\bin;C:\Program Files\Git\cmd;C:\Program Files\jdk-23.0.1\bin;C:\Program Files\PostgreSQL\12\bin;C:\Program Files (x86)\cloudflared\;C:\Windows\System32;C:\composer;C:\Users\Glymin Terra Selasi\AppData\Local\Microsoft\WindowsApps;C:\Users\Glymin Terra Selasi\AppData\Local\Programs\Microsoft VS Code\bin;C:\Users\Glymin Terra Sela;C:\Users\Glymin Terra Selasi\AppData\Roaming\npm;C:\Users\Glymin Terra Selasi\AppData\Roaming\nvm;C:\Program Files\nodejs;C:\Users\Glymin Terra Selasi\AppData\Local\Microsoft\WindowsApps;C:\Users\Glymin Terra Selasi\AppData\Local\Programs\Antigravity\bin;c:\Users\Glymin Terra Selasi\AppData\Local\Programs\Trae1\resources\app\bin\lib
USERNAME=Glymin Terra Selasi
OS=Windows_NT
PROCESSOR_IDENTIFIER=Intel64 Family 6 Model 140 Stepping 1, GenuineIntel
TMP=C:\Users\GLYMIN~1\AppData\Local\Temp
TEMP=C:\Users\GLYMIN~1\AppData\Local\Temp




Periodic native trim disabled

---------------  S Y S T E M  ---------------

OS:
 Windows 11 , 64 bit Build 26100 (10.0.26100.6725)
OS uptime: 0 days 23:46 hours
Hyper-V role detected

CPU: total 8 (initial active 8) (4 cores per cpu, 2 threads per core) family 6 model 140 stepping 1 microcode 0xbe, cx8, cmov, fxsr, ht, mmx, 3dnowpref, sse, sse2, sse3, ssse3, sse4.1, sse4.2, popcnt, lzcnt, tsc, tscinvbit, avx, avx2, aes, erms, clmul, bmi1, bmi2, adx, avx512f, avx512dq, avx512cd, avx512bw, avx512vl, sha, fma, vzeroupper, avx512_vpopcntdq, avx512_vpclmulqdq, avx512_vaes, avx512_vnni, clflush, clflushopt, clwb, avx512_vbmi2, avx512_vbmi, hv, rdtscp, rdpid, fsrm, gfni, avx512_bitalg, f16c, cet_ibt, cet_ss, avx512_ifma
Processor Information for the first 8 processors :
  Max Mhz: 2419, Current Mhz: 2419, Mhz Limit: 2419

Memory: 4k page, system-wide physical 7934M (869M free)
TotalPageFile size 32263M (AvailPageFile size 17M)
current process WorkingSet (physical memory assigned to process): 54M, peak: 549M
current process commit charge ("private bytes"): 297M, peak: 662M

vm_info: OpenJDK 64-Bit Server VM (21.0.9+10-LTS) for windows-amd64 JRE (21.0.9+10-LTS), built on 2025-10-21T00:00:00Z by "admin" with unknown MS VC++:1942

END.
