#
# There is insufficient memory for the Java Runtime Environment to continue.
# Native memory allocation (mmap) failed to map 44040192 bytes. Error detail: G1 virtual space
# Possible reasons:
#   The system is out of physical RAM or swap space
#   This process is running with CompressedOops enabled, and the Java Heap may be blocking the growth of the native heap
# Possible solutions:
#   Reduce memory load on the system
#   Increase physical memory or swap space
#   Check if swap backing store is full
#   Decrease Java heap size (-Xmx/-Xms)
#   Decrease number of Java threads
#   Decrease Java thread stack sizes (-Xss)
#   Set larger code cache with -XX:ReservedCodeCacheSize=
#   JVM is running with Unscaled Compressed Oops mode in which the Java heap is
#     placed in the first 4GB address space. The Java Heap base address is the
#     maximum limit for the native heap growth. Please use -XX:HeapBaseMinAddress
#     to set the Java Heap base and to place the Java Heap above 4GB virtual address.
# This output file may be truncated or incomplete.
#
#  Out of Memory Error (os_windows.cpp:3713), pid=26172, tid=33000
#
# JRE version: OpenJDK Runtime Environment Temurin-21.0.9+10 (21.0.9+10) (build 21.0.9+10-LTS)
# Java VM: OpenJDK 64-Bit Server VM Temurin-21.0.9+10 (21.0.9+10-LTS, mixed mode, emulated-client, sharing, tiered, compressed oops, compressed class ptrs, g1 gc, windows-amd64)
# No core dump will be written. Minidumps are not enabled by default on client versions of Windows
#

---------------  S U M M A R Y ------------

Command Line: -Dsts.lsp.client=vscode -Dsts.log.file=/dev/null -XX:TieredStopAtLevel=1 -Xlog:jni+resolve=off -Dspring.config.location=file:c:\Users\Glymin Terra Selasi\.trae\extensions\pivotal.vscode-spring-boot-1.43.0-universal\language-server\BOOT-INF\classes\application.properties org.springframework.ide.vscode.boot.app.BootLanguageServerBootApp

Host: 11th Gen Intel(R) Core(TM) i5-1135G7 @ 2.40GHz, 8 cores, 7G,  Windows 11 , 64 bit Build 26100 (10.0.26100.6725)
Time: Fri Feb 20 20:37:56 2026 Greenwich Standard Time elapsed time: 31.653198 seconds (0d 0h 0m 31s)

---------------  T H R E A D  ---------------

Current thread (0x000002f29191eb10):  VMThread "VM Thread"          [id=33000, stack(0x000000f8e0500000,0x000000f8e0600000) (1024K)]

Stack: [0x000000f8e0500000,0x000000f8e0600000]
Native frames: (J=compiled Java code, j=interpreted, Vv=VM code, C=native code)
V  [jvm.dll+0x6d6e29]
V  [jvm.dll+0x8b4b76]
V  [jvm.dll+0x8b712e]
V  [jvm.dll+0x8b7813]
V  [jvm.dll+0x283d86]
V  [jvm.dll+0x6d3745]
V  [jvm.dll+0x6c747a]
V  [jvm.dll+0x35e7e8]
V  [jvm.dll+0x366426]
V  [jvm.dll+0x3b73fe]
V  [jvm.dll+0x3b76a8]
V  [jvm.dll+0x3329ec]
V  [jvm.dll+0x332a77]
V  [jvm.dll+0x37684c]
V  [jvm.dll+0x374fee]
V  [jvm.dll+0x332131]
V  [jvm.dll+0x37465a]
V  [jvm.dll+0x8bd500]
V  [jvm.dll+0x8be8a4]
V  [jvm.dll+0x8bede0]
V  [jvm.dll+0x8bf083]
V  [jvm.dll+0x85e9ad]
V  [jvm.dll+0x6d565d]
C  [ucrtbase.dll+0x37b0]
C  [KERNEL32.DLL+0x2e8d7]
C  [ntdll.dll+0x8c53c]

VM_Operation (0x000000f8e26fe420): G1CollectForAllocation, mode: safepoint, requested by thread 0x000002f2d883c140


---------------  P R O C E S S  ---------------

Threads class SMR info:
_java_thread_list=0x000002f2d9221bb0, length=42, elements={
0x000002f29193c610, 0x000002f2d7002090, 0x000002f29193d060, 0x000002f29193dab0,
0x000002f29193e500, 0x000002f2d7002ae0, 0x000002f2d70038c0, 0x000002f2d71bb6d0,
0x000002f2d71caff0, 0x000002f2d70dd970, 0x000002f2d850e1b0, 0x000002f2d858a150,
0x000002f286b4bb50, 0x000002f2d7a03b90, 0x000002f2d7ba54a0, 0x000002f2d838ac90,
0x000002f2d7b51840, 0x000002f2d874f6b0, 0x000002f2d880b4a0, 0x000002f2d883a700,
0x000002f2d883ad90, 0x000002f2d883b420, 0x000002f2d883ce60, 0x000002f2d8840e80,
0x000002f2d887ae40, 0x000002f2d883c7d0, 0x000002f2d883c140, 0x000002f2d883bab0,
0x000002f2d883d4f0, 0x000002f2d883a070, 0x000002f2d889c150, 0x000002f2d889bac0,
0x000002f2d889ef40, 0x000002f2d889fc60, 0x000002f2d889f5d0, 0x000002f2d889c7e0,
0x000002f2d889db90, 0x000002f2d88a02f0, 0x000002f2d889ce70, 0x000002f2d889e8b0,
0x000002f2d889e220, 0x000002f2d88a0980
}

Java Threads: ( => current thread )
  0x000002f29193c610 JavaThread "Reference Handler"          daemon [_thread_blocked, id=26652, stack(0x000000f8e0600000,0x000000f8e0700000) (1024K)]
  0x000002f2d7002090 JavaThread "Finalizer"                  daemon [_thread_blocked, id=21496, stack(0x000000f8e0700000,0x000000f8e0800000) (1024K)]
  0x000002f29193d060 JavaThread "Signal Dispatcher"          daemon [_thread_blocked, id=13272, stack(0x000000f8e0800000,0x000000f8e0900000) (1024K)]
  0x000002f29193dab0 JavaThread "Attach Listener"            daemon [_thread_blocked, id=29456, stack(0x000000f8e0900000,0x000000f8e0a00000) (1024K)]
  0x000002f29193e500 JavaThread "Service Thread"             daemon [_thread_blocked, id=9636, stack(0x000000f8e0a00000,0x000000f8e0b00000) (1024K)]
  0x000002f2d7002ae0 JavaThread "Monitor Deflation Thread"   daemon [_thread_blocked, id=13084, stack(0x000000f8e0b00000,0x000000f8e0c00000) (1024K)]
  0x000002f2d70038c0 JavaThread "C1 CompilerThread0"         daemon [_thread_blocked, id=26332, stack(0x000000f8e0c00000,0x000000f8e0d00000) (1024K)]
  0x000002f2d71bb6d0 JavaThread "Notification Thread"        daemon [_thread_blocked, id=29476, stack(0x000000f8e0e00000,0x000000f8e0f00000) (1024K)]
  0x000002f2d71caff0 JavaThread "Common-Cleaner"             daemon [_thread_blocked, id=18784, stack(0x000000f8e0f00000,0x000000f8e1000000) (1024K)]
  0x000002f2d70dd970 JavaThread "boundedElastic-evictor-1"   daemon [_thread_blocked, id=20676, stack(0x000000f8e0d00000,0x000000f8e0e00000) (1024K)]
  0x000002f2d850e1b0 JavaThread "pool-11-thread-1"                  [_thread_blocked, id=16028, stack(0x000000f8e1800000,0x000000f8e1900000) (1024K)]
  0x000002f2d858a150 JavaThread "LanguageServerApp-lifecycle"        [_thread_blocked, id=17664, stack(0x000000f8e1900000,0x000000f8e1a00000) (1024K)]
  0x000002f286b4bb50 JavaThread "DestroyJavaVM"                     [_thread_blocked, id=5868, stack(0x000000f8dfe00000,0x000000f8dff00000) (1024K)]
  0x000002f2d7a03b90 JavaThread "pool-12-thread-1"                  [_thread_in_native, id=32340, stack(0x000000f8e1a00000,0x000000f8e1b00000) (1024K)]
  0x000002f2d7ba54a0 JavaThread "C1 CompilerThread1"         daemon [_thread_blocked, id=5332, stack(0x000000f8e1b00000,0x000000f8e1c00000) (1024K)]
  0x000002f2d838ac90 JavaThread "Simple-Language-Server main thread" daemon [_thread_blocked, id=12860, stack(0x000000f8e1c00000,0x000000f8e1d00000) (1024K)]
  0x000002f2d7b51840 JavaThread "parallel-1"                 daemon [_thread_blocked, id=26544, stack(0x000000f8e1d00000,0x000000f8e1e00000) (1024K)]
  0x000002f2d874f6b0 JavaThread "pool-8-thread-1"                   [_thread_blocked, id=31988, stack(0x000000f8e1e00000,0x000000f8e1f00000) (1024K)]
  0x000002f2d880b4a0 JavaThread "parallel-2"                 daemon [_thread_blocked, id=5556, stack(0x000000f8e1f00000,0x000000f8e2000000) (1024K)]
  0x000002f2d883a700 JavaThread "parallel-3"                 daemon [_thread_blocked, id=23964, stack(0x000000f8e2000000,0x000000f8e2100000) (1024K)]
  0x000002f2d883ad90 JavaThread "parallel-4"                 daemon [_thread_blocked, id=10984, stack(0x000000f8e2100000,0x000000f8e2200000) (1024K)]
  0x000002f2d883b420 JavaThread "parallel-5"                 daemon [_thread_blocked, id=10044, stack(0x000000f8e2200000,0x000000f8e2300000) (1024K)]
  0x000002f2d883ce60 JavaThread "ForkJoinPool.commonPool-worker-1" daemon [_thread_blocked, id=29708, stack(0x000000f8e2300000,0x000000f8e2400000) (1024K)]
  0x000002f2d8840e80 JavaThread "C1 CompilerThread2"         daemon [_thread_blocked, id=27280, stack(0x000000f8dfc00000,0x000000f8dfd00000) (1024K)]
  0x000002f2d887ae40 JavaThread "C1 CompilerThread3"         daemon [_thread_blocked, id=3128, stack(0x000000f8e2400000,0x000000f8e2500000) (1024K)]
  0x000002f2d883c7d0 JavaThread "pool-5-thread-1"                   [_thread_blocked, id=33268, stack(0x000000f8e2500000,0x000000f8e2600000) (1024K)]
  0x000002f2d883c140 JavaThread "ClassGraph-worker-0"        daemon [_thread_blocked, id=8756, stack(0x000000f8e2600000,0x000000f8e2700000) (1024K)]
  0x000002f2d883bab0 JavaThread "ClassGraph-worker-1"        daemon [_thread_blocked, id=28704, stack(0x000000f8e2700000,0x000000f8e2800000) (1024K)]
  0x000002f2d883d4f0 JavaThread "ClassGraph-worker-2"        daemon [_thread_blocked, id=23688, stack(0x000000f8e2800000,0x000000f8e2900000) (1024K)]
  0x000002f2d883a070 JavaThread "ClassGraph-worker-3"        daemon [_thread_blocked, id=29320, stack(0x000000f8e2900000,0x000000f8e2a00000) (1024K)]
  0x000002f2d889c150 JavaThread "ClassGraph-worker-4"        daemon [_thread_blocked, id=31332, stack(0x000000f8e2a00000,0x000000f8e2b00000) (1024K)]
  0x000002f2d889bac0 JavaThread "ClassGraph-worker-5"        daemon [_thread_blocked, id=32176, stack(0x000000f8e2b00000,0x000000f8e2c00000) (1024K)]
  0x000002f2d889ef40 JavaThread "ClassGraph-worker-6"        daemon [_thread_blocked, id=13188, stack(0x000000f8e2c00000,0x000000f8e2d00000) (1024K)]
  0x000002f2d889fc60 JavaThread "ClassGraph-worker-7"        daemon [_thread_blocked, id=21760, stack(0x000000f8e2d00000,0x000000f8e2e00000) (1024K)]
  0x000002f2d889f5d0 JavaThread "ClassGraph-worker-8"        daemon [_thread_blocked, id=11664, stack(0x000000f8e2e00000,0x000000f8e2f00000) (1024K)]
  0x000002f2d889c7e0 JavaThread "ClassGraph-worker-9"        daemon [_thread_blocked, id=28508, stack(0x000000f8e2f00000,0x000000f8e3000000) (1024K)]
  0x000002f2d889db90 JavaThread "ClassGraph-worker-10"       daemon [_thread_blocked, id=22932, stack(0x000000f8e3000000,0x000000f8e3100000) (1024K)]
  0x000002f2d88a02f0 JavaThread "ClassGraph-worker-11"       daemon [_thread_blocked, id=22064, stack(0x000000f8e3100000,0x000000f8e3200000) (1024K)]
  0x000002f2d889ce70 JavaThread "ClassGraph-worker-12"       daemon [_thread_blocked, id=14468, stack(0x000000f8e3200000,0x000000f8e3300000) (1024K)]
  0x000002f2d889e8b0 JavaThread "ClassGraph-worker-13"       daemon [_thread_blocked, id=18752, stack(0x000000f8e3300000,0x000000f8e3400000) (1024K)]
  0x000002f2d889e220 JavaThread "Reconciler-1"               daemon [_thread_blocked, id=20688, stack(0x000000f8e3400000,0x000000f8e3500000) (1024K)]
  0x000002f2d88a0980 JavaThread "ForkJoinPool.commonPool-worker-2" daemon [_thread_blocked, id=20484, stack(0x000000f8e3500000,0x000000f8e3600000) (1024K)]
Total: 42

Other Threads:
=>0x000002f29191eb10 VMThread "VM Thread"                           [id=33000, stack(0x000000f8e0500000,0x000000f8e0600000) (1024K)]
  0x000002f29190e1c0 WatcherThread "VM Periodic Task Thread"        [id=31904, stack(0x000000f8e0400000,0x000000f8e0500000) (1024K)]
  0x000002f286ba31f0 WorkerThread "GC Thread#0"                     [id=2056, stack(0x000000f8dff00000,0x000000f8e0000000) (1024K)]
  0x000002f2d7b8d170 WorkerThread "GC Thread#1"                     [id=20212, stack(0x000000f8e1000000,0x000000f8e1100000) (1024K)]
  0x000002f2d79c1b00 WorkerThread "GC Thread#2"                     [id=13192, stack(0x000000f8e1100000,0x000000f8e1200000) (1024K)]
  0x000002f2d7a6b3f0 WorkerThread "GC Thread#3"                     [id=28372, stack(0x000000f8e1200000,0x000000f8e1300000) (1024K)]
  0x000002f2d7a6b790 WorkerThread "GC Thread#4"                     [id=23192, stack(0x000000f8e1300000,0x000000f8e1400000) (1024K)]
  0x000002f2d800cd40 WorkerThread "GC Thread#5"                     [id=27516, stack(0x000000f8e1500000,0x000000f8e1600000) (1024K)]
  0x000002f2d800e0f0 WorkerThread "GC Thread#6"                     [id=25888, stack(0x000000f8e1600000,0x000000f8e1700000) (1024K)]
  0x000002f2d800e490 WorkerThread "GC Thread#7"                     [id=6284, stack(0x000000f8e1700000,0x000000f8e1800000) (1024K)]
  0x000002f286bd0950 ConcurrentGCThread "G1 Main Marker"            [id=13088, stack(0x000000f8e0000000,0x000000f8e0100000) (1024K)]
  0x000002f286bd1350 WorkerThread "G1 Conc#0"                       [id=15620, stack(0x000000f8e0100000,0x000000f8e0200000) (1024K)]
  0x000002f2d81c4da0 WorkerThread "G1 Conc#1"                       [id=26064, stack(0x000000f8e1400000,0x000000f8e1500000) (1024K)]
  0x000002f2917dc2d0 ConcurrentGCThread "G1 Refine#0"               [id=28892, stack(0x000000f8e0200000,0x000000f8e0300000) (1024K)]
  0x000002f2917debf0 ConcurrentGCThread "G1 Service"                [id=32812, stack(0x000000f8e0300000,0x000000f8e0400000) (1024K)]
Total: 15

Threads with active compile tasks:
C1 CompilerThread1  32528 4019       1       sun.security.x509.AVA::toRFC2253CanonicalString (361 bytes)
C1 CompilerThread3  32528 4020       1       sun.security.util.ObjectIdentifier::toString (285 bytes)
Total: 2

VM state: at safepoint (normal execution)

VM Mutex/Monitor currently owned by a thread:  ([mutex/lock_event])
[0x00007fffcaa4d570] Threads_lock - owner thread: 0x000002f29191eb10
[0x00007fffcaa4d670] Heap_lock - owner thread: 0x000002f2d883c140

Heap address: 0x0000000084000000, size: 1984 MB, Compressed Oops mode: 32-bit

CDS archive(s) mapped at: [0x000002f292000000-0x000002f292ba0000-0x000002f292ba0000), size 12189696, SharedBaseAddress: 0x000002f292000000, ArchiveRelocationMode: 1.
Compressed class space mapped at: 0x000002f293000000-0x000002f2d3000000, reserved size: 1073741824
Narrow klass base: 0x000002f292000000, Narrow klass shift: 0, Narrow klass range: 0x100000000

GC Precious Log:
 CardTable entry size: 512
 Card Set container configuration: InlinePtr #cards 5 size 8 Array Of Cards #cards 12 size 40 Howl #buckets 4 coarsen threshold 1843 Howl Bitmap #cards 512 size 80 coarsen threshold 460 Card regions per heap region 1 cards per card region 2048
 CPUs: 8 total, 8 available
 Memory: 7934M
 Large Page Support: Disabled
 NUMA Support: Disabled
 Compressed Oops: Enabled (32-bit)
 Heap Region Size: 1M
 Heap Min Capacity: 8M
 Heap Initial Capacity: 124M
 Heap Max Capacity: 1984M
 Pre-touch: Disabled
 Parallel Workers: 8
 Concurrent Workers: 2
 Concurrent Refinement Workers: 8
 Periodic GC: Disabled

Heap:
 garbage-first heap   total 83968K, used 58131K [0x0000000084000000, 0x0000000100000000)
  region size 1024K, 3 young (3072K), 3 survivors (3072K)
 Metaspace       used 29393K, committed 29824K, reserved 1114112K
  class space    used 4117K, committed 4288K, reserved 1048576K

Heap Regions: E=young(eden), S=young(survivor), O=old, HS=humongous(starts), HC=humongous(continues), CS=collection set, F=free, TAMS=top-at-mark-start, PB=parsable bottom
|   0|0x0000000084000000, 0x0000000084100000, 0x0000000084100000|100%| O|  |TAMS 0x0000000084000000| PB 0x0000000084000000| Untracked 
|   1|0x0000000084100000, 0x0000000084200000, 0x0000000084200000|100%| O|  |TAMS 0x0000000084100000| PB 0x0000000084100000| Untracked 
|   2|0x0000000084200000, 0x0000000084300000, 0x0000000084300000|100%| O|  |TAMS 0x0000000084200000| PB 0x0000000084200000| Untracked 
|   3|0x0000000084300000, 0x0000000084400000, 0x0000000084400000|100%| O|  |TAMS 0x0000000084300000| PB 0x0000000084300000| Untracked 
|   4|0x0000000084400000, 0x0000000084500000, 0x0000000084500000|100%| O|  |TAMS 0x0000000084400000| PB 0x0000000084400000| Untracked 
|   5|0x0000000084500000, 0x0000000084600000, 0x0000000084600000|100%| O|  |TAMS 0x0000000084500000| PB 0x0000000084500000| Untracked 
|   6|0x0000000084600000, 0x0000000084700000, 0x0000000084700000|100%| O|  |TAMS 0x0000000084600000| PB 0x0000000084600000| Untracked 
|   7|0x0000000084700000, 0x0000000084800000, 0x0000000084800000|100%| O|  |TAMS 0x0000000084700000| PB 0x0000000084700000| Untracked 
|   8|0x0000000084800000, 0x0000000084900000, 0x0000000084900000|100%| O|  |TAMS 0x0000000084800000| PB 0x0000000084800000| Untracked 
|   9|0x0000000084900000, 0x0000000084a00000, 0x0000000084a00000|100%| O|  |TAMS 0x0000000084900000| PB 0x0000000084900000| Untracked 
|  10|0x0000000084a00000, 0x0000000084b00000, 0x0000000084b00000|100%| O|Cm|TAMS 0x0000000084a00000| PB 0x0000000084a00000| Complete 
|  11|0x0000000084b00000, 0x0000000084c00000, 0x0000000084c00000|100%| O|  |TAMS 0x0000000084b00000| PB 0x0000000084b00000| Untracked 
|  12|0x0000000084c00000, 0x0000000084d00000, 0x0000000084d00000|100%| O|  |TAMS 0x0000000084c00000| PB 0x0000000084c00000| Untracked 
|  13|0x0000000084d00000, 0x0000000084e00000, 0x0000000084e00000|100%| O|  |TAMS 0x0000000084d00000| PB 0x0000000084d00000| Untracked 
|  14|0x0000000084e00000, 0x0000000084f00000, 0x0000000084f00000|100%| O|  |TAMS 0x0000000084e00000| PB 0x0000000084e00000| Untracked 
|  15|0x0000000084f00000, 0x0000000085000000, 0x0000000085000000|100%| O|  |TAMS 0x0000000084f00000| PB 0x0000000084f00000| Untracked 
|  16|0x0000000085000000, 0x0000000085100000, 0x0000000085100000|100%| O|  |TAMS 0x0000000085000000| PB 0x0000000085000000| Untracked 
|  17|0x0000000085100000, 0x0000000085200000, 0x0000000085200000|100%| O|  |TAMS 0x0000000085100000| PB 0x0000000085100000| Untracked 
|  18|0x0000000085200000, 0x0000000085300000, 0x0000000085300000|100%| O|  |TAMS 0x0000000085200000| PB 0x0000000085200000| Untracked 
|  19|0x0000000085300000, 0x0000000085400000, 0x0000000085400000|100%| O|  |TAMS 0x0000000085300000| PB 0x0000000085300000| Untracked 
|  20|0x0000000085400000, 0x0000000085500000, 0x0000000085500000|100%| O|  |TAMS 0x0000000085400000| PB 0x0000000085400000| Untracked 
|  21|0x0000000085500000, 0x0000000085600000, 0x0000000085600000|100%| O|  |TAMS 0x0000000085500000| PB 0x0000000085500000| Untracked 
|  22|0x0000000085600000, 0x0000000085700000, 0x0000000085700000|100%| O|  |TAMS 0x0000000085600000| PB 0x0000000085600000| Untracked 
|  23|0x0000000085700000, 0x0000000085800000, 0x0000000085800000|100%| O|  |TAMS 0x0000000085700000| PB 0x0000000085700000| Untracked 
|  24|0x0000000085800000, 0x0000000085900000, 0x0000000085900000|100%| O|  |TAMS 0x0000000085800000| PB 0x0000000085800000| Untracked 
|  25|0x0000000085900000, 0x0000000085a00000, 0x0000000085a00000|100%| O|  |TAMS 0x0000000085900000| PB 0x0000000085900000| Untracked 
|  26|0x0000000085a00000, 0x0000000085b00000, 0x0000000085b00000|100%| O|  |TAMS 0x0000000085a00000| PB 0x0000000085a00000| Untracked 
|  27|0x0000000085b00000, 0x0000000085c00000, 0x0000000085c00000|100%| O|  |TAMS 0x0000000085b00000| PB 0x0000000085b00000| Untracked 
|  28|0x0000000085c00000, 0x0000000085d00000, 0x0000000085d00000|100%| O|  |TAMS 0x0000000085c00000| PB 0x0000000085c00000| Untracked 
|  29|0x0000000085d00000, 0x0000000085e00000, 0x0000000085e00000|100%| O|  |TAMS 0x0000000085d00000| PB 0x0000000085d00000| Untracked 
|  30|0x0000000085e00000, 0x0000000085f00000, 0x0000000085f00000|100%| O|  |TAMS 0x0000000085e00000| PB 0x0000000085e00000| Untracked 
|  31|0x0000000085f00000, 0x0000000086000000, 0x0000000086000000|100%| O|  |TAMS 0x0000000085f00000| PB 0x0000000085f00000| Untracked 
|  32|0x0000000086000000, 0x0000000086100000, 0x0000000086100000|100%| O|  |TAMS 0x0000000086000000| PB 0x0000000086000000| Untracked 
|  33|0x0000000086100000, 0x0000000086200000, 0x0000000086200000|100%| O|  |TAMS 0x0000000086100000| PB 0x0000000086100000| Untracked 
|  34|0x0000000086200000, 0x0000000086300000, 0x0000000086300000|100%| O|  |TAMS 0x0000000086200000| PB 0x0000000086200000| Untracked 
|  35|0x0000000086300000, 0x0000000086400000, 0x0000000086400000|100%| O|  |TAMS 0x0000000086300000| PB 0x0000000086300000| Untracked 
|  36|0x0000000086400000, 0x0000000086500000, 0x0000000086500000|100%| O|  |TAMS 0x0000000086400000| PB 0x0000000086400000| Untracked 
|  37|0x0000000086500000, 0x0000000086600000, 0x0000000086600000|100%| O|  |TAMS 0x0000000086500000| PB 0x0000000086500000| Untracked 
|  38|0x0000000086600000, 0x0000000086700000, 0x0000000086700000|100%| O|Cm|TAMS 0x0000000086600000| PB 0x0000000086600000| Complete 
|  39|0x0000000086700000, 0x0000000086800000, 0x0000000086800000|100%| O|  |TAMS 0x0000000086700000| PB 0x0000000086700000| Untracked 
|  40|0x0000000086800000, 0x0000000086900000, 0x0000000086900000|100%|HS|  |TAMS 0x0000000086800000| PB 0x0000000086800000| Complete 
|  41|0x0000000086900000, 0x0000000086a00000, 0x0000000086a00000|100%| O|  |TAMS 0x0000000086900000| PB 0x0000000086900000| Untracked 
|  42|0x0000000086a00000, 0x0000000086b00000, 0x0000000086b00000|100%| O|  |TAMS 0x0000000086a00000| PB 0x0000000086a00000| Untracked 
|  43|0x0000000086b00000, 0x0000000086c00000, 0x0000000086c00000|100%| O|  |TAMS 0x0000000086b00000| PB 0x0000000086b00000| Untracked 
|  44|0x0000000086c00000, 0x0000000086d00000, 0x0000000086d00000|100%| O|  |TAMS 0x0000000086c00000| PB 0x0000000086c00000| Untracked 
|  45|0x0000000086d00000, 0x0000000086e00000, 0x0000000086e00000|100%| O|  |TAMS 0x0000000086d00000| PB 0x0000000086d00000| Untracked 
|  46|0x0000000086e00000, 0x0000000086f00000, 0x0000000086f00000|100%| O|  |TAMS 0x0000000086e00000| PB 0x0000000086e00000| Untracked 
|  47|0x0000000086f00000, 0x0000000087000000, 0x0000000087000000|100%| O|  |TAMS 0x0000000086f00000| PB 0x0000000086f00000| Untracked 
|  48|0x0000000087000000, 0x0000000087100000, 0x0000000087100000|100%| O|  |TAMS 0x0000000087000000| PB 0x0000000087000000| Untracked 
|  49|0x0000000087100000, 0x0000000087200000, 0x0000000087200000|100%| O|  |TAMS 0x0000000087100000| PB 0x0000000087100000| Untracked 
|  50|0x0000000087200000, 0x0000000087300000, 0x0000000087300000|100%| O|  |TAMS 0x0000000087200000| PB 0x0000000087200000| Untracked 
|  51|0x0000000087300000, 0x0000000087400000, 0x0000000087400000|100%| O|  |TAMS 0x0000000087300000| PB 0x0000000087300000| Untracked 
|  52|0x0000000087400000, 0x0000000087500000, 0x0000000087500000|100%| O|  |TAMS 0x0000000087400000| PB 0x0000000087400000| Untracked 
|  53|0x0000000087500000, 0x0000000087500000, 0x0000000087600000|  0%| F|  |TAMS 0x0000000087500000| PB 0x0000000087500000| Untracked 
|  54|0x0000000087600000, 0x0000000087600000, 0x0000000087700000|  0%| F|  |TAMS 0x0000000087600000| PB 0x0000000087600000| Untracked 
|  55|0x0000000087700000, 0x0000000087700000, 0x0000000087800000|  0%| F|  |TAMS 0x0000000087700000| PB 0x0000000087700000| Untracked 
|  56|0x0000000087800000, 0x0000000087800000, 0x0000000087900000|  0%| F|  |TAMS 0x0000000087800000| PB 0x0000000087800000| Untracked 
|  57|0x0000000087900000, 0x00000000879c4f20, 0x0000000087a00000| 76%| O|  |TAMS 0x0000000087900000| PB 0x0000000087900000| Untracked 
|  58|0x0000000087a00000, 0x0000000087a00000, 0x0000000087b00000|  0%| F|  |TAMS 0x0000000087a00000| PB 0x0000000087a00000| Untracked 
|  59|0x0000000087b00000, 0x0000000087b00000, 0x0000000087c00000|  0%| F|  |TAMS 0x0000000087b00000| PB 0x0000000087b00000| Untracked 
|  60|0x0000000087c00000, 0x0000000087c00000, 0x0000000087d00000|  0%| F|  |TAMS 0x0000000087c00000| PB 0x0000000087c00000| Untracked 
|  61|0x0000000087d00000, 0x0000000087e00000, 0x0000000087e00000|100%| S|CS|TAMS 0x0000000087d00000| PB 0x0000000087d00000| Complete 
|  62|0x0000000087e00000, 0x0000000087f00000, 0x0000000087f00000|100%| S|CS|TAMS 0x0000000087e00000| PB 0x0000000087e00000| Complete 
|  63|0x0000000087f00000, 0x0000000088000000, 0x0000000088000000|100%| S|CS|TAMS 0x0000000087f00000| PB 0x0000000087f00000| Complete 
|  64|0x0000000088000000, 0x0000000088000000, 0x0000000088100000|  0%| F|  |TAMS 0x0000000088000000| PB 0x0000000088000000| Untracked 
|  65|0x0000000088100000, 0x0000000088100000, 0x0000000088200000|  0%| F|  |TAMS 0x0000000088100000| PB 0x0000000088100000| Untracked 
|  66|0x0000000088200000, 0x0000000088200000, 0x0000000088300000|  0%| F|  |TAMS 0x0000000088200000| PB 0x0000000088200000| Untracked 
|  67|0x0000000088300000, 0x0000000088300000, 0x0000000088400000|  0%| F|  |TAMS 0x0000000088300000| PB 0x0000000088300000| Untracked 
|  68|0x0000000088400000, 0x0000000088400000, 0x0000000088500000|  0%| F|  |TAMS 0x0000000088400000| PB 0x0000000088400000| Untracked 
|  69|0x0000000088500000, 0x0000000088500000, 0x0000000088600000|  0%| F|  |TAMS 0x0000000088500000| PB 0x0000000088500000| Untracked 
|  70|0x0000000088600000, 0x0000000088600000, 0x0000000088700000|  0%| F|  |TAMS 0x0000000088600000| PB 0x0000000088600000| Untracked 
|  71|0x0000000088700000, 0x0000000088700000, 0x0000000088800000|  0%| F|  |TAMS 0x0000000088700000| PB 0x0000000088700000| Untracked 
|  72|0x0000000088800000, 0x0000000088800000, 0x0000000088900000|  0%| F|  |TAMS 0x0000000088800000| PB 0x0000000088800000| Untracked 
|  73|0x0000000088900000, 0x0000000088900000, 0x0000000088a00000|  0%| F|  |TAMS 0x0000000088900000| PB 0x0000000088900000| Untracked 
|  74|0x0000000088a00000, 0x0000000088a00000, 0x0000000088b00000|  0%| F|  |TAMS 0x0000000088a00000| PB 0x0000000088a00000| Untracked 
|  75|0x0000000088b00000, 0x0000000088b00000, 0x0000000088c00000|  0%| F|  |TAMS 0x0000000088b00000| PB 0x0000000088b00000| Untracked 
|  76|0x0000000088c00000, 0x0000000088c00000, 0x0000000088d00000|  0%| F|  |TAMS 0x0000000088c00000| PB 0x0000000088c00000| Untracked 
|  77|0x0000000088d00000, 0x0000000088d00000, 0x0000000088e00000|  0%| F|  |TAMS 0x0000000088d00000| PB 0x0000000088d00000| Untracked 
|  78|0x0000000088e00000, 0x0000000088e00000, 0x0000000088f00000|  0%| F|  |TAMS 0x0000000088e00000| PB 0x0000000088e00000| Untracked 
|  79|0x0000000088f00000, 0x0000000088f00000, 0x0000000089000000|  0%| F|  |TAMS 0x0000000088f00000| PB 0x0000000088f00000| Untracked 
|  80|0x0000000089000000, 0x0000000089000000, 0x0000000089100000|  0%| F|  |TAMS 0x0000000089000000| PB 0x0000000089000000| Untracked 
| 123|0x000000008bb00000, 0x000000008bb00000, 0x000000008bc00000|  0%| F|  |TAMS 0x000000008bb00000| PB 0x000000008bb00000| Untracked 

Card table byte_map: [0x000002f28d230000,0x000002f28d610000] _byte_map_base: 0x000002f28ce10000

Marking Bits: (CMBitMap*) 0x000002f286ba37f0
 Bits: [0x000002f28d610000, 0x000002f28f510000)

Polling page: 0x000002f284b10000

Metaspace:

Usage:
  Non-class:     24.68 MB used.
      Class:      4.02 MB used.
       Both:     28.70 MB used.

Virtual space:
  Non-class space:       64.00 MB reserved,      24.94 MB ( 39%) committed,  1 nodes.
      Class space:        1.00 GB reserved,       4.19 MB ( <1%) committed,  1 nodes.
             Both:        1.06 GB reserved,      29.12 MB (  3%) committed. 

Chunk freelists:
   Non-Class:  6.77 MB
       Class:  11.69 MB
        Both:  18.45 MB

MaxMetaspaceSize: unlimited
CompressedClassSpaceSize: 1.00 GB
Initial GC threshold: 21.00 MB
Current GC threshold: 48.38 MB
CDS: on
 - commit_granule_bytes: 65536.
 - commit_granule_words: 8192.
 - virtual_space_node_default_size: 8388608.
 - enlarge_chunks_in_place: 1.
 - use_allocation_guard: 0.


Internal statistics:

num_allocs_failed_limit: 3.
num_arena_births: 716.
num_arena_deaths: 70.
num_vsnodes_births: 2.
num_vsnodes_deaths: 0.
num_space_committed: 466.
num_space_uncommitted: 0.
num_chunks_returned_to_freelist: 83.
num_chunks_taken_from_freelist: 1903.
num_chunk_merges: 18.
num_chunk_splits: 1249.
num_chunks_enlarged: 892.
num_inconsistent_stats: 0.

CodeCache: size=49152Kb used=9449Kb max_used=9449Kb free=39702Kb
 bounds [0x000002f289d40000, 0x000002f28a680000, 0x000002f28cd40000]
 total_blobs=4520, nmethods=3962, adapters=479, full_count=0
Compilation: enabled, stopped_count=0, restarted_count=0

Compilation events (20 events):
Event: 31.258 Thread 0x000002f2d7ba54a0 4010       1       java.math.MutableBigInteger::normalize (91 bytes)
Event: 31.258 Thread 0x000002f2d7ba54a0 nmethod 4010 0x000002f28a0c6b10 code [0x000002f28a0c6cc0, 0x000002f28a0c6e90]
Event: 31.259 Thread 0x000002f2d7ba54a0 4011       1       java.math.BigInteger::primitiveLeftShift (37 bytes)
Event: 31.259 Thread 0x000002f2d70038c0 4012       1       java.math.BigInteger::implMontgomeryMultiplyChecks (126 bytes)
Event: 31.259 Thread 0x000002f2d8840e80 4013       1       java.math.BigInteger::materialize (16 bytes)
Event: 31.259 Thread 0x000002f2d7ba54a0 nmethod 4011 0x000002f289ede990 code [0x000002f289edeb40, 0x000002f289eded78]
Event: 31.260 Thread 0x000002f2d8840e80 nmethod 4013 0x000002f28a443f90 code [0x000002f28a444120, 0x000002f28a444278]
Event: 31.260 Thread 0x000002f2d70038c0 nmethod 4012 0x000002f28a677190 code [0x000002f28a677420, 0x000002f28a677b80]
Event: 31.262 Thread 0x000002f2d7ba54a0 4014       1       java.math.BigInteger::montgomerySquare (49 bytes)
Event: 31.262 Thread 0x000002f2d8840e80 4015       1       java.math.BigInteger::implMontgomerySquare (19 bytes)
Event: 31.262 Thread 0x000002f2d70038c0 4017       1       java.math.BigInteger::implSquareToLenChecks (206 bytes)
Event: 31.262 Thread 0x000002f2d887ae40 4016       1       java.math.BigInteger::squareToLen (33 bytes)
Event: 31.262 Thread 0x000002f2d887ae40 nmethod 4016 0x000002f289ede310 code [0x000002f289ede4c0, 0x000002f289ede690]
Event: 31.262 Thread 0x000002f2d8840e80 nmethod 4015 0x000002f28a677f90 code [0x000002f28a678160, 0x000002f28a678390]
Event: 31.262 Thread 0x000002f2d7ba54a0 nmethod 4014 0x000002f28a678510 code [0x000002f28a678700, 0x000002f28a678ac8]
Event: 31.263 Thread 0x000002f2d70038c0 nmethod 4017 0x000002f28a678d10 code [0x000002f28a679080, 0x000002f28a679cf8]
Event: 31.266 Thread 0x000002f2d7ba54a0 4018       1       sun.security.jca.ProviderConfig::equals (58 bytes)
Event: 31.266 Thread 0x000002f2d7ba54a0 nmethod 4018 0x000002f28a67a410 code [0x000002f28a67a5e0, 0x000002f28a67a818]
Event: 31.266 Thread 0x000002f2d7ba54a0 4019       1       sun.security.x509.AVA::toRFC2253CanonicalString (361 bytes)
Event: 31.267 Thread 0x000002f2d887ae40 4020       1       sun.security.util.ObjectIdentifier::toString (285 bytes)

GC Heap History (20 events):
Event: 27.871 GC heap after
{Heap after GC invocations=5 (full 0):
 garbage-first heap   total 51200K, used 17944K [0x0000000084000000, 0x0000000100000000)
  region size 1024K, 3 young (3072K), 3 survivors (3072K)
 Metaspace       used 24946K, committed 25472K, reserved 1114112K
  class space    used 3436K, committed 3648K, reserved 1048576K
}
Event: 30.017 GC heap before
{Heap before GC invocations=5 (full 0):
 garbage-first heap   total 51200K, used 38424K [0x0000000084000000, 0x0000000100000000)
  region size 1024K, 23 young (23552K), 3 survivors (3072K)
 Metaspace       used 28416K, committed 28992K, reserved 1114112K
  class space    used 3988K, committed 4224K, reserved 1048576K
}
Event: 30.023 GC heap after
{Heap after GC invocations=6 (full 0):
 garbage-first heap   total 51200K, used 20155K [0x0000000084000000, 0x0000000100000000)
  region size 1024K, 3 young (3072K), 3 survivors (3072K)
 Metaspace       used 28416K, committed 28992K, reserved 1114112K
  class space    used 3988K, committed 4224K, reserved 1048576K
}
Event: 30.223 GC heap before
{Heap before GC invocations=6 (full 0):
 garbage-first heap   total 51200K, used 38587K [0x0000000084000000, 0x0000000100000000)
  region size 1024K, 22 young (22528K), 3 survivors (3072K)
 Metaspace       used 28846K, committed 29376K, reserved 1114112K
  class space    used 4047K, committed 4288K, reserved 1048576K
}
Event: 30.228 GC heap after
{Heap after GC invocations=7 (full 0):
 garbage-first heap   total 51200K, used 24521K [0x0000000084000000, 0x0000000100000000)
  region size 1024K, 3 young (3072K), 3 survivors (3072K)
 Metaspace       used 28846K, committed 29376K, reserved 1114112K
  class space    used 4047K, committed 4288K, reserved 1048576K
}
Event: 30.294 GC heap before
{Heap before GC invocations=7 (full 0):
 garbage-first heap   total 51200K, used 41929K [0x0000000084000000, 0x0000000100000000)
  region size 1024K, 20 young (20480K), 3 survivors (3072K)
 Metaspace       used 28920K, committed 29440K, reserved 1114112K
  class space    used 4062K, committed 4288K, reserved 1048576K
}
Event: 30.298 GC heap after
{Heap after GC invocations=8 (full 0):
 garbage-first heap   total 51200K, used 26967K [0x0000000084000000, 0x0000000100000000)
  region size 1024K, 3 young (3072K), 3 survivors (3072K)
 Metaspace       used 28920K, committed 29440K, reserved 1114112K
  class space    used 4062K, committed 4288K, reserved 1048576K
}
Event: 30.376 GC heap before
{Heap before GC invocations=8 (full 0):
 garbage-first heap   total 51200K, used 41303K [0x0000000084000000, 0x0000000100000000)
  region size 1024K, 18 young (18432K), 3 survivors (3072K)
 Metaspace       used 29014K, committed 29504K, reserved 1114112K
  class space    used 4073K, committed 4288K, reserved 1048576K
}
Event: 30.382 GC heap after
{Heap after GC invocations=9 (full 0):
 garbage-first heap   total 51200K, used 30182K [0x0000000084000000, 0x0000000100000000)
  region size 1024K, 3 young (3072K), 3 survivors (3072K)
 Metaspace       used 29014K, committed 29504K, reserved 1114112K
  class space    used 4073K, committed 4288K, reserved 1048576K
}
Event: 30.477 GC heap before
{Heap before GC invocations=10 (full 0):
 garbage-first heap   total 51200K, used 43494K [0x0000000084000000, 0x0000000100000000)
  region size 1024K, 16 young (16384K), 3 survivors (3072K)
 Metaspace       used 28951K, committed 29504K, reserved 1114112K
  class space    used 4055K, committed 4288K, reserved 1048576K
}
Event: 30.481 GC heap after
{Heap after GC invocations=11 (full 0):
 garbage-first heap   total 51200K, used 31915K [0x0000000084000000, 0x0000000100000000)
  region size 1024K, 2 young (2048K), 2 survivors (2048K)
 Metaspace       used 28951K, committed 29504K, reserved 1114112K
  class space    used 4055K, committed 4288K, reserved 1048576K
}
Event: 30.564 GC heap before
{Heap before GC invocations=11 (full 0):
 garbage-first heap   total 51200K, used 44203K [0x0000000084000000, 0x0000000100000000)
  region size 1024K, 14 young (14336K), 2 survivors (2048K)
 Metaspace       used 28951K, committed 29504K, reserved 1114112K
  class space    used 4055K, committed 4288K, reserved 1048576K
}
Event: 30.569 GC heap after
{Heap after GC invocations=12 (full 0):
 garbage-first heap   total 79872K, used 32978K [0x0000000084000000, 0x0000000100000000)
  region size 1024K, 2 young (2048K), 2 survivors (2048K)
 Metaspace       used 28951K, committed 29504K, reserved 1114112K
  class space    used 4055K, committed 4288K, reserved 1048576K
}
Event: 30.765 GC heap before
{Heap before GC invocations=12 (full 0):
 garbage-first heap   total 79872K, used 64722K [0x0000000084000000, 0x0000000100000000)
  region size 1024K, 33 young (33792K), 2 survivors (2048K)
 Metaspace       used 28951K, committed 29504K, reserved 1114112K
  class space    used 4055K, committed 4288K, reserved 1048576K
}
Event: 30.773 GC heap after
{Heap after GC invocations=13 (full 0):
 garbage-first heap   total 79872K, used 37636K [0x0000000084000000, 0x0000000100000000)
  region size 1024K, 5 young (5120K), 5 survivors (5120K)
 Metaspace       used 28951K, committed 29504K, reserved 1114112K
  class space    used 4055K, committed 4288K, reserved 1048576K
}
Event: 30.869 GC heap before
{Heap before GC invocations=13 (full 0):
 garbage-first heap   total 79872K, used 66308K [0x0000000084000000, 0x0000000100000000)
  region size 1024K, 33 young (33792K), 5 survivors (5120K)
 Metaspace       used 28951K, committed 29504K, reserved 1114112K
  class space    used 4055K, committed 4288K, reserved 1048576K
}
Event: 30.879 GC heap after
{Heap after GC invocations=14 (full 0):
 garbage-first heap   total 79872K, used 45214K [0x0000000084000000, 0x0000000100000000)
  region size 1024K, 5 young (5120K), 5 survivors (5120K)
 Metaspace       used 28951K, committed 29504K, reserved 1114112K
  class space    used 4055K, committed 4288K, reserved 1048576K
}
Event: 31.136 GC heap before
{Heap before GC invocations=14 (full 0):
 garbage-first heap   total 79872K, used 65694K [0x0000000084000000, 0x0000000100000000)
  region size 1024K, 26 young (26624K), 5 survivors (5120K)
 Metaspace       used 29200K, committed 29632K, reserved 1114112K
  class space    used 4107K, committed 4288K, reserved 1048576K
}
Event: 31.144 GC heap after
{Heap after GC invocations=15 (full 0):
 garbage-first heap   total 79872K, used 49833K [0x0000000084000000, 0x0000000100000000)
  region size 1024K, 4 young (4096K), 4 survivors (4096K)
 Metaspace       used 29200K, committed 29632K, reserved 1114112K
  class space    used 4107K, committed 4288K, reserved 1048576K
}
Event: 31.267 GC heap before
{Heap before GC invocations=16 (full 0):
 garbage-first heap   total 83968K, used 68265K [0x0000000084000000, 0x0000000100000000)
  region size 1024K, 22 young (22528K), 4 survivors (4096K)
 Metaspace       used 29393K, committed 29824K, reserved 1114112K
  class space    used 4117K, committed 4288K, reserved 1048576K
}

Dll operation events (9 events):
Event: 0.020 Loaded shared library c:\Users\Glymin Terra Selasi\.trae\extensions\redhat.java-1.52.0-win32-x64\jre\21.0.9-win32-x86_64\bin\java.dll
Event: 0.366 Loaded shared library c:\Users\Glymin Terra Selasi\.trae\extensions\redhat.java-1.52.0-win32-x64\jre\21.0.9-win32-x86_64\bin\zip.dll
Event: 0.388 Loaded shared library C:\Users\Glymin Terra Selasi\.trae\extensions\redhat.java-1.52.0-win32-x64\jre\21.0.9-win32-x86_64\bin\net.dll
Event: 0.392 Loaded shared library C:\Users\Glymin Terra Selasi\.trae\extensions\redhat.java-1.52.0-win32-x64\jre\21.0.9-win32-x86_64\bin\nio.dll
Event: 0.399 Loaded shared library C:\Users\Glymin Terra Selasi\.trae\extensions\redhat.java-1.52.0-win32-x64\jre\21.0.9-win32-x86_64\bin\zip.dll
Event: 0.710 Loaded shared library C:\Users\Glymin Terra Selasi\.trae\extensions\redhat.java-1.52.0-win32-x64\jre\21.0.9-win32-x86_64\bin\jimage.dll
Event: 0.955 Loaded shared library c:\Users\Glymin Terra Selasi\.trae\extensions\redhat.java-1.52.0-win32-x64\jre\21.0.9-win32-x86_64\bin\verify.dll
Event: 28.017 Loaded shared library C:\Users\Glymin Terra Selasi\.trae\extensions\redhat.java-1.52.0-win32-x64\jre\21.0.9-win32-x86_64\bin\management.dll
Event: 28.171 Loaded shared library C:\Users\Glymin Terra Selasi\.trae\extensions\redhat.java-1.52.0-win32-x64\jre\21.0.9-win32-x86_64\bin\management_ext.dll

Deoptimization events (0 events):
No events

Classes loaded (20 events):
Event: 30.320 Loading class java/util/concurrent/locks/AbstractQueuedSynchronizer$SharedNode
Event: 30.320 Loading class java/util/concurrent/locks/AbstractQueuedSynchronizer$SharedNode done
Event: 30.320 Loading class jdk/internal/module/SystemModuleFinders$ModuleContentSpliterator
Event: 30.320 Loading class jdk/internal/module/SystemModuleFinders$ModuleContentSpliterator done
Event: 30.330 Loading class jdk/internal/jimage/ImageReader$Directory
Event: 30.330 Loading class jdk/internal/jimage/ImageReader$Node
Event: 30.331 Loading class jdk/internal/jimage/ImageReader$Node done
Event: 30.331 Loading class jdk/internal/jimage/ImageReader$Directory done
Event: 30.331 Loading class jdk/internal/jimage/ImageReader$SharedImageReader$LocationVisitor
Event: 30.331 Loading class jdk/internal/jimage/ImageReader$SharedImageReader$LocationVisitor done
Event: 30.332 Loading class java/nio/ByteBufferAsIntBufferL
Event: 30.332 Loading class java/nio/ByteBufferAsIntBufferL done
Event: 30.333 Loading class jdk/internal/jimage/ImageReader$Resource
Event: 30.333 Loading class jdk/internal/jimage/ImageReader$Resource done
Event: 30.333 Loading class java/util/stream/LongStream
Event: 30.333 Loading class java/util/stream/LongStream done
Event: 30.333 Loading class java/util/stream/DoubleStream
Event: 30.334 Loading class java/util/stream/DoubleStream done
Event: 31.003 Loading class jdk/internal/vm/annotation/ForceInline
Event: 31.003 Loading class jdk/internal/vm/annotation/ForceInline done

Classes unloaded (20 events):
Event: 30.424 Thread 0x000002f29191eb10 Unloading class 0x000002f293298400 'java/lang/invoke/LambdaForm$MH+0x000002f293298400'
Event: 30.424 Thread 0x000002f29191eb10 Unloading class 0x000002f293298000 'java/lang/invoke/LambdaForm$MH+0x000002f293298000'
Event: 30.424 Thread 0x000002f29191eb10 Unloading class 0x000002f29328d000 'java/lang/invoke/LambdaForm$MH+0x000002f29328d000'
Event: 30.424 Thread 0x000002f29191eb10 Unloading class 0x000002f29328cc00 'java/lang/invoke/LambdaForm$MH+0x000002f29328cc00'
Event: 30.424 Thread 0x000002f29191eb10 Unloading class 0x000002f293286800 'java/lang/invoke/LambdaForm$MH+0x000002f293286800'
Event: 30.424 Thread 0x000002f29191eb10 Unloading class 0x000002f293283800 'java/lang/invoke/LambdaForm$MH+0x000002f293283800'
Event: 30.424 Thread 0x000002f29191eb10 Unloading class 0x000002f293283400 'java/lang/invoke/LambdaForm$MH+0x000002f293283400'
Event: 30.424 Thread 0x000002f29191eb10 Unloading class 0x000002f293281400 'java/lang/invoke/LambdaForm$DMH+0x000002f293281400'
Event: 30.424 Thread 0x000002f29191eb10 Unloading class 0x000002f293280c00 'java/lang/invoke/LambdaForm$DMH+0x000002f293280c00'
Event: 30.424 Thread 0x000002f29191eb10 Unloading class 0x000002f293280400 'java/lang/invoke/LambdaForm$DMH+0x000002f293280400'
Event: 30.424 Thread 0x000002f29191eb10 Unloading class 0x000002f29327f400 'java/lang/invoke/LambdaForm$MH+0x000002f29327f400'
Event: 30.424 Thread 0x000002f29191eb10 Unloading class 0x000002f29327dc00 'java/lang/invoke/LambdaForm$MH+0x000002f29327dc00'
Event: 30.424 Thread 0x000002f29191eb10 Unloading class 0x000002f29327d800 'java/lang/invoke/LambdaForm$MH+0x000002f29327d800'
Event: 30.424 Thread 0x000002f29191eb10 Unloading class 0x000002f29327d400 'java/lang/invoke/LambdaForm$MH+0x000002f29327d400'
Event: 30.424 Thread 0x000002f29191eb10 Unloading class 0x000002f29327d000 'java/lang/invoke/LambdaForm$MH+0x000002f29327d000'
Event: 30.424 Thread 0x000002f29191eb10 Unloading class 0x000002f29327c000 'java/lang/invoke/LambdaForm$DMH+0x000002f29327c000'
Event: 30.424 Thread 0x000002f29191eb10 Unloading class 0x000002f293196400 'java/lang/invoke/LambdaForm$MH+0x000002f293196400'
Event: 30.424 Thread 0x000002f29191eb10 Unloading class 0x000002f293195800 'java/lang/invoke/LambdaForm$MH+0x000002f293195800'
Event: 30.424 Thread 0x000002f29191eb10 Unloading class 0x000002f293181400 'java/lang/invoke/LambdaForm$DMH+0x000002f293181400'
Event: 30.424 Thread 0x000002f29191eb10 Unloading class 0x000002f293014400 'java/lang/invoke/LambdaForm$MH+0x000002f293014400'

Classes redefined (0 events):
No events

Internal exceptions (20 events):
Event: 30.142 Thread 0x000002f2d883bab0 Exception <a 'sun/nio/fs/WindowsException'{0x0000000087dd08c8}> (0x0000000087dd08c8) 
thrown [s\src\hotspot\share\prims\jni.cpp, line 520]
Event: 30.143 Thread 0x000002f2d883bab0 Exception <a 'sun/nio/fs/WindowsException'{0x0000000087dd0d58}> (0x0000000087dd0d58) 
thrown [s\src\hotspot\share\prims\jni.cpp, line 520]
Event: 30.146 Thread 0x000002f2d883bab0 Exception <a 'sun/nio/fs/WindowsException'{0x0000000087dd1808}> (0x0000000087dd1808) 
thrown [s\src\hotspot\share\prims\jni.cpp, line 520]
Event: 30.147 Thread 0x000002f2d883bab0 Exception <a 'sun/nio/fs/WindowsException'{0x0000000087dd1c68}> (0x0000000087dd1c68) 
thrown [s\src\hotspot\share\prims\jni.cpp, line 520]
Event: 30.147 Thread 0x000002f2d883bab0 Exception <a 'sun/nio/fs/WindowsException'{0x0000000087dd26f0}> (0x0000000087dd26f0) 
thrown [s\src\hotspot\share\prims\jni.cpp, line 520]
Event: 30.147 Thread 0x000002f2d883bab0 Exception <a 'sun/nio/fs/WindowsException'{0x0000000087dd2b10}> (0x0000000087dd2b10) 
thrown [s\src\hotspot\share\prims\jni.cpp, line 520]
Event: 30.147 Thread 0x000002f2d883bab0 Exception <a 'sun/nio/fs/WindowsException'{0x0000000087dd35a8}> (0x0000000087dd35a8) 
thrown [s\src\hotspot\share\prims\jni.cpp, line 520]
Event: 30.147 Thread 0x000002f2d883bab0 Exception <a 'sun/nio/fs/WindowsException'{0x0000000087cb9ca0}> (0x0000000087cb9ca0) 
thrown [s\src\hotspot\share\prims\jni.cpp, line 520]
Event: 30.148 Thread 0x000002f2d883bab0 Exception <a 'sun/nio/fs/WindowsException'{0x0000000087cba728}> (0x0000000087cba728) 
thrown [s\src\hotspot\share\prims\jni.cpp, line 520]
Event: 30.148 Thread 0x000002f2d883bab0 Exception <a 'sun/nio/fs/WindowsException'{0x0000000087cbab58}> (0x0000000087cbab58) 
thrown [s\src\hotspot\share\prims\jni.cpp, line 520]
Event: 30.148 Thread 0x000002f2d883bab0 Exception <a 'sun/nio/fs/WindowsException'{0x0000000087cbb5f0}> (0x0000000087cbb5f0) 
thrown [s\src\hotspot\share\prims\jni.cpp, line 520]
Event: 30.148 Thread 0x000002f2d883bab0 Exception <a 'sun/nio/fs/WindowsException'{0x0000000087cbba30}> (0x0000000087cbba30) 
thrown [s\src\hotspot\share\prims\jni.cpp, line 520]
Event: 30.148 Thread 0x000002f2d883bab0 Exception <a 'sun/nio/fs/WindowsException'{0x0000000087cbc4e0}> (0x0000000087cbc4e0) 
thrown [s\src\hotspot\share\prims\jni.cpp, line 520]
Event: 30.148 Thread 0x000002f2d883bab0 Exception <a 'sun/nio/fs/WindowsException'{0x0000000087cbc940}> (0x0000000087cbc940) 
thrown [s\src\hotspot\share\prims\jni.cpp, line 520]
Event: 30.149 Thread 0x000002f2d883bab0 Exception <a 'sun/nio/fs/WindowsException'{0x0000000087cbd408}> (0x0000000087cbd408) 
thrown [s\src\hotspot\share\prims\jni.cpp, line 520]
Event: 30.149 Thread 0x000002f2d883bab0 Exception <a 'sun/nio/fs/WindowsException'{0x0000000087cbd880}> (0x0000000087cbd880) 
thrown [s\src\hotspot\share\prims\jni.cpp, line 520]
Event: 30.149 Thread 0x000002f2d883bab0 Exception <a 'sun/nio/fs/WindowsException'{0x0000000087cbe340}> (0x0000000087cbe340) 
thrown [s\src\hotspot\share\prims\jni.cpp, line 520]
Event: 30.149 Thread 0x000002f2d883bab0 Exception <a 'sun/nio/fs/WindowsException'{0x0000000087cbe7b0}> (0x0000000087cbe7b0) 
thrown [s\src\hotspot\share\prims\jni.cpp, line 520]
Event: 30.900 Thread 0x000002f2d7a03b90 Exception <a 'java/lang/IncompatibleClassChangeError'{0x0000000088b76650}: Found class java.lang.Object, but interface was expected> (0x0000000088b76650) 
thrown [s\src\hotspot\share\interpreter\linkResolver.cpp, line 840]
Event: 30.999 Thread 0x000002f2d7a03b90 Exception <a 'java/lang/IncompatibleClassChangeError'{0x0000000087e35950}: Found class java.lang.Object, but interface was expected> (0x0000000087e35950) 
thrown [s\src\hotspot\share\interpreter\linkResolver.cpp, line 840]

ZGC Phase Switch (0 events):
No events

VM Operations (20 events):
Event: 30.429 Executing VM operation: G1PauseRemark done
Event: 30.444 Executing VM operation: G1PauseCleanup
Event: 30.444 Executing VM operation: G1PauseCleanup done
Event: 30.477 Executing VM operation: G1CollectForAllocation (G1 Evacuation Pause)
Event: 30.481 Executing VM operation: G1CollectForAllocation (G1 Evacuation Pause) done
Event: 30.564 Executing VM operation: G1CollectForAllocation (G1 Evacuation Pause)
Event: 30.569 Executing VM operation: G1CollectForAllocation (G1 Evacuation Pause) done
Event: 30.746 Executing VM operation: HandshakeAllThreads (Deoptimize)
Event: 30.746 Executing VM operation: HandshakeAllThreads (Deoptimize) done
Event: 30.765 Executing VM operation: G1CollectForAllocation (G1 Evacuation Pause)
Event: 30.773 Executing VM operation: G1CollectForAllocation (G1 Evacuation Pause) done
Event: 30.869 Executing VM operation: G1CollectForAllocation (G1 Evacuation Pause)
Event: 30.880 Executing VM operation: G1CollectForAllocation (G1 Evacuation Pause) done
Event: 31.136 Executing VM operation: G1CollectForAllocation (G1 Evacuation Pause)
Event: 31.144 Executing VM operation: G1CollectForAllocation (G1 Evacuation Pause) done
Event: 31.185 Executing VM operation: G1PauseRemark
Event: 31.188 Executing VM operation: G1PauseRemark done
Event: 31.202 Executing VM operation: G1PauseCleanup
Event: 31.202 Executing VM operation: G1PauseCleanup done
Event: 31.267 Executing VM operation: G1CollectForAllocation (G1 Evacuation Pause)

Memory protections (0 events):
No events

Nmethod flushes (20 events):
Event: 30.428 Thread 0x000002f29191eb10 flushing  nmethod 0x000002f289f06390
Event: 30.428 Thread 0x000002f29191eb10 flushing  nmethod 0x000002f289f07110
Event: 30.428 Thread 0x000002f29191eb10 flushing  nmethod 0x000002f289f24390
Event: 30.428 Thread 0x000002f29191eb10 flushing  nmethod 0x000002f289ff2190
Event: 30.428 Thread 0x000002f29191eb10 flushing  nmethod 0x000002f28a1a3a90
Event: 30.428 Thread 0x000002f29191eb10 flushing  nmethod 0x000002f28a28b990
Event: 30.428 Thread 0x000002f29191eb10 flushing  nmethod 0x000002f289f08710
Event: 30.428 Thread 0x000002f29191eb10 flushing  nmethod 0x000002f289f0a710
Event: 30.428 Thread 0x000002f29191eb10 flushing  nmethod 0x000002f289f43b90
Event: 30.428 Thread 0x000002f29191eb10 flushing  nmethod 0x000002f28a011990
Event: 30.428 Thread 0x000002f29191eb10 flushing  nmethod 0x000002f28a01ae10
Event: 31.187 Thread 0x000002f29191eb10 flushing  nmethod 0x000002f28a0c6b10
Event: 31.187 Thread 0x000002f29191eb10 flushing  nmethod 0x000002f28a08d710
Event: 31.187 Thread 0x000002f29191eb10 flushing  nmethod 0x000002f28a25ed10
Event: 31.187 Thread 0x000002f29191eb10 flushing  nmethod 0x000002f28a5d7c10
Event: 31.187 Thread 0x000002f29191eb10 flushing  nmethod 0x000002f289ede310
Event: 31.187 Thread 0x000002f29191eb10 flushing  nmethod 0x000002f28a04b010
Event: 31.187 Thread 0x000002f29191eb10 flushing  nmethod 0x000002f28a443f90
Event: 31.187 Thread 0x000002f29191eb10 flushing  nmethod 0x000002f28a1d0d90
Event: 31.187 Thread 0x000002f29191eb10 flushing  nmethod 0x000002f28a28b510

Events (20 events):
Event: 29.931 Thread 0x000002f2d7a03b90 Thread added: 0x000002f2d883ce60
Event: 30.002 Thread 0x000002f2d70038c0 Thread added: 0x000002f2d8840e80
Event: 30.003 Thread 0x000002f2d70038c0 Thread added: 0x000002f2d887ae40
Event: 30.016 Thread 0x000002f2d7a03b90 Thread added: 0x000002f2d883c7d0
Event: 30.119 Thread 0x000002f2d883ce60 Thread added: 0x000002f2d883c140
Event: 30.123 Thread 0x000002f2d883c140 Thread added: 0x000002f2d883bab0
Event: 30.124 Thread 0x000002f2d883c140 Thread added: 0x000002f2d883d4f0
Event: 30.124 Thread 0x000002f2d883c140 Thread added: 0x000002f2d883a070
Event: 30.125 Thread 0x000002f2d883c140 Thread added: 0x000002f2d889c150
Event: 30.125 Thread 0x000002f2d883c140 Thread added: 0x000002f2d889bac0
Event: 30.125 Thread 0x000002f2d883c140 Thread added: 0x000002f2d889ef40
Event: 30.125 Thread 0x000002f2d883c140 Thread added: 0x000002f2d889fc60
Event: 30.126 Thread 0x000002f2d883c140 Thread added: 0x000002f2d889f5d0
Event: 30.126 Thread 0x000002f2d883c140 Thread added: 0x000002f2d889c7e0
Event: 30.126 Thread 0x000002f2d883c140 Thread added: 0x000002f2d889db90
Event: 30.126 Thread 0x000002f2d883c140 Thread added: 0x000002f2d88a02f0
Event: 30.127 Thread 0x000002f2d883c140 Thread added: 0x000002f2d889ce70
Event: 30.127 Thread 0x000002f2d883c140 Thread added: 0x000002f2d889e8b0
Event: 30.236 Thread 0x000002f2d880b4a0 Thread added: 0x000002f2d889e220
Event: 30.901 Thread 0x000002f2d7a03b90 Thread added: 0x000002f2d88a0980


Dynamic libraries:
0x00007ff7717e0000 - 0x00007ff7717ee000 	c:\Users\Glymin Terra Selasi\.trae\extensions\redhat.java-1.52.0-win32-x64\jre\21.0.9-win32-x86_64\bin\java.exe
0x00007ff8929c0000 - 0x00007ff892c28000 	C:\WINDOWS\SYSTEM32\ntdll.dll
0x00007ff891ae0000 - 0x00007ff891ba9000 	C:\WINDOWS\System32\KERNEL32.DLL
0x00007ff890390000 - 0x00007ff890782000 	C:\WINDOWS\System32\KERNELBASE.dll
0x00007ff88fbe0000 - 0x00007ff88fd2b000 	C:\WINDOWS\System32\ucrtbase.dll
0x00007ff84a190000 - 0x00007ff84a1a8000 	c:\Users\Glymin Terra Selasi\.trae\extensions\redhat.java-1.52.0-win32-x64\jre\21.0.9-win32-x86_64\bin\jli.dll
0x00007ff892650000 - 0x00007ff892815000 	C:\WINDOWS\System32\USER32.dll
0x00007ff84a5f0000 - 0x00007ff84a60e000 	c:\Users\Glymin Terra Selasi\.trae\extensions\redhat.java-1.52.0-win32-x64\jre\21.0.9-win32-x86_64\bin\VCRUNTIME140.dll
0x00007ff890360000 - 0x00007ff890387000 	C:\WINDOWS\System32\win32u.dll
0x00007ff877160000 - 0x00007ff8773f3000 	C:\WINDOWS\WinSxS\amd64_microsoft.windows.common-controls_6595b64144ccf1df_6.0.26100.6899_none_3e0efeeae32e88c1\COMCTL32.dll
0x00007ff8923a0000 - 0x00007ff8923cb000 	C:\WINDOWS\System32\GDI32.dll
0x00007ff8922f0000 - 0x00007ff892399000 	C:\WINDOWS\System32\msvcrt.dll
0x00007ff88fd30000 - 0x00007ff88fe5d000 	C:\WINDOWS\System32\gdi32full.dll
0x00007ff88fe60000 - 0x00007ff88ff03000 	C:\WINDOWS\System32\msvcp_win.dll
0x00007ff890f30000 - 0x00007ff890f5f000 	C:\WINDOWS\System32\IMM32.DLL
0x00007ff88a680000 - 0x00007ff88a68c000 	c:\Users\Glymin Terra Selasi\.trae\extensions\redhat.java-1.52.0-win32-x64\jre\21.0.9-win32-x86_64\bin\vcruntime140_1.dll
0x00007ff840690000 - 0x00007ff84071d000 	c:\Users\Glymin Terra Selasi\.trae\extensions\redhat.java-1.52.0-win32-x64\jre\21.0.9-win32-x86_64\bin\msvcp140.dll
0x00007fffc9d90000 - 0x00007fffcab30000 	c:\Users\Glymin Terra Selasi\.trae\extensions\redhat.java-1.52.0-win32-x64\jre\21.0.9-win32-x86_64\bin\server\jvm.dll
0x00007ff891bb0000 - 0x00007ff891c64000 	C:\WINDOWS\System32\ADVAPI32.dll
0x00007ff890b60000 - 0x00007ff890c06000 	C:\WINDOWS\System32\sechost.dll
0x00007ff8919c0000 - 0x00007ff891ad8000 	C:\WINDOWS\System32\RPCRT4.dll
0x00007ff891c70000 - 0x00007ff891ce4000 	C:\WINDOWS\System32\WS2_32.dll
0x00007ff88f9b0000 - 0x00007ff88fa0e000 	C:\WINDOWS\SYSTEM32\POWRPROF.dll
0x00007ff87fc80000 - 0x00007ff87fc8b000 	C:\WINDOWS\SYSTEM32\VERSION.dll
0x00007ff8880c0000 - 0x00007ff8880f5000 	C:\WINDOWS\SYSTEM32\WINMM.dll
0x00007ff88f990000 - 0x00007ff88f9a4000 	C:\WINDOWS\SYSTEM32\UMPDC.dll
0x00007ff88e920000 - 0x00007ff88e93b000 	C:\WINDOWS\SYSTEM32\kernel.appcore.dll
0x00007ff879400000 - 0x00007ff87940a000 	c:\Users\Glymin Terra Selasi\.trae\extensions\redhat.java-1.52.0-win32-x64\jre\21.0.9-win32-x86_64\bin\jimage.dll
0x00007ff88d370000 - 0x00007ff88d5b2000 	C:\WINDOWS\SYSTEM32\DBGHELP.DLL
0x00007ff8907e0000 - 0x00007ff890b5b000 	C:\WINDOWS\System32\combase.dll
0x00007ff8923f0000 - 0x00007ff8924c7000 	C:\WINDOWS\System32\OLEAUT32.dll
0x00007ff852550000 - 0x00007ff85258c000 	C:\WINDOWS\SYSTEM32\dbgcore.DLL
0x00007ff8902c0000 - 0x00007ff890358000 	C:\WINDOWS\System32\bcryptPrimitives.dll
0x00007ff849d60000 - 0x00007ff849d80000 	c:\Users\Glymin Terra Selasi\.trae\extensions\redhat.java-1.52.0-win32-x64\jre\21.0.9-win32-x86_64\bin\java.dll
0x00007ff891260000 - 0x00007ff8919ad000 	C:\WINDOWS\System32\SHELL32.dll
0x00007ff88ffd0000 - 0x00007ff89013b000 	C:\WINDOWS\System32\wintypes.dll
0x00007ff88d770000 - 0x00007ff88dfcd000 	C:\WINDOWS\SYSTEM32\windows.storage.dll
0x00007ff892820000 - 0x00007ff892912000 	C:\WINDOWS\System32\SHCORE.dll
0x00007ff892550000 - 0x00007ff8925b2000 	C:\WINDOWS\System32\shlwapi.dll
0x00007ff88fa70000 - 0x00007ff88fa99000 	C:\WINDOWS\SYSTEM32\profapi.dll
0x00007ff8417a0000 - 0x00007ff8417b8000 	c:\Users\Glymin Terra Selasi\.trae\extensions\redhat.java-1.52.0-win32-x64\jre\21.0.9-win32-x86_64\bin\zip.dll
0x00007ff86e9a0000 - 0x00007ff86e9b0000 	C:\Users\Glymin Terra Selasi\.trae\extensions\redhat.java-1.52.0-win32-x64\jre\21.0.9-win32-x86_64\bin\net.dll
0x00007ff882370000 - 0x00007ff88248f000 	C:\WINDOWS\SYSTEM32\WINHTTP.dll
0x00007ff88ee90000 - 0x00007ff88eefb000 	C:\WINDOWS\system32\mswsock.dll
0x00007ff8414e0000 - 0x00007ff8414f6000 	C:\Users\Glymin Terra Selasi\.trae\extensions\redhat.java-1.52.0-win32-x64\jre\21.0.9-win32-x86_64\bin\nio.dll
0x00007ff84a7a0000 - 0x00007ff84a7b0000 	c:\Users\Glymin Terra Selasi\.trae\extensions\redhat.java-1.52.0-win32-x64\jre\21.0.9-win32-x86_64\bin\verify.dll
0x00007ff88f140000 - 0x00007ff88f15b000 	C:\WINDOWS\SYSTEM32\CRYPTSP.dll
0x00007ff88e880000 - 0x00007ff88e8bb000 	C:\WINDOWS\system32\rsaenh.dll
0x00007ff88ef30000 - 0x00007ff88ef5b000 	C:\WINDOWS\SYSTEM32\USERENV.dll
0x00007ff88fa40000 - 0x00007ff88fa66000 	C:\WINDOWS\SYSTEM32\bcrypt.dll
0x00007ff88f160000 - 0x00007ff88f16c000 	C:\WINDOWS\SYSTEM32\CRYPTBASE.dll
0x00007ff88e290000 - 0x00007ff88e2c4000 	C:\WINDOWS\SYSTEM32\IPHLPAPI.DLL
0x00007ff890d80000 - 0x00007ff890d8a000 	C:\WINDOWS\System32\NSI.dll
0x00007ff88c4d0000 - 0x00007ff88c4da000 	C:\Users\Glymin Terra Selasi\.trae\extensions\redhat.java-1.52.0-win32-x64\jre\21.0.9-win32-x86_64\bin\management.dll
0x00007ff88a610000 - 0x00007ff88a61c000 	C:\Users\Glymin Terra Selasi\.trae\extensions\redhat.java-1.52.0-win32-x64\jre\21.0.9-win32-x86_64\bin\management_ext.dll
0x00007ff890f70000 - 0x00007ff890f78000 	C:\WINDOWS\System32\PSAPI.DLL

JVMTI agents: none

dbghelp: loaded successfully - version: 4.0.5 - missing functions: none
symbol engine: initialized successfully - sym options: 0x614 - pdb path: .;c:\Users\Glymin Terra Selasi\.trae\extensions\redhat.java-1.52.0-win32-x64\jre\21.0.9-win32-x86_64\bin;C:\WINDOWS\SYSTEM32;C:\WINDOWS\WinSxS\amd64_microsoft.windows.common-controls_6595b64144ccf1df_6.0.26100.6899_none_3e0efeeae32e88c1;c:\Users\Glymin Terra Selasi\.trae\extensions\redhat.java-1.52.0-win32-x64\jre\21.0.9-win32-x86_64\bin\server

VM Arguments:
jvm_args: -Dsts.lsp.client=vscode -Dsts.log.file=/dev/null -XX:TieredStopAtLevel=1 -Xlog:jni+resolve=off -Dspring.config.location=file:c:\Users\Glymin Terra Selasi\.trae\extensions\pivotal.vscode-spring-boot-1.43.0-universal\language-server\BOOT-INF\classes\application.properties 
java_command: org.springframework.ide.vscode.boot.app.BootLanguageServerBootApp
java_class_path (initial): c:\Users\Glymin Terra Selasi\.trae\extensions\pivotal.vscode-spring-boot-1.43.0-universal\language-server\BOOT-INF\classes;c:\Users\Glymin Terra Selasi\.trae\extensions\pivotal.vscode-spring-boot-1.43.0-universal\language-server\BOOT-INF\lib\annotations-23.1.0.jar;c:\Users\Glymin Terra Selasi\.trae\extensions\pivotal.vscode-spring-boot-1.43.0-universal\language-server\BOOT-INF\lib\ant-1.10.12.jar;c:\Users\Glymin Terra Selasi\.trae\extensions\pivotal.vscode-spring-boot-1.43.0-universal\language-server\BOOT-INF\lib\ant-launcher-1.10.12.jar;c:\Users\Glymin Terra Selasi\.trae\extensions\pivotal.vscode-spring-boot-1.43.0-universal\language-server\BOOT-INF\lib\antlr-runtime-3.5.2.jar;c:\Users\Glymin Terra Selasi\.trae\extensions\pivotal.vscode-spring-boot-1.43.0-universal\language-server\BOOT-INF\lib\antlr4-4.9.3.jar;c:\Users\Glymin Terra Selasi\.trae\extensions\pivotal.vscode-spring-boot-1.43.0-universal\language-server\BOOT-INF\lib\antlr4-runtime-4.9.3.jar;c:\Users\Glymin Terra Selasi\.trae\extensions\pivotal.vscode-spring-boot-1.43.0-universal\language-server\BOOT-INF\lib\apiguardian-api-1.1.2.jar;c:\Users\Glymin Terra Selasi\.trae\extensions\pivotal.vscode-spring-boot-1.43.0-universal\language-server\BOOT-INF\lib\asm-9.4.jar;c:\Users\Glymin Terra Selasi\.trae\extensions\pivotal.vscode-spring-boot-1.43.0-universal\language-server\BOOT-INF\lib\asm-analysis-9.4.jar;c:\Users\Glymin Terra Selasi\.trae\extensions\pivotal.vscode-spring-boot-1.43.0-universal\language-server\BOOT-INF\lib\asm-tree-9.4.jar;c:\Users\Glymin Terra Selasi\.trae\extensions\pivotal.vscode-spring-boot-1.43.0-universal\language-server\BOOT-INF\lib\asm-util-9.4.jar;c:\Users\Glymin Terra Selasi\.trae\extensions\pivotal.vscode-spring-boot-1.43.0-universal\language-server\BOOT-INF\lib\caffeine-3.1.2.jar;c:\Users\Glymin Terra Selasi\.trae\extensions\pivotal.vscode-spring-boot-1.43.0-universal\language-server\BOOT-INF\lib\checker-qual-3.12.0.jar;c:\Users\Glymin Terra Selasi\.trae\extensions\pivotal.vscode-spring-boot-1.43.0-universal\language-server\BOOT-INF\lib\ci-environment-9.1.0.jar;c:\Users\Glymin Terra Selasi\.trae\extensions\pivotal.vscode-spring-boot-1.43.0-universal\language-server\BOOT-INF\lib\classgraph-4.8.149.jar;c:\Users\Glymin Terra Selasi\.trae\extensions\pivotal.vscode-spring-boot-1.43.0-universal\language-server\BOOT-INF\lib\commons-codec-1.15.jar;c:\Users\Glymin Terra Selasi\.trae\extensions\pivotal.vscode-spring-boot-1.43.0-universal\language-server\BOOT-INF\lib\commons-compress-1.22.jar;c:\Users\Glymin Terra Selasi\.trae\extensions\pivotal.vscode-spring-boot-1.43.0-universal\language-server\BOOT-INF\lib\commons-io-2.4.jar;c:\Users\Glymin Terra Selasi\.trae\extensions\pivotal.vscode-spring-boot-1.43.0-universal\language-server\BOOT-INF\lib\commons-java-1.43.0-SNAPSHOT.jar;c:\Users\Glymin Terra Selasi\.trae\extensions\pivotal.vscode-spring-boot-1.43.0-universal\language-server\BOOT-INF\lib\commons-lang3-3.12.0.jar;c:\Users\Glymin Terra Selasi\.trae\extensions\pivotal.vscode-spring-boot-1.43.0-universal\language-server\BOOT-INF\lib\commons-language-server-1.43.0-SNAPSHOT.jar;c:\Users\Glymin Terra Selasi\.trae\extensions\pivotal.vscode-spring-boot-1.43.0-universal\language-server\BOOT-INF\lib\commons-lsp-extensions-1.43.0-SNAPSHOT.jar;c:\Users\Glymin Terra Selasi\.trae\extensions\pivotal.vscode-spring-boot-1.43.0-universal\language-server\BOOT-INF\lib\commons-rewrite-1.43.0-SNAPSHOT.jar;c:\Users\Glymin Terra Selasi\.trae\extensions\pivotal.vscode-spring-boot-1.43.0-universal\language-server\BOOT-INF\lib\commons-text-1.10.0.jar;c:\Users\Glymin Terra Selasi\.trae\extensions\pivotal.vscode-spring-boot-1.43.0-universal\language-server\BOOT-INF\lib\commons-util-1.43.0-SNAPSHOT.jar;c:\Users\Glymin Terra Selasi\.trae\extensions\pivotal.vscode-spring-boot-1.43.0-universal\language-server\BOOT-INF\lib\commons-yaml-1.43.0-SNAPSHOT.jar;c:\Users\Glymin Terra Selasi\.trae\extensions\pivotal.vscode-spring-boot-1.43.0-universal\language-server\BOOT-INF\lib\cucumber-core-7.9.0.jar;c:\Users\Glymin Terra Selasi\.trae\extensions\pivotal.vscode-spring-boot-1.43.0-universal\language-server\BOOT-INF\lib\cucumber-expressions-16.0.0.jar;c:\Users\Glymin Terra Selasi\.trae\extensions\pivotal.vscode-spring-boot-1.43.0-universal\language-server\BOOT-INF\lib\cucumber-gherkin-7.9.0.jar;c:\Users\Glymin Terra Selasi\.trae\extensions\pivotal.vscode-spring-boot-1.43.0-universal\language-server\BOOT-INF\lib\cucumber-gherkin-messages-7.9.0.jar;c:\Users\Glymin Terra Selasi\.trae\extensions\pivotal.vscode-spring-boot-1.43.0-universal\language-server\BOOT-INF\lib\cucumber-java-7.9.0.jar;c:\Users\Glymin Terra Selasi\.trae\extensions\pivotal.vscode-spring-boot-1.43.0-universal\language-server\BOOT-INF\lib\cucumber-java8-7.9.0.jar;c:\Users\Glymin Terra Selasi\.trae\extensions\pivotal.vscode-spring-boot-1.43.0-universal\language-server\BOOT-INF\lib\cucumber-junit-platform-engine-7.9.0.jar;c:\Users\Glymin Terra Selasi\.trae\extensions\pivotal.vscode-spring-boot-1.43.0-universal\language-server\BOOT-INF\lib\cucumber-plugin-7.9.0.jar;c:\Users\Glymin Terra Selasi\.trae\extensions\pivotal.vscode-spring-boot-1.43.0-universal\language-server\BOOT-INF\lib\datatable-7.9.0.jar;c:\Users\Glymin Terra Selasi\.trae\extensions\pivotal.vscode-spring-boot-1.43.0-universal\language-server\BOOT-INF\lib\docstring-7.9.0.jar;c:\Users\Glymin Terra Selasi\.trae\extensions\pivotal.vscode-spring-boot-1.43.0-universal\language-server\BOOT-INF\lib\error_prone_annotations-2.11.0.jar;c:\Users\Glymin Terra Selasi\.trae\extensions\pivotal.vscode-spring-boot-1.43.0-universal\language-server\BOOT-INF\lib\failureaccess-1.0.1.jar;c:\Users\Glymin Terra Selasi\.trae\extensions\pivotal.vscode-spring-boot-1.43.0-universal\language-server\BOOT-INF\lib\fastfilter-1.0.2.jar;c:\Users\Glymin Terra Selasi\.trae\extensions\pivotal.vscode-spring-boot-1.43.0-universal\language-server\BOOT-INF\lib\gherkin-24.1.0.jar;c:\Users\Glymin Terra Selasi\.trae\extensions\pivotal.vscode-spring-boot-1.43.0-universal\language-server\BOOT-INF\lib\gizmo-1.0.11.Final.jar;c:\Users\Glymin Terra Selasi\.trae\extensions\pivotal.vscode-spring-boot-1.43.0-universal\language-server\BOOT-INF\lib\gson-2.9.1.jar;c:\Users\Glymin Terra Selasi\.trae\extensions\pivotal.vscode-spring-boot-1.43.0-universal\language-server\BOOT-INF\lib\guava-31.1-jre.jar;c:\Users\Glymin Terra Selasi\.trae\extensions\pivotal.vscode-spring-boot-1.43.0-universal\language-server\BOOT-INF\lib\hamcrest-2.2.jar;c:\Users\Glymin Terra Selasi\.trae\extensions\pivotal.vscode-spring-boot-1.43.0-universal\language-server\BOOT-INF\lib\HdrHistogram-2.1.12.jar;c:\Users\Glymin Terra Selasi\.trae\extensions\pivotal.vscode-spring-boot-1.43.0-universal\language-server\BOOT-INF\lib\html-formatter-20.1.0.jar;c:\Users\Glymin Terra Selasi\.trae\extensions\pivotal.vscode-spring-boot-1.43.0-universal\language-server\BOOT-INF\lib\icu4j-69.1.jar;c:\Users\Glymin Terra Selasi\.trae\extensions\pivotal.vscode-spring-boot-1.43.0-universal\language-server\BOOT-INF\lib\j2objc-annotations-1.3.jar;c:\Users\Glymin Terra Selasi\.trae\extensions\pivotal.vscode-spring-boot-1.43.0-universal\language-server\BOOT-INF\lib\jackson-annotations-2.14.1.jar;c:\Users\Glymin Terra Selasi\.trae\extensions\pivotal.vscode-spring-boot-1.43.0-universal\language-server\BOOT-INF\lib\jackson-core-2.14.1.jar;c:\Users\Glymin Terra Selasi\.trae\extensions\pivotal.vscode-spring-boot-1.43.0-universal\language-server\BOOT-INF\lib\jackson-databind-2.14.1.jar;c:\Users\Glymin Terra Selasi\.trae\extensions\pivotal.vscode-spring-boot-1.43.0-universal\language-server\BOOT-INF\lib\jackson-dataformat-smile-2.14.1.jar;c:\Users\Glymin Terra Selasi\.trae\extensions\pivotal.vscode-spring-boot-1.43.0-universal\language-server\BOOT-INF\lib\jackson-dataformat-xml-2.14.1.jar;c:\Users\Glymin Terra Selasi\.trae\extensions\pivotal.vscode-spring-boot-1.43.0-universal\language-server\BOOT-INF\lib\jackson-datatype-jdk8-2.14.1.jar;c:\Users\Glymin Terra Selasi\.trae\extensions\pivotal.vscode-spring-boot-1.43.0-universal\language-server\BOOT-INF\lib\jackson-module-jaxb-annotations-2.14.1.jar;c:\Users\Glymin Terra Selasi\.trae\extensions\pivotal.vscode-spring-boot-1.43.0-universal\language-server\BOOT-INF\lib\jackson-module-parameter-names-2.14.1.jar;c:\Users\Glymin Terra Selasi\.trae\extensions\pivotal.vscode-spring-boot-1.43.0-universal\language-server\BOOT-INF\lib\jakarta.activation-api-2.1.0.jar;c:\Users\Glymin Terra Selasi\.trae\extensions\pivotal.vscode-spring-boot-1.43.0-universal\language-server\BOOT-INF\lib\jakarta.annotation-api-2.1.1.jar;c:\Users\Glymin Terra Selasi\.trae\extensions\pivotal.vscode-spring-boot-1.43.0-universal\language-server\BOOT-INF\lib\jakarta.xml.bind-api-4.0.0.jar;c:\Users\Glymin Terra Selasi\.trae\extensions\pivotal.vscode-spring-boot-1.43.0-universal\language-server\BOOT-INF\lib\jandex-2.0.5.Final.jar;c:\Users\Glymin Terra Selasi\.trae\extensions\pivotal.vscode-spring-boot-1.43.0-universal\language-server\BOOT-INF\lib\java-object-diff-0.95.jar;c:\Users\Glymin Terra Selasi\.trae\extensions\pivotal.vscode-spring-boot-1.43.0-universal\language-server\BOOT-INF\lib\java-properties-1.43.0-SNAPSHOT.jar;c:\Users\Glymin Terra Selasi\.trae\extensions\pivotal.vscode-spring-boot-1.43.0-universal\language-server\BOOT-INF\lib\javax.activation-api-1.2.0.jar;c:\Users\Glymin Terra Selasi\.trae\extensions\pivotal.vscode-spring-boot-1.43.0-universal\language-server\BOOT-INF\lib\javax.inject-1.jar;c:\Users\Glymin Terra Selasi\.trae\extensions\pivotal.vscode-spring-boot-1.43.0-universal\language-server\BOOT-INF\lib\javax.json-1.0.4.jar;c:\Users\Glymin Terra Selasi\.trae\extensions\pivotal.vscode-spring-boot-1.43.0-universal\language-server\BOOT-INF\lib\javolution-core-java-6.0.0.jar;c:\Users\Glymin Terra Selasi\.trae\extensions\pivotal.vscode-spring-boot-1.43.0-universal\language-server\BOOT-INF\lib\jaxb-api-2.3.1.jar;c:\Users\Glymin Terra Selasi\.trae\extensions\pivotal.vscode-spring-boot-1.43.0-universal\language-server\BOOT-INF\lib\jna-5.12.1.jar;c:\Users\Glymin Terra Selasi\.trae\extensions\pivotal.vscode-spring-boot-1.43.0-universal\language-server\BOOT-INF\lib\jna-platform-5.12.1.jar;c:\Users\Glymin Terra Selasi\.trae\extensions\pivotal.vscode-spring-boot-1.43.0-universal\language-server\BOOT-INF\lib\json-20160810.jar;c:\Users\Glymin Terra Selasi\.trae\extensions\pivotal.vscode-spring-boot-1.43.0-universal\language-server\BOOT-INF\lib\jsoup-1.9.2.jar;c:\Users\Glymin Terra Selasi\.trae\extensions\pivotal.vscode-spring-boot-1.43.0-universal\language-server\BOOT-INF\lib\jsr305-3.0.2.jar;c:\Users\Glymin Terra Selasi\.trae\extensions\pivotal.vscode-spring-boot-1.43.0-universal\language-server\BOOT-INF\lib\jul-to-slf4j-2.0.4.jar;c:\Users\Glymin Terra Selasi\.trae\extensions\pivotal.vscode-spring-boot-1.43.0-universal\language-server\BOOT-INF\lib\junit-jupiter-params-5.9.1.jar;c:\Users\Glymin Terra Selasi\.trae\extensions\pivotal.vscode-spring-boot-1.43.0-universal\language-server\BOOT-INF\lib\junit-platform-commons-1.9.1.jar;c:\Users\Glymin Terra Selasi\.trae\extensions\pivotal.vscode-spring-boot-1.43.0-universal\language-server\BOOT-INF\lib\junit-platform-engine-1.9.1.jar;c:\Users\Glymin Terra Selasi\.trae\extensions\pivotal.vscode-spring-boot-1.43.0-universal\language-server\BOOT-INF\lib\junit-platform-suite-api-1.9.1.jar;c:\Users\Glymin Terra Selasi\.trae\extensions\pivotal.vscode-spring-boot-1.43.0-universal\language-server\BOOT-INF\lib\language-server-starter-1.43.0-SNAPSHOT.jar;c:\Users\Glymin Terra Selasi\.trae\extensions\pivotal.vscode-spring-boot-1.43.0-universal\language-server\BOOT-INF\lib\LatencyUtils-2.0.3.jar;c:\Users\Glymin Terra Selasi\.trae\extensions\pivotal.vscode-spring-boot-1.43.0-universal\language-server\BOOT-INF\lib\listenablefuture-9999.0-empty-to-avoid-conflict-with-guava.jar;c:\Users\Glymin Terra Selasi\.trae\extensions\pivotal.vscode-spring-boot-1.43.0-universal\language-server\BOOT-INF\lib\log4j-api-2.19.0.jar;c:\Users\Glymin Terra Selasi\.trae\extensions\pivotal.vscode-spring-boot-1.43.0-universal\language-server\BOOT-INF\lib\log4j-to-slf4j-2.19.0.jar;c:\Users\Glymin Terra Selasi\.trae\extensions\pivotal.vscode-spring-boot-1.43.0-universal\language-server\BOOT-INF\lib\logback-classic-1.4.5.jar;c:\Users\Glymin Terra Selasi\.trae\extensions\pivotal.vscode-spring-boot-1.43.0-universal\language-server\BOOT-INF\lib\logback-core-1.4.5.jar;c:\Users\Glymin Terra Selasi\.trae\extensions\pivotal.vscode-spring-boot-1.43.0-universal\language-server\BOOT-INF\lib\messages-19.1.4.jar;c:\Users\Glymin Terra Selasi\.trae\extensions\pivotal.vscode-spring-boot-1.43.0-universal\language-server\BOOT-INF\lib\micrometer-commons-1.10.2.jar;c:\Users\Glymin Terra Selasi\.trae\extensions\pivotal.vscode-spring-boot-1.43.0-universal\language-server\BOOT-INF\lib\micrometer-core-1.10.2.jar;c:\Users\Glymin Terra Selasi\.trae\extensions\pivotal.vscode-spring-boot-1.43.0-universal\language-server\BOOT-INF\lib\micrometer-observation-1.10.2.jar;c:\Users\Glymin Terra Selasi\.trae\extensions\pivotal.vscode-spring-boot-1.43.0-universal\language-server\BOOT-INF\lib\opentest4j-1.2.0.jar;c:\Users\Glymin Terra Selasi\.trae\extensions\pivotal.vscode-spring-boot-1.43.0-universal\language-server\BOOT-INF\lib\org.abego.treelayout.core-1.0.3.jar;c:\Users\Glymin Terra Selasi\.trae\extensions\pivotal.vscode-spring-boot-1.43.0-universal\language-server\BOOT-INF\lib\org.eclipse.core.commands-3.10.300.jar;c:\Users\Glymin Terra Selasi\.trae\extensions\pivotal.vscode-spring-boot-1.43.0-universal\language-server\BOOT-INF\lib\org.eclipse.core.contenttype-3.8.200.jar;c:\Users\Glymin Terra Selasi\.trae\extensions\pivotal.vscode-spring-boot-1.43.0-universal\language-server\BOOT-INF\lib\org.eclipse.core.expressions-3.8.200.jar;c:\Users\Glymin Terra Selasi\.trae\extensions\pivotal.vscode-spring-boot-1.43.0-universal\language-server\BOOT-INF\lib\org.eclipse.core.filesystem-1.9.500.jar;c:\Users\Glymin Terra Selasi\.trae\extensions\pivotal.vscode-spring-boot-1.43.0-universal\language-server\BOOT-INF\lib\org.eclipse.core.jobs-3.13.200.jar;c:\Users\Glymin Terra Selasi\.trae\extensions\pivotal.vscode-spring-boot-1.43.0-universal\language-server\BOOT-INF\lib\org.eclipse.core.resources-3.18.100.jar;c:\Users\Glymin Terra Selasi\.trae\extensions\pivotal.vscode-spring-boot-1.43.0-universal\language-server\BOOT-INF\lib\org.eclipse.core.runtime-3.26.100.jar;c:\Users\Glymin Terra Selasi\.trae\extensions\pivotal.vscode-spring-boot-1.43.0-universal\language-server\BOOT-INF\lib\org.eclipse.equinox.app-1.6.200.jar;c:\Users\Glymin Terra Selasi\.trae\extensions\pivotal.vscode-spring-boot-1.43.0-universal\language-server\BOOT-INF\lib\org.eclipse.equinox.common-3.17.0.jar;c:\Users\Glymin Terra Selasi\.trae\extensions\pivotal.vscode-spring-boot-1.43.0-universal\language-server\BOOT-INF\lib\org.eclipse.equinox.preferences-3.10.1.jar;c:\Users\Glymin Terra Selasi\.trae\extensions\pivotal.vscode-spring-boot-1.43.0-universal\language-server\BOOT-INF\lib\org.eclipse.equinox.registry-3.11.200.jar;c:\Users\Glymin Terra Selasi\.trae\extensions\pivotal.vscode-spring-boot-1.43.0-universal\language-server\BOOT-INF\lib\org.eclipse.jdt.core-3.32.0.jar;c:\Users\Glymin Terra Selasi\.trae\extensions\pivotal.vscode-spring-boot-1.43.0-universal\language-server\BOOT-INF\lib\org.eclipse.lemminx-0.13.1.jar;c:\Users\Glymin Terra Selasi\.trae\extensions\pivotal.vscode-spring-boot-1.43.0-universal\language-server\BOOT-INF\lib\org.eclipse.lsp4j-0.19.0.jar;c:\Users\Glymin Terra Selasi\.trae\extensions\pivotal.vscode-spring-boot-1.43.0-universal\language-server\BOOT-INF\lib\org.eclipse.lsp4j.generator-0.19.0.jar;c:\Users\Glymin Terra Selasi\.trae\extensions\pivotal.vscode-spring-boot-1.43.0-universal\language-server\BOOT-INF\lib\org.eclipse.lsp4j.jsonrpc-0.19.0.jar;c:\Users\Glymin Terra Selasi\.trae\extensions\pivotal.vscode-spring-boot-1.43.0-universal\language-server\BOOT-INF\lib\org.eclipse.osgi-3.18.200.jar;c:\Users\Glymin Terra Selasi\.trae\extensions\pivotal.vscode-spring-boot-1.43.0-universal\language-server\BOOT-INF\lib\org.eclipse.text-3.12.300.jar;c:\Users\Glymin Terra Selasi\.trae\extensions\pivotal.vscode-spring-boot-1.43.0-universal\language-server\BOOT-INF\lib\org.eclipse.xtend.lib-2.28.0.jar;c:\Users\Glymin Terra Selasi\.trae\extensions\pivotal.vscode-spring-boot-1.43.0-universal\language-server\BOOT-INF\lib\org.eclipse.xtend.lib.macro-2.28.0.jar;c:\Users\Glymin Terra Selasi\.trae\extensions\pivotal.vscode-spring-boot-1.43.0-universal\language-server\BOOT-INF\lib\org.eclipse.xtext.xbase.lib-2.28.0.jar;c:\Users\Glymin Terra Selasi\.trae\extensions\pivotal.vscode-spring-boot-1.43.0-universal\language-server\BOOT-INF\lib\org.json-1.0.0-SNAPSHOT.jar;c:\Users\Glymin Terra Selasi\.trae\extensions\pivotal.vscode-spring-boot-1.43.0-universal\language-server\BOOT-INF\lib\org.osgi.service.prefs-1.1.2.jar;c:\Users\Glymin Terra Selasi\.trae\extensions\pivotal.vscode-spring-boot-1.43.0-universal\language-server\BOOT-INF\lib\osgi.annotation-8.0.1.jar;c:\Users\Glymin Terra Selasi\.trae\extensions\pivotal.vscode-spring-boot-1.43.0-universal\language-server\BOOT-INF\lib\reactive-streams-1.0.4.jar;c:\Users\Glymin Terra Selasi\.trae\extensions\pivotal.vscode-spring-boot-1.43.0-universal\language-server\BOOT-INF\lib\reactor-core-3.5.0.jar;c:\Users\Glymin Terra Selasi\.trae\extensions\pivotal.vscode-spring-boot-1.43.0-universal\language-server\BOOT-INF\lib\remark-1.0.0.jar;c:\Users\Glymin Terra Selasi\.trae\extensions\pivotal.vscode-spring-boot-1.43.0-universal\language-server\BOOT-INF\lib\resilience4j-core-1.7.0.jar;c:\Users\Glymin Terra Selasi\.trae\extensions\pivotal.vscode-spring-boot-1.43.0-universal\language-server\BOOT-INF\lib\resilience4j-retry-1.7.0.jar;c:\Users\Glymin Terra Selasi\.trae\extensions\pivotal.vscode-spring-boot-1.43.0-universal\language-server\BOOT-INF\lib\rewrite-core-7.34.0.jar;c:\Users\Glymin Terra Selasi\.trae\extensions\pivotal.vscode-spring-boot-1.43.0-universal\language-server\BOOT-INF\lib\rewrite-java-11-7.34.0.jar;c:\Users\Glymin Terra Selasi\.trae\extensions\pivotal.vscode-spring-boot-1.43.0-universal\language-server\BOOT-INF\lib\rewrite-java-17-7.34.0.jar;c:\Users\Glymin Terra Selasi\.trae\extensions\pivotal.vscode-spring-boot-1.43.0-universal\language-server\BOOT-INF\lib\rewrite-java-7.34.0.jar;c:\Users\Glymin Terra Selasi\.trae\extensions\pivotal.vscode-spring-boot-1.43.0-universal\language-server\BOOT-INF\lib\rewrite-java-8-7.34.0.jar;c:\Users\Glymin Terra Selasi\.trae\extensions\pivotal.vscode-spring-boot-1.43.0-universal\language-server\BOOT-INF\lib\rewrite-maven-7.34.0.jar;c:\Users\Glymin Terra Selasi\.trae\extensions\pivotal.vscode-spring-boot-1.43.0-universal\language-server\BOOT-INF\lib\rewrite-migrate-java-1.15.0.jar;c:\Users\Glymin Terra Selasi\.trae\extensions\pivotal.vscode-spring-boot-1.43.0-universal\language-server\BOOT-INF\lib\rewrite-properties-7.34.0.jar;c:\Users\Glymin Terra Selasi\.trae\extensions\pivotal.vscode-spring-boot-1.43.0-universal\language-server\BOOT-INF\lib\rewrite-spring-4.31.0.jar;c:\Users\Glymin Terra Selasi\.trae\extensions\pivotal.vscode-spring-boot-1.43.0-universal\language-server\BOOT-INF\lib\rewrite-testing-frameworks-1.32.0.jar;c:\Users\Glymin Terra Selasi\.trae\extensions\pivotal.vscode-spring-boot-1.43.0-universal\language-server\BOOT-INF\lib\rewrite-xml-7.34.0.jar;c:\Users\Glymin Terra Selasi\.trae\extensions\pivotal.vscode-spring-boot-1.43.0-universal\language-server\BOOT-INF\lib\rewrite-yaml-7.34.0.jar;c:\Users\Glymin Terra Selasi\.trae\extensions\pivotal.vscode-spring-boot-1.43.0-universal\language-server\BOOT-INF\lib\slf4j-api-2.0.4.jar;c:\Users\Glymin Terra Selasi\.trae\extensions\pivotal.vscode-spring-boot-1.43.0-universal\language-server\BOOT-INF\lib\snakeyaml-1.33.jar;c:\Users\Glymin Terra Selasi\.trae\extensions\pivotal.vscode-spring-boot-1.43.0-universal\language-server\BOOT-INF\lib\snappy-java-1.1.8.4.jar;c:\Users\Glymin Terra Selasi\.trae\extensions\pivotal.vscode-spring-boot-1.43.0-universal\language-server\BOOT-INF\lib\spring-aop-6.0.2.jar;c:\Users\Glymin Terra Selasi\.trae\extensions\pivotal.vscode-spring-boot-1.43.0-universal\language-server\BOOT-INF\lib\spring-beans-6.0.2.jar;c:\Users\Glymin Terra Selasi\.trae\extensions\pivotal.vscode-spring-boot-1.43.0-universal\language-server\BOOT-INF\lib\spring-boot-3.0.0.jar;c:\Users\Glymin Terra Selasi\.trae\extensions\pivotal.vscode-spring-boot-1.43.0-universal\language-server\BOOT-INF\lib\spring-boot-autoconfigure-3.0.0.jar;c:\Users\Glymin Terra Selasi\.trae\extensions\pivotal.vscode-spring-boot-1.43.0-universal\language-server\BOOT-INF\lib\spring-boot-jarmode-layertools-3.0.0.jar;c:\Users\Glymin Terra Selasi\.trae\extensions\pivotal.vscode-spring-boot-1.43.0-universal\language-server\BOOT-INF\lib\spring-context-6.0.2.jar;c:\Users\Glymin Terra Selasi\.trae\extensions\pivotal.vscode-spring-boot-1.43.0-universal\language-server\BOOT-INF\lib\spring-context-indexer-6.0.2.jar;c:\Users\Glymin Terra Selasi\.trae\extensions\pivotal.vscode-spring-boot-1.43.0-universal\language-server\BOOT-INF\lib\spring-core-6.0.2.jar;c:\Users\Glymin Terra Selasi\.trae\extensions\pivotal.vscode-spring-boot-1.43.0-universal\language-server\BOOT-INF\lib\spring-expression-6.0.2.jar;c:\Users\Glymin Terra Selasi\.trae\extensions\pivotal.vscode-spring-boot-1.43.0-universal\language-server\BOOT-INF\lib\spring-jcl-6.0.2.jar;c:\Users\Glymin Terra Selasi\.trae\extensions\pivotal.vscode-spring-boot-1.43.0-universal\language-server\BOOT-INF\lib\spring-web-6.0.2.jar;c:\Users\Glymin Terra Selasi\.trae\extensions\pivotal.vscode-spring-boot-1.43.0-universal\language-server\BOOT-INF\lib\ST4-4.3.1.jar;c:\Users\Glymin Terra Selasi\.trae\extensions\pivotal.vscode-spring-boot-1.43.0-universal\language-server\BOOT-INF\lib\stax2-api-4.2.1.jar;c:\Users\Glymin Terra Selasi\.trae\extensions\pivotal.vscode-spring-boot-1.43.0-universal\language-server\BOOT-INF\lib\tag-expressions-4.1.0.jar;c:\Users\Glymin Terra Selasi\.trae\extensions\pivotal.vscode-spring-boot-1.43.0-universal\language-server\BOOT-INF\lib\typetools-0.6.3.jar;c:\Users\Glymin Terra Selasi\.trae\extensions\pivotal.vscode-spring-boot-1.43.0-universal\language-server\BOOT-INF\lib\vavr-0.10.2.jar;c:\Users\Glymin Terra Selasi\.trae\extensions\pivotal.vscode-spring-boot-1.43.0-universal\language-server\BOOT-INF\lib\vavr-match-0.10.2.jar;c:\Users\Glymin Terra Selasi\.trae\extensions\pivotal.vscode-spring-boot-1.43.0-universal\language-server\BOOT-INF\lib\woodstox-core-6.4.0.jar;c:\Users\Glymin Terra Selasi\.trae\extensions\pivotal.vscode-spring-boot-1.43.0-universal\language-server\BOOT-INF\lib\xercesImpl-2.12.0.jar;c:\Users\Glymin Terra Selasi\.trae\extensions\pivotal.vscode-spring-boot-1.43.0-universal\language-server\BOOT-INF\lib\xml-apis-1.4.01.jar;c:\Users\Glymin Terra Selasi\.trae\extensions\pivotal.vscode-spring-boot-1.43.0-universal\language-server\BOOT-INF\lib\xml-resolver-1.2.jar
Launcher Type: SUN_STANDARD

[Global flags]
     intx CICompilerCount                          = 4                                         {product} {ergonomic}
     uint ConcGCThreads                            = 2                                         {product} {ergonomic}
     uint G1ConcRefinementThreads                  = 8                                         {product} {ergonomic}
   size_t G1HeapRegionSize                         = 1048576                                   {product} {ergonomic}
    uintx GCDrainStackTargetSize                   = 64                                        {product} {ergonomic}
   size_t InitialHeapSize                          = 130023424                                 {product} {ergonomic}
   size_t MarkStackSize                            = 4194304                                   {product} {ergonomic}
   size_t MaxHeapSize                              = 2080374784                                {product} {ergonomic}
   size_t MaxNewSize                               = 1247805440                                {product} {ergonomic}
   size_t MinHeapDeltaBytes                        = 1048576                                   {product} {ergonomic}
   size_t MinHeapSize                              = 8388608                                   {product} {ergonomic}
    uintx NonNMethodCodeHeapSize                   = 4096                                   {pd product} {ergonomic}
    uintx NonProfiledCodeHeapSize                  = 0                                      {pd product} {ergonomic}
     bool ProfileInterpreter                       = false                                  {pd product} {command line}
    uintx ProfiledCodeHeapSize                     = 0                                      {pd product} {ergonomic}
   size_t SoftMaxHeapSize                          = 2080374784                             {manageable} {ergonomic}
     intx TieredStopAtLevel                        = 1                                         {product} {command line}
     bool UseCompressedOops                        = true                           {product lp64_product} {ergonomic}
     bool UseG1GC                                  = true                                      {product} {ergonomic}
     bool UseLargePagesIndividualAllocation        = false                                  {pd product} {ergonomic}

Logging:
Log output configuration:
 #0: stdout all=warning,jni+resolve=off uptime,level,tags foldmultilines=false
 #1: stderr all=off uptime,level,tags foldmultilines=false

Release file:
JAVA_VERSION="21.0.9" 
MODULES="java.base java.compiler java.datatransfer java.xml java.prefs java.desktop java.instrument java.logging java.management java.security.sasl java.naming java.rmi java.management.rmi java.net.http java.scripting java.security.jgss java.transaction.xa java.sql java.sql.rowset java.xml.crypto java.se java.smartcardio jdk.accessibility jdk.internal.jvmstat jdk.attach jdk.charsets jdk.internal.opt jdk.zipfs jdk.compiler jdk.crypto.ec jdk.crypto.cryptoki jdk.crypto.mscapi jdk.dynalink jdk.internal.ed jdk.editpad jdk.hotspot.agent jdk.httpserver jdk.internal.le jdk.internal.vm.ci jdk.internal.vm.compiler jdk.internal.vm.compiler.management jdk.jartool jdk.javadoc jdk.jcmd jdk.management jdk.management.agent jdk.jconsole jdk.jdeps jdk.jdwp.agent jdk.jdi jdk.jfr jdk.jshell jdk.jsobject jdk.jstatd jdk.localedata jdk.management.jfr jdk.naming.dns jdk.naming.rmi jdk.net jdk.nio.mapmode jdk.random jdk.sctp jdk.security.auth jdk.security.jgss jdk.unsupported jdk.unsupported.desktop jdk.xml.dom" 

Environment Variables:
JAVA_HOME=C:\Program Files\jdk-23.0.1
PATH=c:\Users\Glymin Terra Selasi\.trae\tools\trae-gopls\current;c:\Users\Glymin Terra Selasi\.trae\sdks\workspaces\9c0f5ab8\versions\node\current;c:\Users\Glymin Terra Selasi\.trae\sdks\versions\node\current;C:\Python312\Scripts\;C:\Python312\;C:\WINDOWS\system32;C:\WINDOWS;C:\WINDOWS\System32\Wbem;C:\WINDOWS\System32\WindowsPowerShell\v1.0\;C:\WINDOWS\System32\OpenSSH\;C:\Program Files\dotnet\;C:\ProgramData\chocolatey\bin;C:\Program Files (x86)\Microsoft SQL Server\160\Tools\Binn\;C:\Program Files\Microsoft SQL Server\160\Tools\Binn\;C:\Program Files\Microsoft SQL Server\Client SDK\ODBC\170\Tools\Binn\;C:\Program Files\Microsoft SQL Server\160\DTS\Binn\;C:\Program Files\php-8.3.12;C:\Program Files\php-8.3.12\php;C:\xampp\php;C:\Users\Glymin Terra Selasi\AppData\Local\Yarn\bin;C:\Program Files\PostgreSQL\15\bin;C:\Program Files\Git\cmd;C:\Program Files\jdk-23.0.1\bin;C:\Program Files\PostgreSQL\12\bin;C:\Program Files (x86)\cloudflared\;C:\Windows\System32;C:\composer;C:\Users\Glymin Terra Selasi\AppData\Roaming\npm;C:\Users\Glymin Terra Selasi\AppData\Roaming\nvm;C:\Program Files\nodejs;C:\xampp\mysql\bin;C:\Program Files\apache-maven-3.9.11\bin;C:\Python312\Scripts\;C:\Python312\;C:\WINDOWS\system32;C:\WINDOWS;C:\WINDOWS\System32\Wbem;C:\WINDOWS\System32\WindowsPowerShell\v1.0\;C:\WINDOWS\System32\OpenSSH\;C:\Program Files\dotnet\;C:\ProgramData\chocolatey\bin;C:\Program Files (x86)\Microsoft SQL Server\160\Tools\Binn\;C:\Program Files\Microsoft SQL Server\160\Tools\Binn\;C:\Program Files\Microsoft SQL Server\Client SDK\ODBC\170\Tools\Binn\;C:\Program Files\Microsoft SQL Server\160\DTS\Binn\;C:\Program Files (x86)\Microsoft SQL Server\160\DTS\Binn\;C:\Program Files\php-8.3.12;C:\Program Files\php-8.3.12\php;C:\xampp\php;C:\Users\Glymin Terra Selasi\AppData\Local\Yarn\bin;C:\Program Files\PostgreSQL\15\bin;C:\Program Files\Git\cmd;C:\Program Files\jdk-23.0.1\bin;C:\Program Files\PostgreSQL\12\bin;C:\Program Files (x86)\cloudflared\;C:\Windows\System32;C:\composer;C:\Users\Glymin Terra Selasi\AppData\Local\Microsoft\WindowsApps;C:\Users\Glymin Terra Selasi\AppData\Local\Programs\Microsoft VS Code\bin;C:\Users\Glymin Terra Sela;C:\Users\Glymin Terra Selasi\AppData\Roaming\npm;C:\Users\Glymin Terra Selasi\AppData\Roaming\nvm;C:\Program Files\nodejs;C:\Users\Glymin Terra Selasi\AppData\Local\Microsoft\WindowsApps;C:\Users\Glymin Terra Selasi\AppData\Local\Programs\Antigravity\bin;c:\Users\Glymin Terra Selasi\AppData\Local\Programs\Trae1\resources\app\bin\lib
USERNAME=Glymin Terra Selasi
OS=Windows_NT
PROCESSOR_IDENTIFIER=Intel64 Family 6 Model 140 Stepping 1, GenuineIntel
TMP=C:\Users\GLYMIN~1\AppData\Local\Temp
TEMP=C:\Users\GLYMIN~1\AppData\Local\Temp




Periodic native trim disabled

---------------  S Y S T E M  ---------------

OS:
 Windows 11 , 64 bit Build 26100 (10.0.26100.6725)
OS uptime: 0 days 23:55 hours
Hyper-V role detected

CPU: total 8 (initial active 8) (4 cores per cpu, 2 threads per core) family 6 model 140 stepping 1 microcode 0xbe, cx8, cmov, fxsr, ht, mmx, 3dnowpref, sse, sse2, sse3, ssse3, sse4.1, sse4.2, popcnt, lzcnt, tsc, tscinvbit, avx, avx2, aes, erms, clmul, bmi1, bmi2, adx, avx512f, avx512dq, avx512cd, avx512bw, avx512vl, sha, fma, vzeroupper, avx512_vpopcntdq, avx512_vpclmulqdq, avx512_vaes, avx512_vnni, clflush, clflushopt, clwb, avx512_vbmi2, avx512_vbmi, hv, rdtscp, rdpid, fsrm, gfni, avx512_bitalg, f16c, cet_ibt, cet_ss, avx512_ifma
Processor Information for the first 8 processors :
  Max Mhz: 2419, Current Mhz: 2419, Mhz Limit: 2419

Memory: 4k page, system-wide physical 7934M (431M free)
TotalPageFile size 32263M (AvailPageFile size 6M)
current process WorkingSet (physical memory assigned to process): 182M, peak: 182M
current process commit charge ("private bytes"): 223M, peak: 265M

vm_info: OpenJDK 64-Bit Server VM (21.0.9+10-LTS) for windows-amd64 JRE (21.0.9+10-LTS), built on 2025-10-21T00:00:00Z by "admin" with unknown MS VC++:1942

END.
