#
# There is insufficient memory for the Java Runtime Environment to continue.
# Native memory allocation (malloc) failed to allocate 134416 bytes. Error detail: Chunk::new
# Possible reasons:
#   The system is out of physical RAM or swap space
#   This process is running with CompressedOops enabled, and the Java Heap may be blocking the growth of the native heap
# Possible solutions:
#   Reduce memory load on the system
#   Increase physical memory or swap space
#   Check if swap backing store is full
#   Decrease Java heap size (-Xmx/-Xms)
#   Decrease number of Java threads
#   Decrease Java thread stack sizes (-Xss)
#   Set larger code cache with -XX:ReservedCodeCacheSize=
#   JVM is running with Unscaled Compressed Oops mode in which the Java heap is
#     placed in the first 4GB address space. The Java Heap base address is the
#     maximum limit for the native heap growth. Please use -XX:HeapBaseMinAddress
#     to set the Java Heap base and to place the Java Heap above 4GB virtual address.
# This output file may be truncated or incomplete.
#
#  Out of Memory Error (arena.cpp:168), pid=26760, tid=22132
#
# JRE version: OpenJDK Runtime Environment Temurin-21.0.9+10 (21.0.9+10) (build 21.0.9+10-LTS)
# Java VM: OpenJDK 64-Bit Server VM Temurin-21.0.9+10 (21.0.9+10-LTS, mixed mode, sharing, tiered, compressed oops, compressed class ptrs, parallel gc, windows-amd64)
# No core dump will be written. Minidumps are not enabled by default on client versions of Windows
#

---------------  S U M M A R Y ------------

Command Line: --add-modules=ALL-SYSTEM --add-opens=java.base/java.util=ALL-UNNAMED --add-opens=java.base/java.lang=ALL-UNNAMED --add-opens=java.base/sun.nio.fs=ALL-UNNAMED -Declipse.application=org.eclipse.jdt.ls.core.id1 -Dosgi.bundles.defaultStartLevel=4 -Declipse.product=org.eclipse.jdt.ls.core.product -Djava.import.generatesMetadataFilesAtProjectRoot=false -DDetectVMInstallationsJob.disabled=true -Dfile.encoding=utf8 -XX:+UseParallelGC -XX:GCTimeRatio=4 -XX:AdaptiveSizePolicyWeight=90 -Dsun.zip.disableMemoryMapping=true -Xmx2G -Xms100m -Xlog:disable -javaagent:c:\Users\Glymin Terra Selasi\.trae\extensions\redhat.java-1.52.0-win32-x64\lombok\lombok-1.18.39-4050.jar -XX:+HeapDumpOnOutOfMemoryError -XX:HeapDumpPath=c:\Users\Glymin Terra Selasi\AppData\Roaming\Trae\User\workspaceStorage\9c0f5ab83e6124a1d6631c99bd31fcfb\redhat.java -Daether.dependencyCollector.impl=bf c:\Users\Glymin Terra Selasi\.trae\extensions\redhat.java-1.52.0-win32-x64\server\plugins\org.eclipse.equinox.launcher_1.7.100.v20251111-0406.jar -configuration c:\Users\Glymin Terra Selasi\AppData\Roaming\Trae\User\globalStorage\redhat.java\1.52.0\config_win -data c:\Users\Glymin Terra Selasi\AppData\Roaming\Trae\User\workspaceStorage\9c0f5ab83e6124a1d6631c99bd31fcfb\redhat.java\jdt_ws --pipe=\\.\pipe\lsp-3087b8e5d4b71c21a1b42bfca393250f-sock

Host: 11th Gen Intel(R) Core(TM) i5-1135G7 @ 2.40GHz, 8 cores, 7G,  Windows 11 , 64 bit Build 26100 (10.0.26100.6725)
Time: Sat Feb 14 13:59:22 2026 Greenwich Standard Time elapsed time: 115.394976 seconds (0d 0h 1m 55s)

---------------  T H R E A D  ---------------

Current thread (0x000001f450f773a0):  JavaThread "C2 CompilerThread0" daemon [_thread_in_native, id=22132, stack(0x000000c56f100000,0x000000c56f200000) (1024K)]


Current CompileTask:
C2:115458 12237 %s    4       java.util.Hashtable::putAll @ 12 (52 bytes)

Stack: [0x000000c56f100000,0x000000c56f200000]
Native frames: (J=compiled Java code, j=interpreted, Vv=VM code, C=native code)
V  [jvm.dll+0x6d6e29]
V  [jvm.dll+0x8b4b76]
V  [jvm.dll+0x8b712e]
V  [jvm.dll+0x8b7813]
V  [jvm.dll+0x283d86]
V  [jvm.dll+0xc66ed]
V  [jvm.dll+0xc6c31]
V  [jvm.dll+0x2facee]
V  [jvm.dll+0x5fde44]
V  [jvm.dll+0x255557]
V  [jvm.dll+0x24d64b]
V  [jvm.dll+0x24b482]
V  [jvm.dll+0x1cb13e]
V  [jvm.dll+0x25b29d]
V  [jvm.dll+0x25982a]
V  [jvm.dll+0x3f7ea6]
V  [jvm.dll+0x85e9ad]
V  [jvm.dll+0x6d565d]
C  [ucrtbase.dll+0x37b0]
C  [KERNEL32.DLL+0x2e8d7]
C  [ntdll.dll+0x8c53c]


---------------  P R O C E S S  ---------------

Threads class SMR info:
_java_thread_list=0x000001f46f6b1070, length=44, elements={
0x000001f44ecd0ec0, 0x000001f450f6cb20, 0x000001f450f6f580, 0x000001f450f712a0,
0x000001f450f71e20, 0x000001f450f75af0, 0x000001f450f76620, 0x000001f450f773a0,
0x000001f46928c750, 0x000001f4694320f0, 0x000001f469540270, 0x000001f469c5d0c0,
0x000001f469ce8500, 0x000001f469c9c380, 0x000001f469c9cdb0, 0x000001f46e4b3800,
0x000001f46e5f97b0, 0x000001f46e5e4490, 0x000001f46edb1770, 0x000001f46e3cd770,
0x000001f46e3cb6a0, 0x000001f46e3cb010, 0x000001f46e3cd0e0, 0x000001f46e3cde00,
0x000001f46e3cc3c0, 0x000001f46e3cbd30, 0x000001f46e3cca50, 0x000001f46ebe36e0,
0x000001f46ebe6b60, 0x000001f46ebe71f0, 0x000001f46ebe3d70, 0x000001f46ebe7880,
0x000001f46ebe4400, 0x000001f46ebe7f10, 0x000001f46ebe4a90, 0x000001f46ebe85a0,
0x000001f46ebe5120, 0x000001f46ebe8c30, 0x000001f46ebe57b0, 0x000001f46ebe92c0,
0x000001f46ebe5e40, 0x000001f46ebe64d0, 0x000001f46ebe9950, 0x000001f46ebe9fe0
}

Java Threads: ( => current thread )
  0x000001f44ecd0ec0 JavaThread "main"                              [_thread_blocked, id=20240, stack(0x000000c56e700000,0x000000c56e800000) (1024K)]
  0x000001f450f6cb20 JavaThread "Reference Handler"          daemon [_thread_blocked, id=16856, stack(0x000000c56eb00000,0x000000c56ec00000) (1024K)]
  0x000001f450f6f580 JavaThread "Finalizer"                  daemon [_thread_blocked, id=26036, stack(0x000000c56ec00000,0x000000c56ed00000) (1024K)]
  0x000001f450f712a0 JavaThread "Signal Dispatcher"          daemon [_thread_blocked, id=17192, stack(0x000000c56ed00000,0x000000c56ee00000) (1024K)]
  0x000001f450f71e20 JavaThread "Attach Listener"            daemon [_thread_blocked, id=18672, stack(0x000000c56ee00000,0x000000c56ef00000) (1024K)]
  0x000001f450f75af0 JavaThread "Service Thread"             daemon [_thread_blocked, id=9684, stack(0x000000c56ef00000,0x000000c56f000000) (1024K)]
  0x000001f450f76620 JavaThread "Monitor Deflation Thread"   daemon [_thread_blocked, id=26368, stack(0x000000c56f000000,0x000000c56f100000) (1024K)]
=>0x000001f450f773a0 JavaThread "C2 CompilerThread0"         daemon [_thread_in_native, id=22132, stack(0x000000c56f100000,0x000000c56f200000) (1024K)]
  0x000001f46928c750 JavaThread "C1 CompilerThread0"         daemon [_thread_blocked, id=17168, stack(0x000000c56f200000,0x000000c56f300000) (1024K)]
  0x000001f4694320f0 JavaThread "Common-Cleaner"             daemon [_thread_blocked, id=19500, stack(0x000000c56f300000,0x000000c56f400000) (1024K)]
  0x000001f469540270 JavaThread "Notification Thread"        daemon [_thread_blocked, id=25740, stack(0x000000c56f400000,0x000000c56f500000) (1024K)]
  0x000001f469c5d0c0 JavaThread "Active Thread: Equinox Container: 0aa0b9ac-5702-4063-913a-85fc6356db67"        [_thread_blocked, id=18132, stack(0x000000c56f500000,0x000000c56f600000) (1024K)]
  0x000001f469ce8500 JavaThread "Refresh Thread: Equinox Container: 0aa0b9ac-5702-4063-913a-85fc6356db67" daemon [_thread_blocked, id=6968, stack(0x000000c56fc00000,0x000000c56fd00000) (1024K)]
  0x000001f469c9c380 JavaThread "Framework Event Dispatcher: Equinox Container: 0aa0b9ac-5702-4063-913a-85fc6356db67" daemon [_thread_blocked, id=4028, stack(0x000000c56fe00000,0x000000c56ff00000) (1024K)]
  0x000001f469c9cdb0 JavaThread "Start Level: Equinox Container: 0aa0b9ac-5702-4063-913a-85fc6356db67" daemon [_thread_blocked, id=15992, stack(0x000000c56ff00000,0x000000c570000000) (1024K)]
  0x000001f46e4b3800 JavaThread "Bundle File Closer"         daemon [_thread_blocked, id=21576, stack(0x000000c570100000,0x000000c570200000) (1024K)]
  0x000001f46e5f97b0 JavaThread "SCR Component Actor"        daemon [_thread_blocked, id=9076, stack(0x000000c570000000,0x000000c570100000) (1024K)]
  0x000001f46e5e4490 JavaThread "Worker-JM"                         [_thread_blocked, id=1524, stack(0x000000c570300000,0x000000c570400000) (1024K)]
  0x000001f46edb1770 JavaThread "JNA Cleaner"                daemon [_thread_blocked, id=8832, stack(0x000000c570200000,0x000000c570300000) (1024K)]
  0x000001f46e3cd770 JavaThread "Worker-0"                          [_thread_blocked, id=14664, stack(0x000000c570400000,0x000000c570500000) (1024K)]
  0x000001f46e3cb6a0 JavaThread "Worker-1"                          [_thread_blocked, id=8184, stack(0x000000c570500000,0x000000c570600000) (1024K)]
  0x000001f46e3cb010 JavaThread "Java indexing"              daemon [_thread_blocked, id=28520, stack(0x000000c570600000,0x000000c570700000) (1024K)]
  0x000001f46e3cd0e0 JavaThread "Thread-1"                   daemon [_thread_in_native, id=18940, stack(0x000000c570900000,0x000000c570a00000) (1024K)]
  0x000001f46e3cde00 JavaThread "Thread-2"                   daemon [_thread_in_native, id=20768, stack(0x000000c570a00000,0x000000c570b00000) (1024K)]
  0x000001f46e3cc3c0 JavaThread "Thread-3"                   daemon [_thread_in_native, id=26484, stack(0x000000c570b00000,0x000000c570c00000) (1024K)]
  0x000001f46e3cbd30 JavaThread "Thread-4"                   daemon [_thread_in_native, id=25872, stack(0x000000c570c00000,0x000000c570d00000) (1024K)]
  0x000001f46e3cca50 JavaThread "Thread-5"                   daemon [_thread_in_native, id=28092, stack(0x000000c570d00000,0x000000c570e00000) (1024K)]
  0x000001f46ebe36e0 JavaThread "Thread-6"                   daemon [_thread_in_native, id=13344, stack(0x000000c570e00000,0x000000c570f00000) (1024K)]
  0x000001f46ebe6b60 JavaThread "Thread-7"                   daemon [_thread_in_native, id=24784, stack(0x000000c570f00000,0x000000c571000000) (1024K)]
  0x000001f46ebe71f0 JavaThread "Thread-8"                   daemon [_thread_in_native, id=9656, stack(0x000000c571000000,0x000000c571100000) (1024K)]
  0x000001f46ebe3d70 JavaThread "Thread-9"                   daemon [_thread_in_native, id=11244, stack(0x000000c571100000,0x000000c571200000) (1024K)]
  0x000001f46ebe7880 JavaThread "Worker-2"                          [_thread_blocked, id=17556, stack(0x000000c571200000,0x000000c571300000) (1024K)]
  0x000001f46ebe4400 JavaThread "Worker-3"                          [_thread_blocked, id=22616, stack(0x000000c571300000,0x000000c571400000) (1024K)]
  0x000001f46ebe7f10 JavaThread "pool-2-thread-1"                   [_thread_blocked, id=15588, stack(0x000000c571400000,0x000000c571500000) (1024K)]
  0x000001f46ebe4a90 JavaThread "Worker-4"                          [_thread_blocked, id=17684, stack(0x000000c571500000,0x000000c571600000) (1024K)]
  0x000001f46ebe85a0 JavaThread "WorkspaceEventsHandler"            [_thread_blocked, id=27352, stack(0x000000c571600000,0x000000c571700000) (1024K)]
  0x000001f46ebe5120 JavaThread "pool-1-thread-1"                   [_thread_blocked, id=24184, stack(0x000000c571700000,0x000000c571800000) (1024K)]
  0x000001f46ebe8c30 JavaThread "ForkJoinPool.commonPool-worker-1" daemon [_thread_blocked, id=17104, stack(0x000000c571900000,0x000000c571a00000) (1024K)]
  0x000001f46ebe57b0 JavaThread "ForkJoinPool.commonPool-worker-3" daemon [_thread_blocked, id=18436, stack(0x000000c571a00000,0x000000c571b00000) (1024K)]
  0x000001f46ebe92c0 JavaThread "ForkJoinPool.commonPool-worker-2" daemon [_thread_blocked, id=23272, stack(0x000000c571b00000,0x000000c571c00000) (1024K)]
  0x000001f46ebe5e40 JavaThread "ForkJoinPool.commonPool-worker-4" daemon [_thread_blocked, id=17500, stack(0x000000c571c00000,0x000000c571d00000) (1024K)]
  0x000001f46ebe64d0 JavaThread "ForkJoinPool.commonPool-worker-5" daemon [_thread_blocked, id=18676, stack(0x000000c571d00000,0x000000c571e00000) (1024K)]
  0x000001f46ebe9950 JavaThread "ForkJoinPool.commonPool-worker-6" daemon [_thread_blocked, id=4412, stack(0x000000c571e00000,0x000000c571f00000) (1024K)]
  0x000001f46ebe9fe0 JavaThread "ForkJoinPool.commonPool-worker-7" daemon [_thread_blocked, id=10316, stack(0x000000c571f00000,0x000000c572000000) (1024K)]
Total: 44

Other Threads:
  0x000001f450f63660 VMThread "VM Thread"                           [id=3760, stack(0x000000c56ea00000,0x000000c56eb00000) (1024K)]
  0x000001f450e7c950 WatcherThread "VM Periodic Task Thread"        [id=28424, stack(0x000000c56e900000,0x000000c56ea00000) (1024K)]
  0x000001f4510128c0 WorkerThread "GC Thread#0"                     [id=22400, stack(0x000000c56e800000,0x000000c56e900000) (1024K)]
  0x000001f4696d5f30 WorkerThread "GC Thread#1"                     [id=26984, stack(0x000000c56f600000,0x000000c56f700000) (1024K)]
  0x000001f4696d62d0 WorkerThread "GC Thread#2"                     [id=20104, stack(0x000000c56f700000,0x000000c56f800000) (1024K)]
  0x000001f4695cda70 WorkerThread "GC Thread#3"                     [id=13540, stack(0x000000c56f800000,0x000000c56f900000) (1024K)]
  0x000001f4695cde10 WorkerThread "GC Thread#4"                     [id=15664, stack(0x000000c56f900000,0x000000c56fa00000) (1024K)]
  0x000001f4695ce1b0 WorkerThread "GC Thread#5"                     [id=17828, stack(0x000000c56fa00000,0x000000c56fb00000) (1024K)]
  0x000001f4698777d0 WorkerThread "GC Thread#6"                     [id=24544, stack(0x000000c56fb00000,0x000000c56fc00000) (1024K)]
  0x000001f469d496b0 WorkerThread "GC Thread#7"                     [id=23844, stack(0x000000c56fd00000,0x000000c56fe00000) (1024K)]
Total: 10

Threads with active compile tasks:
C2 CompilerThread0  115775 12237 %s    4       java.util.Hashtable::putAll @ 12 (52 bytes)
Total: 1

VM state: not at safepoint (normal execution)

VM Mutex/Monitor currently owned by a thread: None

Heap address: 0x0000000080000000, size: 2048 MB, Compressed Oops mode: 32-bit

CDS archive(s) mapped at: [0x000001f400000000-0x000001f400ba0000-0x000001f400ba0000), size 12189696, SharedBaseAddress: 0x000001f400000000, ArchiveRelocationMode: 1.
Compressed class space mapped at: 0x000001f401000000-0x000001f441000000, reserved size: 1073741824
Narrow klass base: 0x000001f400000000, Narrow klass shift: 0, Narrow klass range: 0x100000000

GC Precious Log:
 CardTable entry size: 512
 CPUs: 8 total, 8 available
 Memory: 7934M
 Large Page Support: Disabled
 NUMA Support: Disabled
 Compressed Oops: Enabled (32-bit)
 Alignments: Space 512K, Generation 512K, Heap 2M
 Heap Min Capacity: 100M
 Heap Initial Capacity: 100M
 Heap Max Capacity: 2G
 Pre-touch: Disabled
 Parallel Workers: 8

Heap:
 PSYoungGen      total 18944K, used 12835K [0x00000000d5580000, 0x00000000d6c00000, 0x0000000100000000)
  eden space 18432K, 66% used [0x00000000d5580000,0x00000000d618ad18,0x00000000d6780000)
  from space 512K, 98% used [0x00000000d6980000,0x00000000d69fdfa0,0x00000000d6a00000)
  to   space 2048K, 0% used [0x00000000d6780000,0x00000000d6780000,0x00000000d6980000)
 ParOldGen       total 166912K, used 166466K [0x0000000080000000, 0x000000008a300000, 0x00000000d5580000)
  object space 166912K, 99% used [0x0000000080000000,0x000000008a290950,0x000000008a300000)
 Metaspace       used 67073K, committed 68736K, reserved 1114112K
  class space    used 7092K, committed 7808K, reserved 1048576K

Card table byte_map: [0x000001f450990000,0x000001f450da0000] _byte_map_base: 0x000001f450590000

Marking Bits: (ParMarkBitMap*) 0x00007ffcf6f22460
 Begin Bits: [0x000001f4634a0000, 0x000001f4654a0000)
 End Bits:   [0x000001f4654a0000, 0x000001f4674a0000)

Polling page: 0x000001f44ee20000

Metaspace:

Usage:
  Non-class:     58.58 MB used.
      Class:      6.93 MB used.
       Both:     65.50 MB used.

Virtual space:
  Non-class space:       64.00 MB reserved,      59.50 MB ( 93%) committed,  1 nodes.
      Class space:        1.00 GB reserved,       7.62 MB ( <1%) committed,  1 nodes.
             Both:        1.06 GB reserved,      67.12 MB (  6%) committed. 

Chunk freelists:
   Non-Class:  3.67 MB
       Class:  8.37 MB
        Both:  12.04 MB

MaxMetaspaceSize: unlimited
CompressedClassSpaceSize: 1.00 GB
Initial GC threshold: 21.00 MB
Current GC threshold: 97.31 MB
CDS: on
 - commit_granule_bytes: 65536.
 - commit_granule_words: 8192.
 - virtual_space_node_default_size: 8388608.
 - enlarge_chunks_in_place: 1.
 - use_allocation_guard: 0.


Internal statistics:

num_allocs_failed_limit: 9.
num_arena_births: 1398.
num_arena_deaths: 14.
num_vsnodes_births: 2.
num_vsnodes_deaths: 0.
num_space_committed: 1074.
num_space_uncommitted: 0.
num_chunks_returned_to_freelist: 23.
num_chunks_taken_from_freelist: 4674.
num_chunk_merges: 13.
num_chunk_splits: 2856.
num_chunks_enlarged: 1548.
num_inconsistent_stats: 0.

CodeHeap 'non-profiled nmethods': size=120000Kb used=8554Kb max_used=8554Kb free=111445Kb
 bounds [0x000001f45bcc0000, 0x000001f45c520000, 0x000001f4631f0000]
CodeHeap 'profiled nmethods': size=120000Kb used=26551Kb max_used=26551Kb free=93448Kb
 bounds [0x000001f4541f0000, 0x000001f455be0000, 0x000001f45b720000]
CodeHeap 'non-nmethods': size=5760Kb used=1459Kb max_used=1549Kb free=4300Kb
 bounds [0x000001f45b720000, 0x000001f45b990000, 0x000001f45bcc0000]
CodeCache: size=245760Kb, used=36564Kb, max_used=36654Kb, free=209193Kb
 total_blobs=12170, nmethods=11411, adapters=664, full_count=0
Compilation: enabled, stopped_count=0, restarted_count=0

Compilation events (20 events):
Event: 105.489 Thread 0x000001f46928c750 nmethod 12227 0x000001f455bda190 code [0x000001f455bda3a0, 0x000001f455bdaa60]
Event: 105.489 Thread 0x000001f46928c750 12228       3       sun.nio.ch.PendingFuture::get (65 bytes)
Event: 105.490 Thread 0x000001f46928c750 nmethod 12228 0x000001f455bdac10 code [0x000001f455bdae20, 0x000001f455bdb3b8]
Event: 105.499 Thread 0x000001f450f773a0 12229       4       org.eclipse.core.runtime.Path::removeLastSegments (85 bytes)
Event: 105.502 Thread 0x000001f46928c750 12231       1       org.eclipse.jdt.core.dom.ASTNode::getLocationInParent (5 bytes)
Event: 105.502 Thread 0x000001f46928c750 nmethod 12231 0x000001f45c519990 code [0x000001f45c519b20, 0x000001f45c519be8]
Event: 105.502 Thread 0x000001f46928c750 12232       3       java.lang.invoke.LambdaForm$MH/0x000001f401738400::invoke (42 bytes)
Event: 105.503 Thread 0x000001f46928c750 nmethod 12232 0x000001f455bdb590 code [0x000001f455bdb7e0, 0x000001f455bdc390]
Event: 105.504 Thread 0x000001f450f773a0 nmethod 12229 0x000001f45c519c90 code [0x000001f45c519e40, 0x000001f45c51a328]
Event: 105.504 Thread 0x000001f450f773a0 12230       4       org.eclipse.core.internal.resources.Resource::getFlags (13 bytes)
Event: 105.504 Thread 0x000001f46928c750 12233       3       org.eclipse.jdt.internal.compiler.lookup.SourceTypeBinding::kind (31 bytes)
Event: 105.505 Thread 0x000001f450f773a0 nmethod 12230 0x000001f45c51a590 code [0x000001f45c51a720, 0x000001f45c51a7b8]
Event: 105.506 Thread 0x000001f46928c750 nmethod 12233 0x000001f455bdc710 code [0x000001f455bdc900, 0x000001f455bdcf38]
Event: 105.509 Thread 0x000001f46928c750 12234       3       sun.nio.ch.WindowsAsynchronousFileChannelImpl::getByOverlapped (9 bytes)
Event: 105.510 Thread 0x000001f46928c750 nmethod 12234 0x000001f455bdd090 code [0x000001f455bdd240, 0x000001f455bdd388]
Event: 114.827 Thread 0x000001f46928c750 12235       3       org.eclipse.core.runtime.Path::isAbsolute (13 bytes)
Event: 114.828 Thread 0x000001f46928c750 nmethod 12235 0x000001f455bdd490 code [0x000001f455bdd640, 0x000001f455bdd7b8]
Event: 114.830 Thread 0x000001f46928c750 12236       3       org.eclipse.core.filesystem.provider.FileInfo::<init> (42 bytes)
Event: 114.830 Thread 0x000001f46928c750 nmethod 12236 0x000001f455bdd890 code [0x000001f455bdda40, 0x000001f455bddc20]
Event: 114.853 Thread 0x000001f450f773a0 12237 %s    4       java.util.Hashtable::putAll @ 12 (52 bytes)

GC Heap History (20 events):
Event: 46.767 GC heap before
{Heap before GC invocations=82 (full 3):
 PSYoungGen      total 20480K, used 20160K [0x00000000d5580000, 0x00000000d6c80000, 0x0000000100000000)
  eden space 18944K, 100% used [0x00000000d5580000,0x00000000d6800000,0x00000000d6800000)
  from space 1536K, 79% used [0x00000000d6b00000,0x00000000d6c30000,0x00000000d6c80000)
  to   space 1536K, 0% used [0x00000000d6980000,0x00000000d6980000,0x00000000d6b00000)
 ParOldGen       total 68608K, used 65818K [0x0000000080000000, 0x0000000084300000, 0x00000000d5580000)
  object space 68608K, 95% used [0x0000000080000000,0x0000000084046a10,0x0000000084300000)
 Metaspace       used 63121K, committed 64640K, reserved 1114112K
  class space    used 6726K, committed 7424K, reserved 1048576K
}
Event: 46.771 GC heap after
{Heap after GC invocations=82 (full 3):
 PSYoungGen      total 20480K, used 1536K [0x00000000d5580000, 0x00000000d6f00000, 0x0000000100000000)
  eden space 18944K, 0% used [0x00000000d5580000,0x00000000d5580000,0x00000000d6800000)
  from space 1536K, 100% used [0x00000000d6980000,0x00000000d6b00000,0x00000000d6b00000)
  to   space 3584K, 0% used [0x00000000d6b80000,0x00000000d6b80000,0x00000000d6f00000)
 ParOldGen       total 68608K, used 67378K [0x0000000080000000, 0x0000000084300000, 0x00000000d5580000)
  object space 68608K, 98% used [0x0000000080000000,0x00000000841cca10,0x0000000084300000)
 Metaspace       used 63121K, committed 64640K, reserved 1114112K
  class space    used 6726K, committed 7424K, reserved 1048576K
}
Event: 47.977 GC heap before
{Heap before GC invocations=83 (full 3):
 PSYoungGen      total 20480K, used 20480K [0x00000000d5580000, 0x00000000d6f00000, 0x0000000100000000)
  eden space 18944K, 100% used [0x00000000d5580000,0x00000000d6800000,0x00000000d6800000)
  from space 1536K, 100% used [0x00000000d6980000,0x00000000d6b00000,0x00000000d6b00000)
  to   space 3584K, 0% used [0x00000000d6b80000,0x00000000d6b80000,0x00000000d6f00000)
 ParOldGen       total 68608K, used 67378K [0x0000000080000000, 0x0000000084300000, 0x00000000d5580000)
  object space 68608K, 98% used [0x0000000080000000,0x00000000841cca10,0x0000000084300000)
 Metaspace       used 63371K, committed 64896K, reserved 1114112K
  class space    used 6727K, committed 7424K, reserved 1048576K
}
Event: 47.981 GC heap after
{Heap after GC invocations=83 (full 3):
 PSYoungGen      total 20992K, used 1696K [0x00000000d5580000, 0x00000000d6d80000, 0x0000000100000000)
  eden space 18944K, 0% used [0x00000000d5580000,0x00000000d5580000,0x00000000d6800000)
  from space 2048K, 82% used [0x00000000d6b80000,0x00000000d6d28000,0x00000000d6d80000)
  to   space 2560K, 0% used [0x00000000d6880000,0x00000000d6880000,0x00000000d6b00000)
 ParOldGen       total 68608K, used 68423K [0x0000000080000000, 0x0000000084300000, 0x00000000d5580000)
  object space 68608K, 99% used [0x0000000080000000,0x00000000842d1df0,0x0000000084300000)
 Metaspace       used 63371K, committed 64896K, reserved 1114112K
  class space    used 6727K, committed 7424K, reserved 1048576K
}
Event: 48.848 GC heap before
{Heap before GC invocations=84 (full 3):
 PSYoungGen      total 20992K, used 20640K [0x00000000d5580000, 0x00000000d6d80000, 0x0000000100000000)
  eden space 18944K, 100% used [0x00000000d5580000,0x00000000d6800000,0x00000000d6800000)
  from space 2048K, 82% used [0x00000000d6b80000,0x00000000d6d28000,0x00000000d6d80000)
  to   space 2560K, 0% used [0x00000000d6880000,0x00000000d6880000,0x00000000d6b00000)
 ParOldGen       total 68608K, used 68423K [0x0000000080000000, 0x0000000084300000, 0x00000000d5580000)
  object space 68608K, 99% used [0x0000000080000000,0x00000000842d1df0,0x0000000084300000)
 Metaspace       used 63460K, committed 65024K, reserved 1114112K
  class space    used 6728K, committed 7424K, reserved 1048576K
}
Event: 48.852 GC heap after
{Heap after GC invocations=84 (full 3):
 PSYoungGen      total 20480K, used 1440K [0x00000000d5580000, 0x00000000d6c00000, 0x0000000100000000)
  eden space 18944K, 0% used [0x00000000d5580000,0x00000000d5580000,0x00000000d6800000)
  from space 1536K, 93% used [0x00000000d6880000,0x00000000d69e8000,0x00000000d6a00000)
  to   space 2048K, 0% used [0x00000000d6a00000,0x00000000d6a00000,0x00000000d6c00000)
 ParOldGen       total 70144K, used 69644K [0x0000000080000000, 0x0000000084480000, 0x00000000d5580000)
  object space 70144K, 99% used [0x0000000080000000,0x0000000084403208,0x0000000084480000)
 Metaspace       used 63460K, committed 65024K, reserved 1114112K
  class space    used 6728K, committed 7424K, reserved 1048576K
}
Event: 51.202 GC heap before
{Heap before GC invocations=85 (full 3):
 PSYoungGen      total 20480K, used 20384K [0x00000000d5580000, 0x00000000d6c00000, 0x0000000100000000)
  eden space 18944K, 100% used [0x00000000d5580000,0x00000000d6800000,0x00000000d6800000)
  from space 1536K, 93% used [0x00000000d6880000,0x00000000d69e8000,0x00000000d6a00000)
  to   space 2048K, 0% used [0x00000000d6a00000,0x00000000d6a00000,0x00000000d6c00000)
 ParOldGen       total 70144K, used 69644K [0x0000000080000000, 0x0000000084480000, 0x00000000d5580000)
  object space 70144K, 99% used [0x0000000080000000,0x0000000084403208,0x0000000084480000)
 Metaspace       used 63954K, committed 65472K, reserved 1114112K
  class space    used 6767K, committed 7424K, reserved 1048576K
}
Event: 51.206 GC heap after
{Heap after GC invocations=85 (full 3):
 PSYoungGen      total 19968K, used 896K [0x00000000d5580000, 0x00000000d6b00000, 0x0000000100000000)
  eden space 18944K, 0% used [0x00000000d5580000,0x00000000d5580000,0x00000000d6800000)
  from space 1024K, 87% used [0x00000000d6a00000,0x00000000d6ae0020,0x00000000d6b00000)
  to   space 1536K, 0% used [0x00000000d6800000,0x00000000d6800000,0x00000000d6980000)
 ParOldGen       total 70656K, used 70372K [0x0000000080000000, 0x0000000084500000, 0x00000000d5580000)
  object space 70656K, 99% used [0x0000000080000000,0x00000000844b9208,0x0000000084500000)
 Metaspace       used 63954K, committed 65472K, reserved 1114112K
  class space    used 6767K, committed 7424K, reserved 1048576K
}
Event: 51.940 GC heap before
{Heap before GC invocations=86 (full 3):
 PSYoungGen      total 19968K, used 19837K [0x00000000d5580000, 0x00000000d6b00000, 0x0000000100000000)
  eden space 18944K, 99% used [0x00000000d5580000,0x00000000d67ff678,0x00000000d6800000)
  from space 1024K, 87% used [0x00000000d6a00000,0x00000000d6ae0020,0x00000000d6b00000)
  to   space 1536K, 0% used [0x00000000d6800000,0x00000000d6800000,0x00000000d6980000)
 ParOldGen       total 70656K, used 70372K [0x0000000080000000, 0x0000000084500000, 0x00000000d5580000)
  object space 70656K, 99% used [0x0000000080000000,0x00000000844b9208,0x0000000084500000)
 Metaspace       used 64162K, committed 65664K, reserved 1114112K
  class space    used 6786K, committed 7424K, reserved 1048576K
}
Event: 51.942 GC heap after
{Heap after GC invocations=86 (full 3):
 PSYoungGen      total 20480K, used 668K [0x00000000d5580000, 0x00000000d6a80000, 0x0000000100000000)
  eden space 18944K, 0% used [0x00000000d5580000,0x00000000d5580000,0x00000000d6800000)
  from space 1536K, 43% used [0x00000000d6800000,0x00000000d68a7230,0x00000000d6980000)
  to   space 1024K, 0% used [0x00000000d6980000,0x00000000d6980000,0x00000000d6a80000)
 ParOldGen       total 71168K, used 71033K [0x0000000080000000, 0x0000000084580000, 0x00000000d5580000)
  object space 71168K, 99% used [0x0000000080000000,0x000000008455e498,0x0000000084580000)
 Metaspace       used 64162K, committed 65664K, reserved 1114112K
  class space    used 6786K, committed 7424K, reserved 1048576K
}
Event: 52.948 GC heap before
{Heap before GC invocations=87 (full 3):
 PSYoungGen      total 20480K, used 19612K [0x00000000d5580000, 0x00000000d6a80000, 0x0000000100000000)
  eden space 18944K, 100% used [0x00000000d5580000,0x00000000d6800000,0x00000000d6800000)
  from space 1536K, 43% used [0x00000000d6800000,0x00000000d68a7230,0x00000000d6980000)
  to   space 1024K, 0% used [0x00000000d6980000,0x00000000d6980000,0x00000000d6a80000)
 ParOldGen       total 71168K, used 71033K [0x0000000080000000, 0x0000000084580000, 0x00000000d5580000)
  object space 71168K, 99% used [0x0000000080000000,0x000000008455e498,0x0000000084580000)
 Metaspace       used 65050K, committed 66560K, reserved 1114112K
  class space    used 6887K, committed 7552K, reserved 1048576K
}
Event: 52.951 GC heap after
{Heap after GC invocations=87 (full 3):
 PSYoungGen      total 19968K, used 1014K [0x00000000d5580000, 0x00000000d6b00000, 0x0000000100000000)
  eden space 18944K, 0% used [0x00000000d5580000,0x00000000d5580000,0x00000000d6800000)
  from space 1024K, 99% used [0x00000000d6980000,0x00000000d6a7db40,0x00000000d6a80000)
  to   space 1536K, 0% used [0x00000000d6800000,0x00000000d6800000,0x00000000d6980000)
 ParOldGen       total 71680K, used 71233K [0x0000000080000000, 0x0000000084600000, 0x00000000d5580000)
  object space 71680K, 99% used [0x0000000080000000,0x00000000845904b8,0x0000000084600000)
 Metaspace       used 65050K, committed 66560K, reserved 1114112K
  class space    used 6887K, committed 7552K, reserved 1048576K
}
Event: 55.435 GC heap before
{Heap before GC invocations=88 (full 3):
 PSYoungGen      total 19968K, used 19958K [0x00000000d5580000, 0x00000000d6b00000, 0x0000000100000000)
  eden space 18944K, 100% used [0x00000000d5580000,0x00000000d6800000,0x00000000d6800000)
  from space 1024K, 99% used [0x00000000d6980000,0x00000000d6a7db40,0x00000000d6a80000)
  to   space 1536K, 0% used [0x00000000d6800000,0x00000000d6800000,0x00000000d6980000)
 ParOldGen       total 71680K, used 71233K [0x0000000080000000, 0x0000000084600000, 0x00000000d5580000)
  object space 71680K, 99% used [0x0000000080000000,0x00000000845904b8,0x0000000084600000)
 Metaspace       used 65933K, committed 67520K, reserved 1114112K
  class space    used 6989K, committed 7680K, reserved 1048576K
}
Event: 55.437 GC heap after
{Heap after GC invocations=88 (full 3):
 PSYoungGen      total 20480K, used 1189K [0x00000000d5580000, 0x00000000d6b00000, 0x0000000100000000)
  eden space 18944K, 0% used [0x00000000d5580000,0x00000000d5580000,0x00000000d6800000)
  from space 1536K, 77% used [0x00000000d6800000,0x00000000d6929420,0x00000000d6980000)
  to   space 1536K, 0% used [0x00000000d6980000,0x00000000d6980000,0x00000000d6b00000)
 ParOldGen       total 72192K, used 71961K [0x0000000080000000, 0x0000000084680000, 0x00000000d5580000)
  object space 72192K, 99% used [0x0000000080000000,0x00000000846464b8,0x0000000084680000)
 Metaspace       used 65933K, committed 67520K, reserved 1114112K
  class space    used 6989K, committed 7680K, reserved 1048576K
}
Event: 56.228 GC heap before
{Heap before GC invocations=89 (full 3):
 PSYoungGen      total 20480K, used 17834K [0x00000000d5580000, 0x00000000d6b00000, 0x0000000100000000)
  eden space 18944K, 87% used [0x00000000d5580000,0x00000000d65c1580,0x00000000d6800000)
  from space 1536K, 77% used [0x00000000d6800000,0x00000000d6929420,0x00000000d6980000)
  to   space 1536K, 0% used [0x00000000d6980000,0x00000000d6980000,0x00000000d6b00000)
 ParOldGen       total 119296K, used 118041K [0x0000000080000000, 0x0000000087480000, 0x00000000d5580000)
  object space 119296K, 98% used [0x0000000080000000,0x00000000873464f8,0x0000000087480000)
 Metaspace       used 66000K, committed 67584K, reserved 1114112K
  class space    used 6998K, committed 7680K, reserved 1048576K
}
Event: 56.230 GC heap after
{Heap after GC invocations=89 (full 3):
 PSYoungGen      total 19456K, used 192K [0x00000000d5580000, 0x00000000d6a00000, 0x0000000100000000)
  eden space 18944K, 0% used [0x00000000d5580000,0x00000000d5580000,0x00000000d6800000)
  from space 512K, 37% used [0x00000000d6980000,0x00000000d69b0000,0x00000000d6a00000)
  to   space 1024K, 0% used [0x00000000d6800000,0x00000000d6800000,0x00000000d6900000)
 ParOldGen       total 119296K, used 119101K [0x0000000080000000, 0x0000000087480000, 0x00000000d5580000)
  object space 119296K, 99% used [0x0000000080000000,0x000000008744f690,0x0000000087480000)
 Metaspace       used 66000K, committed 67584K, reserved 1114112K
  class space    used 6998K, committed 7680K, reserved 1048576K
}
Event: 56.446 GC heap before
{Heap before GC invocations=90 (full 3):
 PSYoungGen      total 19456K, used 19136K [0x00000000d5580000, 0x00000000d6a00000, 0x0000000100000000)
  eden space 18944K, 100% used [0x00000000d5580000,0x00000000d6800000,0x00000000d6800000)
  from space 512K, 37% used [0x00000000d6980000,0x00000000d69b0000,0x00000000d6a00000)
  to   space 1024K, 0% used [0x00000000d6800000,0x00000000d6800000,0x00000000d6900000)
 ParOldGen       total 166400K, used 165181K [0x0000000080000000, 0x000000008a280000, 0x00000000d5580000)
  object space 166400K, 99% used [0x0000000080000000,0x000000008a14f6d0,0x000000008a280000)
 Metaspace       used 66116K, committed 67712K, reserved 1114112K
  class space    used 7003K, committed 7680K, reserved 1048576K
}
Event: 56.447 GC heap after
{Heap after GC invocations=90 (full 3):
 PSYoungGen      total 19968K, used 224K [0x00000000d5580000, 0x00000000d6a00000, 0x0000000100000000)
  eden space 18944K, 0% used [0x00000000d5580000,0x00000000d5580000,0x00000000d6800000)
  from space 1024K, 21% used [0x00000000d6800000,0x00000000d6838000,0x00000000d6900000)
  to   space 512K, 0% used [0x00000000d6980000,0x00000000d6980000,0x00000000d6a00000)
 ParOldGen       total 166400K, used 165221K [0x0000000080000000, 0x000000008a280000, 0x00000000d5580000)
  object space 166400K, 99% used [0x0000000080000000,0x000000008a1596d0,0x000000008a280000)
 Metaspace       used 66116K, committed 67712K, reserved 1114112K
  class space    used 7003K, committed 7680K, reserved 1048576K
}
Event: 57.243 GC heap before
{Heap before GC invocations=91 (full 3):
 PSYoungGen      total 19968K, used 19168K [0x00000000d5580000, 0x00000000d6a00000, 0x0000000100000000)
  eden space 18944K, 100% used [0x00000000d5580000,0x00000000d6800000,0x00000000d6800000)
  from space 1024K, 21% used [0x00000000d6800000,0x00000000d6838000,0x00000000d6900000)
  to   space 512K, 0% used [0x00000000d6980000,0x00000000d6980000,0x00000000d6a00000)
 ParOldGen       total 166400K, used 165221K [0x0000000080000000, 0x000000008a280000, 0x00000000d5580000)
  object space 166400K, 99% used [0x0000000080000000,0x000000008a1596d0,0x000000008a280000)
 Metaspace       used 66650K, committed 68288K, reserved 1114112K
  class space    used 7050K, committed 7744K, reserved 1048576K
}
Event: 57.246 GC heap after
{Heap after GC invocations=91 (full 3):
 PSYoungGen      total 18944K, used 503K [0x00000000d5580000, 0x00000000d6c00000, 0x0000000100000000)
  eden space 18432K, 0% used [0x00000000d5580000,0x00000000d5580000,0x00000000d6780000)
  from space 512K, 98% used [0x00000000d6980000,0x00000000d69fdfa0,0x00000000d6a00000)
  to   space 2048K, 0% used [0x00000000d6780000,0x00000000d6780000,0x00000000d6980000)
 ParOldGen       total 166912K, used 166466K [0x0000000080000000, 0x000000008a300000, 0x00000000d5580000)
  object space 166912K, 99% used [0x0000000080000000,0x000000008a290950,0x000000008a300000)
 Metaspace       used 66650K, committed 68288K, reserved 1114112K
  class space    used 7050K, committed 7744K, reserved 1048576K
}

Dll operation events (10 events):
Event: 0.015 Loaded shared library c:\Users\Glymin Terra Selasi\.trae\extensions\redhat.java-1.52.0-win32-x64\jre\21.0.9-win32-x86_64\bin\java.dll
Event: 0.289 Loaded shared library c:\Users\Glymin Terra Selasi\.trae\extensions\redhat.java-1.52.0-win32-x64\jre\21.0.9-win32-x86_64\bin\zip.dll
Event: 0.429 Loaded shared library C:\Users\Glymin Terra Selasi\.trae\extensions\redhat.java-1.52.0-win32-x64\jre\21.0.9-win32-x86_64\bin\instrument.dll
Event: 0.439 Loaded shared library C:\Users\Glymin Terra Selasi\.trae\extensions\redhat.java-1.52.0-win32-x64\jre\21.0.9-win32-x86_64\bin\net.dll
Event: 0.443 Loaded shared library C:\Users\Glymin Terra Selasi\.trae\extensions\redhat.java-1.52.0-win32-x64\jre\21.0.9-win32-x86_64\bin\nio.dll
Event: 0.449 Loaded shared library C:\Users\Glymin Terra Selasi\.trae\extensions\redhat.java-1.52.0-win32-x64\jre\21.0.9-win32-x86_64\bin\zip.dll
Event: 0.488 Loaded shared library C:\Users\Glymin Terra Selasi\.trae\extensions\redhat.java-1.52.0-win32-x64\jre\21.0.9-win32-x86_64\bin\jimage.dll
Event: 0.702 Loaded shared library c:\Users\Glymin Terra Selasi\.trae\extensions\redhat.java-1.52.0-win32-x64\jre\21.0.9-win32-x86_64\bin\verify.dll
Event: 3.655 Loaded shared library C:\Users\Glymin Terra Selasi\AppData\Roaming\Trae\User\globalStorage\redhat.java\1.52.0\config_win\org.eclipse.equinox.launcher\org.eclipse.equinox.launcher.win32.win32.x86_64_1.2.1500.v20260121-1430\eclipse_11919.dll
Event: 10.610 Loaded shared library C:\Users\Glymin Terra Selasi\AppData\Local\Temp\jna-2081293135\jna15265010923247542128.dll

Deoptimization events (20 events):
Event: 57.457 Thread 0x000001f46e3cd770 DEOPT PACKING pc=0x000001f4554c594a sp=0x000000c5704fe700
Event: 57.457 Thread 0x000001f46e3cd770 DEOPT UNPACKING pc=0x000001f45b7778e2 sp=0x000000c5704fdc18 mode 0
Event: 57.513 Thread 0x000001f46e3cd770 Uncommon trap: trap_request=0xffffff45 fr.pc=0x000001f45c4ab98c relative=0x00000000000003ac
Event: 57.513 Thread 0x000001f46e3cd770 Uncommon trap: reason=unstable_if action=reinterpret pc=0x000001f45c4ab98c method=org.eclipse.jdt.internal.compiler.parser.Scanner.getNextToken()Lorg/eclipse/jdt/internal/compiler/parser/TerminalToken; @ 127 c2
Event: 57.513 Thread 0x000001f46e3cd770 DEOPT PACKING pc=0x000001f45c4ab98c sp=0x000000c5704fe7e0
Event: 57.513 Thread 0x000001f46e3cd770 DEOPT UNPACKING pc=0x000001f45b776da2 sp=0x000000c5704fe778 mode 2
Event: 57.775 Thread 0x000001f46e3cd770 Uncommon trap: trap_request=0xffffff45 fr.pc=0x000001f45c4f0874 relative=0x0000000000000354
Event: 57.775 Thread 0x000001f46e3cd770 Uncommon trap: reason=unstable_if action=reinterpret pc=0x000001f45c4f0874 method=lombok.eclipse.EclipseAST.buildStatement(Lorg/eclipse/jdt/internal/compiler/ast/Statement;)Llombok/eclipse/EclipseNode; @ 10 c2
Event: 57.775 Thread 0x000001f46e3cd770 DEOPT PACKING pc=0x000001f45c4f0874 sp=0x000000c5704fd9d0
Event: 57.775 Thread 0x000001f46e3cd770 DEOPT UNPACKING pc=0x000001f45b776da2 sp=0x000000c5704fd9a0 mode 2
Event: 57.777 Thread 0x000001f46e3cd770 Uncommon trap: trap_request=0xffffff45 fr.pc=0x000001f45c3b3c14 relative=0x00000000000003b4
Event: 57.777 Thread 0x000001f46e3cd770 Uncommon trap: reason=unstable_if action=reinterpret pc=0x000001f45c3b3c14 method=java.util.IdentityHashMap.maskNull(Ljava/lang/Object;)Ljava/lang/Object; @ 1 c2
Event: 57.777 Thread 0x000001f46e3cd770 DEOPT PACKING pc=0x000001f45c3b3c14 sp=0x000000c5704fccd0
Event: 57.777 Thread 0x000001f46e3cd770 DEOPT UNPACKING pc=0x000001f45b776da2 sp=0x000000c5704fcbe8 mode 2
Event: 57.777 Thread 0x000001f46e3cd770 Uncommon trap: trap_request=0xffffff45 fr.pc=0x000001f45c304ee4 relative=0x0000000000000044
Event: 57.777 Thread 0x000001f46e3cd770 Uncommon trap: reason=unstable_if action=reinterpret pc=0x000001f45c304ee4 method=java.util.IdentityHashMap.maskNull(Ljava/lang/Object;)Ljava/lang/Object; @ 1 c2
Event: 57.777 Thread 0x000001f46e3cd770 DEOPT PACKING pc=0x000001f45c304ee4 sp=0x000000c5704fcf80
Event: 57.777 Thread 0x000001f46e3cd770 DEOPT UNPACKING pc=0x000001f45b776da2 sp=0x000000c5704fcf20 mode 2
Event: 57.785 Thread 0x000001f46e3cd770 DEOPT PACKING pc=0x000001f455b4a43c sp=0x000000c5704fe740
Event: 57.785 Thread 0x000001f46e3cd770 DEOPT UNPACKING pc=0x000001f45b7778e2 sp=0x000000c5704fdc38 mode 0

Classes loaded (20 events):
Event: 52.271 Loading class java/util/ImmutableCollections$SubList
Event: 52.271 Loading class java/util/ImmutableCollections$SubList done
Event: 52.365 Loading class java/util/zip/CheckedInputStream
Event: 52.377 Loading class java/util/zip/CheckedInputStream done
Event: 56.139 Loading class java/nio/BufferMismatch
Event: 56.166 Loading class java/nio/BufferMismatch done
Event: 56.166 Loading class java/nio/file/attribute/PosixFileAttributes
Event: 56.170 Loading class java/nio/file/attribute/PosixFileAttributes done
Event: 56.616 Loading class java/util/stream/ReferencePipeline$4
Event: 56.617 Loading class java/util/stream/ReferencePipeline$4 done
Event: 56.618 Loading class java/util/stream/Nodes$IntFixedNodeBuilder
Event: 56.621 Loading class java/util/stream/Node$Builder$OfInt
Event: 56.621 Loading class java/util/stream/Node$Builder$OfInt done
Event: 56.621 Loading class java/util/stream/Nodes$IntArrayNode
Event: 56.622 Loading class java/util/stream/Nodes$IntArrayNode done
Event: 56.622 Loading class java/util/stream/Nodes$IntFixedNodeBuilder done
Event: 56.622 Loading class java/util/stream/ReferencePipeline$4$1
Event: 56.622 Loading class java/util/stream/ReferencePipeline$4$1 done
Event: 57.025 Loading class java/lang/StringLatin1$LinesSpliterator
Event: 57.063 Loading class java/lang/StringLatin1$LinesSpliterator done

Classes unloaded (7 events):
Event: 11.239 Thread 0x000001f450f63660 Unloading class 0x000001f4011a8800 'java/lang/invoke/LambdaForm$MH+0x000001f4011a8800'
Event: 11.239 Thread 0x000001f450f63660 Unloading class 0x000001f4011a8400 'java/lang/invoke/LambdaForm$MH+0x000001f4011a8400'
Event: 11.239 Thread 0x000001f450f63660 Unloading class 0x000001f4011a8000 'java/lang/invoke/LambdaForm$MH+0x000001f4011a8000'
Event: 11.239 Thread 0x000001f450f63660 Unloading class 0x000001f4011a7c00 'java/lang/invoke/LambdaForm$MH+0x000001f4011a7c00'
Event: 11.239 Thread 0x000001f450f63660 Unloading class 0x000001f4011a7800 'java/lang/invoke/LambdaForm$BMH+0x000001f4011a7800'
Event: 11.239 Thread 0x000001f450f63660 Unloading class 0x000001f4011a7400 'java/lang/invoke/LambdaForm$DMH+0x000001f4011a7400'
Event: 11.239 Thread 0x000001f450f63660 Unloading class 0x000001f4011a6000 'java/lang/invoke/LambdaForm$DMH+0x000001f4011a6000'

Classes redefined (0 events):
No events

Internal exceptions (20 events):
Event: 52.549 Thread 0x000001f46ebe7880 Exception <a 'java/lang/NoSuchMethodError'{0x00000000d638c520}: 'java.lang.Object java.lang.invoke.Invokers$Holder.linkToTargetMethod(java.lang.Object, int, java.lang.Object, java.lang.Object, java.lang.Object)'> (0x00000000d638c520) 
thrown [s\src\hotspot\share\interpreter\linkResolver.cpp, line 773]
Event: 52.555 Thread 0x000001f46ebe7880 Exception <a 'java/lang/NoSuchMethodError'{0x00000000d63a4b68}: 'java.lang.Object java.lang.invoke.DirectMethodHandle$Holder.invokeSpecial(java.lang.Object, java.lang.Object, java.lang.Object, int, java.lang.Object, java.lang.Object, java.lang.Object)'> (0x00000000d63a4b68) 
thrown [s\src\hotspot\share\interpreter\linkResolver.cpp, line 773]
Event: 52.557 Thread 0x000001f46ebe7880 Exception <a 'java/lang/NoSuchMethodError'{0x00000000d63acaf8}: 'java.lang.Object java.lang.invoke.DirectMethodHandle$Holder.invokeStatic(java.lang.Object, java.lang.Object, int, java.lang.Object, java.lang.Object)'> (0x00000000d63acaf8) 
thrown [s\src\hotspot\share\interpreter\linkResolver.cpp, line 773]
Event: 52.558 Thread 0x000001f46ebe7880 Exception <a 'java/lang/NoSuchMethodError'{0x00000000d63b3200}: 'java.lang.Object java.lang.invoke.DirectMethodHandle$Holder.newInvokeSpecial(java.lang.Object, java.lang.Object, int)'> (0x00000000d63b3200) 
thrown [s\src\hotspot\share\interpreter\linkResolver.cpp, line 773]
Event: 52.580 Thread 0x000001f46ebe7880 Exception <a 'java/lang/NoSuchMethodError'{0x00000000d6432c98}: 'void java.lang.invoke.DirectMethodHandle$Holder.invokeStatic(java.lang.Object, int)'> (0x00000000d6432c98) 
thrown [s\src\hotspot\share\interpreter\linkResolver.cpp, line 773]
Event: 53.136 Thread 0x000001f46ebe7880 Exception <a 'java/io/FileNotFoundException'{0x00000000d58002e0}> (0x00000000d58002e0) 
thrown [s\src\hotspot\share\prims\jni.cpp, line 520]
Event: 53.136 Thread 0x000001f46ebe7880 Exception <a 'java/io/FileNotFoundException'{0x00000000d58015e8}> (0x00000000d58015e8) 
thrown [s\src\hotspot\share\prims\jni.cpp, line 520]
Event: 53.137 Thread 0x000001f46ebe7880 Exception <a 'java/io/FileNotFoundException'{0x00000000d5802650}> (0x00000000d5802650) 
thrown [s\src\hotspot\share\prims\jni.cpp, line 520]
Event: 53.152 Thread 0x000001f46ebe7880 Exception <a 'java/lang/NoSuchMethodError'{0x00000000d5862498}: 'int java.lang.invoke.DirectMethodHandle$Holder.invokeStatic(java.lang.Object, java.lang.Object, java.lang.Object, java.lang.Object, java.lang.Object, java.lang.Object)'> (0x00000000d5862498) 
thrown [s\src\hotspot\share\interpreter\linkResolver.cpp, line 773]
Event: 53.195 Thread 0x000001f46ebe7880 Implicit null exception at 0x000001f45c369315 to 0x000001f45c369914
Event: 53.764 Thread 0x000001f46ebe7880 Implicit null exception at 0x000001f45bffac53 to 0x000001f45bffb83c
Event: 56.574 Thread 0x000001f46e3cd770 Exception <a 'java/lang/NoSuchMethodError'{0x00000000d56cd050}: 'java.lang.Object java.lang.invoke.DirectMethodHandle$Holder.invokeStatic(java.lang.Object, java.lang.Object, int, java.lang.Object)'> (0x00000000d56cd050) 
thrown [s\src\hotspot\share\interpreter\linkResolver.cpp, line 773]
Event: 57.064 Thread 0x000001f46e3cd770 Exception <a 'java/lang/NoSuchMethodError'{0x00000000d60bdb10}: 'java.lang.Object java.lang.invoke.DirectMethodHandle$Holder.invokeStatic(java.lang.Object, int, java.lang.Object)'> (0x00000000d60bdb10) 
thrown [s\src\hotspot\share\interpreter\linkResolver.cpp, line 773]
Event: 57.777 Thread 0x000001f46e3cd770 Implicit null exception at 0x000001f45c3b38a3 to 0x000001f45c3b3c00
Event: 96.218 Thread 0x000001f46ebe5120 Exception <a 'java/lang/IncompatibleClassChangeError'{0x00000000d5e9a298}: Found class java.lang.Object, but interface was expected> (0x00000000d5e9a298) 
thrown [s\src\hotspot\share\interpreter\linkResolver.cpp, line 840]
Event: 96.695 Thread 0x000001f46ebe9950 Exception <a 'java/lang/NoSuchMethodError'{0x00000000d5f23de8}: 'java.lang.Object java.lang.invoke.DirectMethodHandle$Holder.invokeSpecial(java.lang.Object, java.lang.Object, java.lang.Object, java.lang.Object, int, java.lang.Object, java.lang.Object)'> (0x00000000d5f23de8) 
thrown [s\src\hotspot\share\interpreter\linkResolver.cpp, line 773]
Event: 96.794 Thread 0x000001f46ebe4a90 Exception <a 'sun/nio/fs/WindowsException'{0x00000000d5f4c828}> (0x00000000d5f4c828) 
thrown [s\src\hotspot\share\prims\jni.cpp, line 520]
Event: 96.796 Thread 0x000001f46ebe4a90 Exception <a 'sun/nio/fs/WindowsException'{0x00000000d5f4d3b0}> (0x00000000d5f4d3b0) 
thrown [s\src\hotspot\share\prims\jni.cpp, line 520]
Event: 96.820 Thread 0x000001f46ebe4a90 Exception <a 'sun/nio/fs/WindowsException'{0x00000000d5f642f8}> (0x00000000d5f642f8) 
thrown [s\src\hotspot\share\prims\jni.cpp, line 520]
Event: 96.820 Thread 0x000001f46ebe4a90 Exception <a 'sun/nio/fs/WindowsException'{0x00000000d5f64f80}> (0x00000000d5f64f80) 
thrown [s\src\hotspot\share\prims\jni.cpp, line 520]

ZGC Phase Switch (0 events):
No events

VM Operations (20 events):
Event: 57.243 Executing VM operation: ParallelGCFailedAllocation (Allocation Failure)
Event: 57.246 Executing VM operation: ParallelGCFailedAllocation (Allocation Failure) done
Event: 57.785 Executing VM operation: HandshakeAllThreads (Deoptimize)
Event: 57.785 Executing VM operation: HandshakeAllThreads (Deoptimize) done
Event: 58.798 Executing VM operation: Cleanup
Event: 58.798 Executing VM operation: Cleanup done
Event: 60.078 Executing VM operation: HandshakeAllThreads (HandshakeForDeflation)
Event: 60.078 Executing VM operation: HandshakeAllThreads (HandshakeForDeflation) done
Event: 60.078 Executing VM operation: RendezvousGCThreads
Event: 60.078 Executing VM operation: RendezvousGCThreads done
Event: 96.334 Executing VM operation: Cleanup
Event: 96.377 Executing VM operation: Cleanup done
Event: 97.392 Executing VM operation: Cleanup
Event: 97.393 Executing VM operation: Cleanup done
Event: 98.403 Executing VM operation: Cleanup
Event: 98.403 Executing VM operation: Cleanup done
Event: 105.438 Executing VM operation: Cleanup
Event: 105.438 Executing VM operation: Cleanup done
Event: 106.452 Executing VM operation: Cleanup
Event: 106.452 Executing VM operation: Cleanup done

Memory protections (0 events):
No events

Nmethod flushes (20 events):
Event: 33.045 Thread 0x000001f450f63660 flushing  nmethod 0x000001f454bc0b10
Event: 33.045 Thread 0x000001f450f63660 flushing  nmethod 0x000001f454bc2b90
Event: 33.045 Thread 0x000001f450f63660 flushing  nmethod 0x000001f454bc4010
Event: 33.045 Thread 0x000001f450f63660 flushing  nmethod 0x000001f454bc4590
Event: 33.045 Thread 0x000001f450f63660 flushing  nmethod 0x000001f454bc4990
Event: 33.045 Thread 0x000001f450f63660 flushing  nmethod 0x000001f454bc5490
Event: 33.045 Thread 0x000001f450f63660 flushing  nmethod 0x000001f454bc5a10
Event: 33.045 Thread 0x000001f450f63660 flushing  nmethod 0x000001f454bc6590
Event: 33.045 Thread 0x000001f450f63660 flushing  nmethod 0x000001f454bc6990
Event: 33.045 Thread 0x000001f450f63660 flushing  nmethod 0x000001f454bc6d10
Event: 33.045 Thread 0x000001f450f63660 flushing  nmethod 0x000001f454bc9290
Event: 33.045 Thread 0x000001f450f63660 flushing  nmethod 0x000001f454bca710
Event: 33.045 Thread 0x000001f450f63660 flushing  nmethod 0x000001f454bcc110
Event: 33.045 Thread 0x000001f450f63660 flushing  nmethod 0x000001f454bd5990
Event: 33.045 Thread 0x000001f450f63660 flushing  nmethod 0x000001f454bd5d90
Event: 33.045 Thread 0x000001f450f63660 flushing  nmethod 0x000001f454bd6390
Event: 33.045 Thread 0x000001f450f63660 flushing  nmethod 0x000001f454bd6990
Event: 33.045 Thread 0x000001f450f63660 flushing  nmethod 0x000001f454bd7f10
Event: 33.045 Thread 0x000001f450f63660 flushing  nmethod 0x000001f454bd8290
Event: 33.045 Thread 0x000001f450f63660 flushing  nmethod 0x000001f454bdac10

Events (20 events):
Event: 44.562 Thread 0x000001f46e3cd770 Thread added: 0x000001f46f41a1b0
Event: 47.005 Thread 0x000001f46928c750 Thread added: 0x000001f47024f140
Event: 47.537 Thread 0x000001f47024f140 Thread exited: 0x000001f47024f140
Event: 50.696 Thread 0x000001f46f41a840 Thread exited: 0x000001f46f41a840
Event: 50.696 Thread 0x000001f46f419b20 Thread exited: 0x000001f46f419b20
Event: 50.698 Thread 0x000001f46f418e00 Thread exited: 0x000001f46f418e00
Event: 50.698 Thread 0x000001f46f41a1b0 Thread exited: 0x000001f46f41a1b0
Event: 50.701 Thread 0x000001f46f4180e0 Thread exited: 0x000001f46f4180e0
Event: 53.203 Thread 0x000001f46ebe7880 Thread added: 0x000001f46f418770
Event: 53.203 Thread 0x000001f46ebe7880 Thread added: 0x000001f46f419b20
Event: 53.203 Thread 0x000001f46ebe7880 Thread added: 0x000001f46f41a1b0
Event: 53.203 Thread 0x000001f46ebe7880 Thread added: 0x000001f46f4180e0
Event: 53.203 Thread 0x000001f46ebe7880 Thread added: 0x000001f46f41a840
Event: 53.606 Thread 0x000001f46f418770 Thread exited: 0x000001f46f418770
Event: 53.606 Thread 0x000001f46f41a840 Thread exited: 0x000001f46f41a840
Event: 53.606 Thread 0x000001f46f4180e0 Thread exited: 0x000001f46f4180e0
Event: 53.608 Thread 0x000001f46f41a1b0 Thread exited: 0x000001f46f41a1b0
Event: 53.608 Thread 0x000001f46f419b20 Thread exited: 0x000001f46f419b20
Event: 56.688 Thread 0x000001f46928c750 Thread added: 0x000001f47024f140
Event: 62.868 Thread 0x000001f47024f140 Thread exited: 0x000001f47024f140


Dynamic libraries:
0x00007ff79a8a0000 - 0x00007ff79a8ae000 	c:\Users\Glymin Terra Selasi\.trae\extensions\redhat.java-1.52.0-win32-x64\jre\21.0.9-win32-x86_64\bin\java.exe
0x00007ffdecda0000 - 0x00007ffded008000 	C:\WINDOWS\SYSTEM32\ntdll.dll
0x00007ffdeb4e0000 - 0x00007ffdeb5a9000 	C:\WINDOWS\System32\KERNEL32.DLL
0x00007ffdea770000 - 0x00007ffdeab62000 	C:\WINDOWS\System32\KERNELBASE.dll
0x00007ffdea150000 - 0x00007ffdea29b000 	C:\WINDOWS\System32\ucrtbase.dll
0x00007ffd92310000 - 0x00007ffd92328000 	c:\Users\Glymin Terra Selasi\.trae\extensions\redhat.java-1.52.0-win32-x64\jre\21.0.9-win32-x86_64\bin\jli.dll
0x00007ffdeab70000 - 0x00007ffdead35000 	C:\WINDOWS\System32\USER32.dll
0x00007ffdea410000 - 0x00007ffdea437000 	C:\WINDOWS\System32\win32u.dll
0x00007ffdeb490000 - 0x00007ffdeb4bb000 	C:\WINDOWS\System32\GDI32.dll
0x00007ffdea640000 - 0x00007ffdea76d000 	C:\WINDOWS\System32\gdi32full.dll
0x00007ffd92330000 - 0x00007ffd9234e000 	c:\Users\Glymin Terra Selasi\.trae\extensions\redhat.java-1.52.0-win32-x64\jre\21.0.9-win32-x86_64\bin\VCRUNTIME140.dll
0x00007ffdea2a0000 - 0x00007ffdea343000 	C:\WINDOWS\System32\msvcp_win.dll
0x00007ffdd0720000 - 0x00007ffdd09b3000 	C:\WINDOWS\WinSxS\amd64_microsoft.windows.common-controls_6595b64144ccf1df_6.0.26100.6899_none_3e0efeeae32e88c1\COMCTL32.dll
0x00007ffdeb200000 - 0x00007ffdeb2a9000 	C:\WINDOWS\System32\msvcrt.dll
0x00007ffdeb0c0000 - 0x00007ffdeb0ef000 	C:\WINDOWS\System32\IMM32.DLL
0x00007ffd98250000 - 0x00007ffd9825c000 	c:\Users\Glymin Terra Selasi\.trae\extensions\redhat.java-1.52.0-win32-x64\jre\21.0.9-win32-x86_64\bin\vcruntime140_1.dll
0x00007ffcfa0a0000 - 0x00007ffcfa12d000 	c:\Users\Glymin Terra Selasi\.trae\extensions\redhat.java-1.52.0-win32-x64\jre\21.0.9-win32-x86_64\bin\msvcp140.dll
0x00007ffcf6260000 - 0x00007ffcf7000000 	c:\Users\Glymin Terra Selasi\.trae\extensions\redhat.java-1.52.0-win32-x64\jre\21.0.9-win32-x86_64\bin\server\jvm.dll
0x00007ffdeae50000 - 0x00007ffdeaf04000 	C:\WINDOWS\System32\ADVAPI32.dll
0x00007ffdebe40000 - 0x00007ffdebee6000 	C:\WINDOWS\System32\sechost.dll
0x00007ffdeaf90000 - 0x00007ffdeb0a8000 	C:\WINDOWS\System32\RPCRT4.dll
0x00007ffdeb690000 - 0x00007ffdeb704000 	C:\WINDOWS\System32\WS2_32.dll
0x00007ffde9d90000 - 0x00007ffde9dee000 	C:\WINDOWS\SYSTEM32\POWRPROF.dll
0x00007ffde2630000 - 0x00007ffde263b000 	C:\WINDOWS\SYSTEM32\VERSION.dll
0x00007ffde27c0000 - 0x00007ffde27f5000 	C:\WINDOWS\SYSTEM32\WINMM.dll
0x00007ffde9d70000 - 0x00007ffde9d84000 	C:\WINDOWS\SYSTEM32\UMPDC.dll
0x00007ffde8cd0000 - 0x00007ffde8ceb000 	C:\WINDOWS\SYSTEM32\kernel.appcore.dll
0x00007ffd92300000 - 0x00007ffd9230a000 	c:\Users\Glymin Terra Selasi\.trae\extensions\redhat.java-1.52.0-win32-x64\jre\21.0.9-win32-x86_64\bin\jimage.dll
0x00007ffde7760000 - 0x00007ffde79a2000 	C:\WINDOWS\SYSTEM32\DBGHELP.DLL
0x00007ffdeb8b0000 - 0x00007ffdebc2b000 	C:\WINDOWS\System32\combase.dll
0x00007ffdeb5b0000 - 0x00007ffdeb687000 	C:\WINDOWS\System32\OLEAUT32.dll
0x00007ffdacb40000 - 0x00007ffdacb7c000 	C:\WINDOWS\SYSTEM32\dbgcore.DLL
0x00007ffde9f30000 - 0x00007ffde9fc8000 	C:\WINDOWS\System32\bcryptPrimitives.dll
0x00007ffd922f0000 - 0x00007ffd922ff000 	c:\Users\Glymin Terra Selasi\.trae\extensions\redhat.java-1.52.0-win32-x64\jre\21.0.9-win32-x86_64\bin\instrument.dll
0x00007ffd18ea0000 - 0x00007ffd18ec0000 	c:\Users\Glymin Terra Selasi\.trae\extensions\redhat.java-1.52.0-win32-x64\jre\21.0.9-win32-x86_64\bin\java.dll
0x00007ffdec5b0000 - 0x00007ffdeccfd000 	C:\WINDOWS\System32\SHELL32.dll
0x00007ffdea440000 - 0x00007ffdea5ab000 	C:\WINDOWS\System32\wintypes.dll
0x00007ffde7b40000 - 0x00007ffde839d000 	C:\WINDOWS\SYSTEM32\windows.storage.dll
0x00007ffdeb100000 - 0x00007ffdeb1f2000 	C:\WINDOWS\System32\SHCORE.dll
0x00007ffdec430000 - 0x00007ffdec492000 	C:\WINDOWS\System32\shlwapi.dll
0x00007ffde9e50000 - 0x00007ffde9e79000 	C:\WINDOWS\SYSTEM32\profapi.dll
0x00007ffd18cf0000 - 0x00007ffd18d08000 	c:\Users\Glymin Terra Selasi\.trae\extensions\redhat.java-1.52.0-win32-x64\jre\21.0.9-win32-x86_64\bin\zip.dll
0x00007ffd75070000 - 0x00007ffd75080000 	C:\Users\Glymin Terra Selasi\.trae\extensions\redhat.java-1.52.0-win32-x64\jre\21.0.9-win32-x86_64\bin\net.dll
0x00007ffddada0000 - 0x00007ffddaebf000 	C:\WINDOWS\SYSTEM32\WINHTTP.dll
0x00007ffde9270000 - 0x00007ffde92db000 	C:\WINDOWS\system32\mswsock.dll
0x00007ffd18cd0000 - 0x00007ffd18ce6000 	C:\Users\Glymin Terra Selasi\.trae\extensions\redhat.java-1.52.0-win32-x64\jre\21.0.9-win32-x86_64\bin\nio.dll
0x00007ffd73f00000 - 0x00007ffd73f10000 	c:\Users\Glymin Terra Selasi\.trae\extensions\redhat.java-1.52.0-win32-x64\jre\21.0.9-win32-x86_64\bin\verify.dll
0x00007ffdd3400000 - 0x00007ffdd3445000 	C:\Users\Glymin Terra Selasi\AppData\Roaming\Trae\User\globalStorage\redhat.java\1.52.0\config_win\org.eclipse.equinox.launcher\org.eclipse.equinox.launcher.win32.win32.x86_64_1.2.1500.v20260121-1430\eclipse_11919.dll
0x00007ffdeb710000 - 0x00007ffdeb8a8000 	C:\WINDOWS\System32\ole32.dll
0x00007ffde9520000 - 0x00007ffde953b000 	C:\WINDOWS\SYSTEM32\CRYPTSP.dll
0x00007ffde8c30000 - 0x00007ffde8c6b000 	C:\WINDOWS\system32\rsaenh.dll
0x00007ffde9310000 - 0x00007ffde933b000 	C:\WINDOWS\SYSTEM32\USERENV.dll
0x00007ffde9e20000 - 0x00007ffde9e46000 	C:\WINDOWS\SYSTEM32\bcrypt.dll
0x00007ffde9540000 - 0x00007ffde954c000 	C:\WINDOWS\SYSTEM32\CRYPTBASE.dll
0x00007ffde8660000 - 0x00007ffde8694000 	C:\WINDOWS\SYSTEM32\IPHLPAPI.DLL
0x00007ffdeb4d0000 - 0x00007ffdeb4da000 	C:\WINDOWS\System32\NSI.dll
0x00007ffdcf690000 - 0x00007ffdcf6d9000 	C:\Users\Glymin Terra Selasi\AppData\Local\Temp\jna-2081293135\jna15265010923247542128.dll
0x00007ffdeb4c0000 - 0x00007ffdeb4c8000 	C:\WINDOWS\System32\PSAPI.DLL
0x00007ffddc290000 - 0x00007ffddc2ae000 	C:\WINDOWS\SYSTEM32\dhcpcsvc6.DLL
0x00007ffddc260000 - 0x00007ffddc283000 	C:\WINDOWS\SYSTEM32\dhcpcsvc.DLL

JVMTI agents:
c:\Users\Glymin Terra Selasi\.trae\extensions\redhat.java-1.52.0-win32-x64\lombok\lombok-1.18.39-4050.jar path:c:\Users\Glymin Terra Selasi\.trae\extensions\redhat.java-1.52.0-win32-x64\jre\21.0.9-win32-x86_64\bin\instrument.dll, loaded, initialized, instrumentlib options:none

dbghelp: loaded successfully - version: 4.0.5 - missing functions: none
symbol engine: initialized successfully - sym options: 0x614 - pdb path: .;c:\Users\Glymin Terra Selasi\.trae\extensions\redhat.java-1.52.0-win32-x64\jre\21.0.9-win32-x86_64\bin;C:\WINDOWS\SYSTEM32;C:\WINDOWS\WinSxS\amd64_microsoft.windows.common-controls_6595b64144ccf1df_6.0.26100.6899_none_3e0efeeae32e88c1;c:\Users\Glymin Terra Selasi\.trae\extensions\redhat.java-1.52.0-win32-x64\jre\21.0.9-win32-x86_64\bin\server;C:\Users\Glymin Terra Selasi\AppData\Roaming\Trae\User\globalStorage\redhat.java\1.52.0\config_win\org.eclipse.equinox.launcher\org.eclipse.equinox.launcher.win32.win32.x86_64_1.2.1500.v20260121-1430;C:\Users\Glymin Terra Selasi\AppData\Local\Temp\jna-2081293135

VM Arguments:
jvm_args: --add-modules=ALL-SYSTEM --add-opens=java.base/java.util=ALL-UNNAMED --add-opens=java.base/java.lang=ALL-UNNAMED --add-opens=java.base/sun.nio.fs=ALL-UNNAMED -Declipse.application=org.eclipse.jdt.ls.core.id1 -Dosgi.bundles.defaultStartLevel=4 -Declipse.product=org.eclipse.jdt.ls.core.product -Djava.import.generatesMetadataFilesAtProjectRoot=false -DDetectVMInstallationsJob.disabled=true -Dfile.encoding=utf8 -XX:+UseParallelGC -XX:GCTimeRatio=4 -XX:AdaptiveSizePolicyWeight=90 -Dsun.zip.disableMemoryMapping=true -Xmx2G -Xms100m -Xlog:disable -javaagent:c:\Users\Glymin Terra Selasi\.trae\extensions\redhat.java-1.52.0-win32-x64\lombok\lombok-1.18.39-4050.jar -XX:+HeapDumpOnOutOfMemoryError -XX:HeapDumpPath=c:\Users\Glymin Terra Selasi\AppData\Roaming\Trae\User\workspaceStorage\9c0f5ab83e6124a1d6631c99bd31fcfb\redhat.java -Daether.dependencyCollector.impl=bf 
java_command: c:\Users\Glymin Terra Selasi\.trae\extensions\redhat.java-1.52.0-win32-x64\server\plugins\org.eclipse.equinox.launcher_1.7.100.v20251111-0406.jar -configuration c:\Users\Glymin Terra Selasi\AppData\Roaming\Trae\User\globalStorage\redhat.java\1.52.0\config_win -data c:\Users\Glymin Terra Selasi\AppData\Roaming\Trae\User\workspaceStorage\9c0f5ab83e6124a1d6631c99bd31fcfb\redhat.java\jdt_ws --pipe=\\.\pipe\lsp-3087b8e5d4b71c21a1b42bfca393250f-sock
java_class_path (initial): c:\Users\Glymin Terra Selasi\.trae\extensions\redhat.java-1.52.0-win32-x64\server\plugins\org.eclipse.equinox.launcher_1.7.100.v20251111-0406.jar
Launcher Type: SUN_STANDARD

[Global flags]
    uintx AdaptiveSizePolicyWeight                 = 90                                        {product} {command line}
     intx CICompilerCount                          = 4                                         {product} {ergonomic}
    uintx GCTimeRatio                              = 4                                         {product} {command line}
     bool HeapDumpOnOutOfMemoryError               = true                                   {manageable} {command line}
    ccstr HeapDumpPath                             = c:\Users\Glymin Terra Selasi\AppData\Roaming\Trae\User\workspaceStorage\9c0f5ab83e6124a1d6631c99bd31fcfb\redhat.java         {manageable} {command line}
   size_t InitialHeapSize                          = 104857600                                 {product} {command line}
   size_t MaxHeapSize                              = 2147483648                                {product} {command line}
   size_t MaxNewSize                               = 715653120                                 {product} {ergonomic}
   size_t MinHeapDeltaBytes                        = 524288                                    {product} {ergonomic}
   size_t MinHeapSize                              = 104857600                                 {product} {command line}
   size_t NewSize                                  = 34603008                                  {product} {ergonomic}
    uintx NonNMethodCodeHeapSize                   = 5839372                                {pd product} {ergonomic}
    uintx NonProfiledCodeHeapSize                  = 122909434                              {pd product} {ergonomic}
   size_t OldSize                                  = 70254592                                  {product} {ergonomic}
    uintx ProfiledCodeHeapSize                     = 122909434                              {pd product} {ergonomic}
    uintx ReservedCodeCacheSize                    = 251658240                              {pd product} {ergonomic}
     bool SegmentedCodeCache                       = true                                      {product} {ergonomic}
   size_t SoftMaxHeapSize                          = 2147483648                             {manageable} {ergonomic}
     bool UseCompressedOops                        = true                           {product lp64_product} {ergonomic}
     bool UseLargePagesIndividualAllocation        = false                                  {pd product} {ergonomic}
     bool UseParallelGC                            = true                                      {product} {command line}

Logging:
Log output configuration:
 #0: stdout all=off uptime,level,tags foldmultilines=false
 #1: stderr all=off uptime,level,tags foldmultilines=false

Release file:
JAVA_VERSION="21.0.9" 
MODULES="java.base java.compiler java.datatransfer java.xml java.prefs java.desktop java.instrument java.logging java.management java.security.sasl java.naming java.rmi java.management.rmi java.net.http java.scripting java.security.jgss java.transaction.xa java.sql java.sql.rowset java.xml.crypto java.se java.smartcardio jdk.accessibility jdk.internal.jvmstat jdk.attach jdk.charsets jdk.internal.opt jdk.zipfs jdk.compiler jdk.crypto.ec jdk.crypto.cryptoki jdk.crypto.mscapi jdk.dynalink jdk.internal.ed jdk.editpad jdk.hotspot.agent jdk.httpserver jdk.internal.le jdk.internal.vm.ci jdk.internal.vm.compiler jdk.internal.vm.compiler.management jdk.jartool jdk.javadoc jdk.jcmd jdk.management jdk.management.agent jdk.jconsole jdk.jdeps jdk.jdwp.agent jdk.jdi jdk.jfr jdk.jshell jdk.jsobject jdk.jstatd jdk.localedata jdk.management.jfr jdk.naming.dns jdk.naming.rmi jdk.net jdk.nio.mapmode jdk.random jdk.sctp jdk.security.auth jdk.security.jgss jdk.unsupported jdk.unsupported.desktop jdk.xml.dom" 

Environment Variables:
JAVA_HOME=C:\Program Files\jdk-23.0.1
PATH=c:\Users\Glymin Terra Selasi\.trae\tools\trae-gopls\current;c:\Users\Glymin Terra Selasi\.trae\sdks\workspaces\9c0f5ab8\versions\node\current;c:\Users\Glymin Terra Selasi\.trae\sdks\versions\node\current;C:\Python312\Scripts\;C:\Python312\;C:\WINDOWS\system32;C:\WINDOWS;C:\WINDOWS\System32\Wbem;C:\WINDOWS\System32\WindowsPowerShell\v1.0\;C:\WINDOWS\System32\OpenSSH\;C:\Program Files\dotnet\;C:\ProgramData\chocolatey\bin;C:\Program Files (x86)\Microsoft SQL Server\160\Tools\Binn\;C:\Program Files\Microsoft SQL Server\160\Tools\Binn\;C:\Program Files\Microsoft SQL Server\Client SDK\ODBC\170\Tools\Binn\;C:\Program Files\Microsoft SQL Server\160\DTS\Binn\;C:\Program Files\php-8.3.12;C:\Program Files\php-8.3.12\php;C:\xampp\php;C:\Users\Glymin Terra Selasi\AppData\Local\Yarn\bin;C:\Program Files\PostgreSQL\15\bin;C:\Program Files\Git\cmd;C:\Program Files\jdk-23.0.1\bin;C:\Program Files\PostgreSQL\12\bin;C:\Program Files (x86)\cloudflared\;C:\Windows\System32;C:\composer;C:\Users\Glymin Terra Selasi\AppData\Roaming\npm;C:\Users\Glymin Terra Selasi\AppData\Roaming\nvm;C:\Program Files\nodejs;C:\xampp\mysql\bin;C:\Program Files\apache-maven-3.9.11\bin;C:\Python312\Scripts\;C:\Python312\;C:\WINDOWS\system32;C:\WINDOWS;C:\WINDOWS\System32\Wbem;C:\WINDOWS\System32\WindowsPowerShell\v1.0\;C:\WINDOWS\System32\OpenSSH\;C:\Program Files\dotnet\;C:\ProgramData\chocolatey\bin;C:\Program Files (x86)\Microsoft SQL Server\160\Tools\Binn\;C:\Program Files\Microsoft SQL Server\160\Tools\Binn\;C:\Program Files\Microsoft SQL Server\Client SDK\ODBC\170\Tools\Binn\;C:\Program Files\Microsoft SQL Server\160\DTS\Binn\;C:\Program Files (x86)\Microsoft SQL Server\160\DTS\Binn\;C:\Program Files\php-8.3.12;C:\Program Files\php-8.3.12\php;C:\xampp\php;C:\Users\Glymin Terra Selasi\AppData\Local\Yarn\bin;C:\Program Files\PostgreSQL\15\bin;C:\Program Files\Git\cmd;C:\Program Files\jdk-23.0.1\bin;C:\Program Files\PostgreSQL\12\bin;C:\Program Files (x86)\cloudflared\;C:\Windows\System32;C:\composer;C:\Users\Glymin Terra Selasi\AppData\Local\Microsoft\WindowsApps;C:\Users\Glymin Terra Selasi\AppData\Local\Programs\Microsoft VS Code\bin;C:\Users\Glymin Terra Sela;C:\Users\Glymin Terra Selasi\AppData\Roaming\npm;C:\Users\Glymin Terra Selasi\AppData\Roaming\nvm;C:\Program Files\nodejs;C:\Users\Glymin Terra Selasi\AppData\Local\Microsoft\WindowsApps;C:\Users\Glymin Terra Selasi\AppData\Local\Programs\Antigravity\bin;c:\Users\Glymin Terra Selasi\AppData\Local\Programs\Trae1\resources\app\bin\lib
USERNAME=Glymin Terra Selasi
OS=Windows_NT
PROCESSOR_IDENTIFIER=Intel64 Family 6 Model 140 Stepping 1, GenuineIntel
TMP=C:\Users\GLYMIN~1\AppData\Local\Temp
TEMP=C:\Users\GLYMIN~1\AppData\Local\Temp




Periodic native trim disabled

---------------  S Y S T E M  ---------------

OS:
 Windows 11 , 64 bit Build 26100 (10.0.26100.6725)
OS uptime: 0 days 3:17 hours
Hyper-V role detected

CPU: total 8 (initial active 8) (4 cores per cpu, 2 threads per core) family 6 model 140 stepping 1 microcode 0xbc, cx8, cmov, fxsr, ht, mmx, 3dnowpref, sse, sse2, sse3, ssse3, sse4.1, sse4.2, popcnt, lzcnt, tsc, tscinvbit, avx, avx2, aes, erms, clmul, bmi1, bmi2, adx, avx512f, avx512dq, avx512cd, avx512bw, avx512vl, sha, fma, vzeroupper, avx512_vpopcntdq, avx512_vpclmulqdq, avx512_vaes, avx512_vnni, clflush, clflushopt, clwb, avx512_vbmi2, avx512_vbmi, hv, rdtscp, rdpid, fsrm, gfni, avx512_bitalg, f16c, cet_ibt, cet_ss, avx512_ifma
Processor Information for the first 8 processors :
  Max Mhz: 2419, Current Mhz: 2419, Mhz Limit: 2419

Memory: 4k page, system-wide physical 7934M (233M free)
TotalPageFile size 25165M (AvailPageFile size 419M)
current process WorkingSet (physical memory assigned to process): 27M, peak: 314M
current process commit charge ("private bytes"): 448M, peak: 487M

vm_info: OpenJDK 64-Bit Server VM (21.0.9+10-LTS) for windows-amd64 JRE (21.0.9+10-LTS), built on 2025-10-21T00:00:00Z by "admin" with unknown MS VC++:1942

END.
